 ConEmuCD

 Timestamp is 5022e825 (Thu Aug 09 02:28:53 2012)

 Preferred load address is 54610000

 Start         Length     Name                   Class
 0001:00000000 0003622eH .text                   CODE
 0001:00036230 00000021H .text$yc                CODE
 0001:00036260 0000000fH .text$yd                CODE
 0002:00000000 00000470H .idata$5                DATA
 0002:00000470 00000004H .CRT$XCA                DATA
 0002:00000474 00000004H .CRT$XCU                DATA
 0002:00000478 00000004H .CRT$XCZ                DATA
 0002:0000047c 00000004H .CRT$XIA                DATA
 0002:00000480 00000008H .CRT$XIC                DATA
 0002:00000488 00000004H .CRT$XIZ                DATA
 0002:0000048c 00000004H .CRT$XPA                DATA
 0002:00000490 00000004H .CRT$XPZ                DATA
 0002:00000494 00000004H .CRT$XTA                DATA
 0002:00000498 00000004H .CRT$XTZ                DATA
 0002:000004a0 00007ff8H .rdata                  DATA
 0002:00008498 00000077H .rdata$debug            DATA
 0002:00008510 0000000cH .rdata$sxdata           DATA
 0002:0000851c 00000004H .rtc$IAA                DATA
 0002:00008520 00000004H .rtc$IZZ                DATA
 0002:00008524 00000004H .rtc$TAA                DATA
 0002:00008528 00000004H .rtc$TZZ                DATA
 0002:00008530 00000434H .xdata$x                DATA
 0002:00008964 00000064H .idata$2                DATA
 0002:000089c8 00000014H .idata$3                DATA
 0002:000089dc 00000470H .idata$4                DATA
 0002:00008e4c 000014baH .idata$6                DATA
 0002:0000a310 00000176H .edata                  DATA
 0003:00000000 00000d20H .data                   DATA
 0003:00000d20 000026c0H .bss                    DATA
 0004:00000000 00000058H .rsrc$01                DATA
 0004:00000060 000002b8H .rsrc$02                DATA

  Address         Publics by Value              Rva+Base       Lib:Object

 0000:00000000       __except_list              00000000     <absolute>
 0000:00000003       ___safe_se_handler_count   00000003     <absolute>
 0000:00000000       ___ImageBase               54610000     <linker-defined>
 0001:00000000       __chkstk                   54611000 f   chkstk.obj
 0001:00000000       __alloca_probe             54611000     chkstk.obj
 0001:00000030       ?ShutdownSrvStep@@YIXPB_WHHHH@Z 54611030 f   ConsoleMain.obj
 0001:00000050       _DllMain@12                54611050 f   ConsoleMain.obj
 0001:000003d0       ??BHWND2@@QBEPAUHWND__@@XZ 546113d0 f i ConsoleMain.obj
 0001:000003e0       ??BHWND2@@QBEKXZ           546113e0 f i ConsoleMain.obj
 0001:000003f0       ?createProcess@@YIHHPB_WPA_WPAU_SECURITY_ATTRIBUTES@@2HKPAX0PAU_STARTUPINFOW@@PAU_PROCESS_INFORMATION@@@Z 546113f0 f   ConsoleMain.obj
 0001:00000490       ?Disable@MWow64Disable@@QAEXXZ 54611490 f i ConsoleMain.obj
 0001:000004c0       ?Restore@MWow64Disable@@QAEXXZ 546114c0 f i ConsoleMain.obj
 0001:00000500       ??0MWow64Disable@@QAE@XZ   54611500 f i ConsoleMain.obj
 0001:00000580       ??1MWow64Disable@@QAE@XZ   54611580 f i ConsoleMain.obj
 0001:000005a0       ?ConsoleMain2@@YGHH@Z      546115a0 f   ConsoleMain.obj
 0001:00001be0       ?wcsrchr@@YAPA_WPA_W_W@Z   54612be0 f i ConsoleMain.obj
 0001:00001c00       ?RequestLocalServer@@YGHPAURequestLocalServerParm@@@Z 54612c00 f   ConsoleMain.obj
 0001:00001dd0       ?PrintVersion@@YIXXZ       54612dd0 f   ConsoleMain.obj
 0001:00001e10       ?PrintDebugInfo@@YIXXZ     54612e10 f   ConsoleMain.obj
 0001:00001e30       ?Help@@YIXXZ               54612e30 f   ConsoleMain.obj
 0001:00001e50       ?DosBoxHelp@@YIXXZ         54612e50 f   ConsoleMain.obj
 0001:00001e60       ?PrintExecuteError@@YIXPB_WK0@Z 54612e60 f   ConsoleMain.obj
 0001:00001fe0       ?StringCchCopyW@@YGJPA_WIPB_W@Z 54612fe0 f i ConsoleMain.obj
 0001:00002030       ?StringCchCatW@@YGJPA_WIPB_W@Z 54613030 f i ConsoleMain.obj
 0001:00002230       ?CheckUnicodeMode@@YIXXZ   54613230 f   ConsoleMain.obj
 0001:000022c0       ?RegisterConsoleFontHKLM@@YIXPB_W@Z 546132c0 f   ConsoleMain.obj
 0001:00002410       _wmemset                   54613410 f i ConsoleMain.obj
 0001:00002450       ?CheckAttachProcess@@YIHXZ 54613450 f   ConsoleMain.obj
 0001:000028b0       ?CheckUnicodeFont@@YIHXZ   546138b0 f   ConsoleMain.obj
 0001:00003390       ?ParseCommandLine@@YIHPB_W@Z 54614390 f   ConsoleMain.obj
 0001:00005bc0       ?wcschr@@YAPA_WPA_W_W@Z    54616bc0 f i ConsoleMain.obj
 0001:00005be0       _wmemcmp                   54616be0 f i ConsoleMain.obj
 0001:00005c40       ??4HWND2@@QAEAAU0@PAUHWND__@@@Z 54616c40 f i ConsoleMain.obj
 0001:00005c60       ?IsMainServerPID@@YI_NK@Z  54616c60 f   ConsoleMain.obj
 0001:00005cd0       ?ExitWaitForKey@@YIXPAGPB_WHH@Z 54616cd0 f   ConsoleMain.obj
 0001:00005f20       ?SendStartedThreadProc@@YGKPAX@Z 54616f20 f   ConsoleMain.obj
 0001:00005f60       ?SetTerminateEvent@@YIXW4SetTerminateEventPlace@@@Z 54616f60 f   ConsoleMain.obj
 0001:00005f90       ?SendStarted@@YIXXZ        54616f90 f   ConsoleMain.obj
 0001:00006710       ?DataSize@CESERVER_REQ@@QAEKXZ 54617710 f i ConsoleMain.obj
 0001:00006740       ?SendStopped@@YIPAUCESERVER_REQ@@PAU_CONSOLE_SCREEN_BUFFER_INFO@@@Z 54617740 f   ConsoleMain.obj
 0001:00006a70       ?CreateLogSizeFile@@YIXH@Z 54617a70 f   ConsoleMain.obj
 0001:00006c10       ?LogString@@YIXPBD@Z       54617c10 f   ConsoleMain.obj
 0001:00006dd0       ?StringCchCatA@@YGJPADIPBD@Z 54617dd0 f i ConsoleMain.obj
 0001:00006fb0       ?LogSize@@YIXPAU_COORD@@PBD@Z 54617fb0 f   ConsoleMain.obj
 0001:00007220       ?ProcessCountChanged@@YIXHIPAVMSectionLock@@@Z 54618220 f   ConsoleMain.obj
 0001:00007820       ?ProcessAdd@@YIHKPAVMSectionLock@@@Z 54618820 f   ConsoleMain.obj
 0001:00007940       ?ProcessRemove@@YIHKIPAVMSectionLock@@@Z 54618940 f   ConsoleMain.obj
 0001:00007a50       ?CheckProcessCount@@YIHH@Z 54618a50 f   ConsoleMain.obj
 0001:00008000       ?FontEnumProc@@YGHPAUtagENUMLOGFONTEXW@@PAUtagNEWTEXTMETRICEXW@@KJ@Z 54619000 f   ConsoleMain.obj
 0001:00008030       ?AttachDebuggingProcess@@YIHXZ 54619030 f   ConsoleMain.obj
 0001:000081d0       ??0CAdjustProcessToken@@QAE@XZ 546191d0 f i ConsoleMain.obj
 0001:00008240       ?Release@CAdjustProcessToken@@QAEXXZ 54619240 f i ConsoleMain.obj
 0001:000082e0       ??1CAdjustProcessToken@@QAE@XZ 546192e0 f i ConsoleMain.obj
 0001:00008310       ?Enable@CAdjustProcessToken@@QAAHHZZ 54619310 f i ConsoleMain.obj
 0001:00008390       ?Enable@CAdjustProcessToken@@QAEHPAPB_WH@Z 54619390 f i ConsoleMain.obj
 0001:00008510       ?DebugThread@@YGKPAX@Z     54619510 f   ConsoleMain.obj
 0001:000089a0       ?StringCchCopyNW@@YGJPA_WIPB_WI@Z 546199a0 f i ConsoleMain.obj
 0001:00008a00       ?WriteMiniDump@@YIXKPAU_EXCEPTION_RECORD@@PBD@Z 54619a00 f   ConsoleMain.obj
 0001:00008f60       ?ProcessDebugEvent@@YIXXZ  54619f60 f   ConsoleMain.obj
 0001:00009a80       ?cmd_SetSizeXXX_CmdStartedFinished@@YIHAAUCESERVER_REQ@@PAPAU1@@Z 5461aa80 f   ConsoleMain.obj
 0001:00009e40       ?cmd_Attach2Gui@@YIHAAUCESERVER_REQ@@PAPAU1@@Z 5461ae40 f   ConsoleMain.obj
 0001:00009ee0       ?cmd_FarLoaded@@YIHAAUCESERVER_REQ@@PAPAU1@@Z 5461aee0 f   ConsoleMain.obj
 0001:00009f60       ?cmd_PostConMsg@@YIHAAUCESERVER_REQ@@PAPAU1@@Z 5461af60 f   ConsoleMain.obj
 0001:0000a240       ?cmd_SaveAliases@@YIHAAUCESERVER_REQ@@PAPAU1@@Z 5461b240 f   ConsoleMain.obj
 0001:0000a310       ?cmd_GetAliases@@YIHAAUCESERVER_REQ@@PAPAU1@@Z 5461b310 f   ConsoleMain.obj
 0001:0000a3b0       ?cmd_SetDontClose@@YIHAAUCESERVER_REQ@@PAPAU1@@Z 5461b3b0 f   ConsoleMain.obj
 0001:0000a3e0       ?cmd_OnActivation@@YIHAAUCESERVER_REQ@@PAPAU1@@Z 5461b3e0 f   ConsoleMain.obj
 0001:0000a460       ?cmd_SetWindowPos@@YIHAAUCESERVER_REQ@@PAPAU1@@Z 5461b460 f   ConsoleMain.obj
 0001:0000a5a0       ?cmd_SetFocus@@YIHAAUCESERVER_REQ@@PAPAU1@@Z 5461b5a0 f   ConsoleMain.obj
 0001:0000a600       ?cmd_SetParent@@YIHAAUCESERVER_REQ@@PAPAU1@@Z 5461b600 f   ConsoleMain.obj
 0001:0000a690       ?cmd_SetWindowRgn@@YIHAAUCESERVER_REQ@@PAPAU1@@Z 5461b690 f   ConsoleMain.obj
 0001:0000a6c0       ?cmd_DetachCon@@YIHAAUCESERVER_REQ@@PAPAU1@@Z 5461b6c0 f   ConsoleMain.obj
 0001:0000a7d0       ?cmd_CmdStartStop@@YIHAAUCESERVER_REQ@@PAPAU1@@Z 5461b7d0 f   ConsoleMain.obj
 0001:0000ad00       ?cmd_SetFarPID@@YIHAAUCESERVER_REQ@@PAPAU1@@Z 5461bd00 f   ConsoleMain.obj
 0001:0000ad30       ?cmd_GuiChanged@@YIHAAUCESERVER_REQ@@PAPAU1@@Z 5461bd30 f   ConsoleMain.obj
 0001:0000ad70       ?cmd_TerminatePid@@YIHAAUCESERVER_REQ@@PAPAU1@@Z 5461bd70 f   ConsoleMain.obj
 0001:0000aec0       ?cmd_GuiAppAttached@@YIHAAUCESERVER_REQ@@PAPAU1@@Z 5461bec0 f   ConsoleMain.obj
 0001:0000b0d0       ?cmd_RegExtConsole@@YIHAAUCESERVER_REQ@@PAPAU1@@Z 5461c0d0 f   ConsoleMain.obj
 0001:0000b1f0       ??BHANDLE2@@QBEPAXXZ       5461c1f0 f i ConsoleMain.obj
 0001:0000b200       ??BHANDLE2@@QBEKXZ         5461c200 f i ConsoleMain.obj
 0001:0000b210       ?cmd_FreezeAltServer@@YIHAAUCESERVER_REQ@@PAPAU1@@Z 5461c210 f   ConsoleMain.obj
 0001:0000b2f0       ?cmd_LoadFullConsoleData@@YIHAAUCESERVER_REQ@@PAPAU1@@Z 5461c2f0 f   ConsoleMain.obj
 0001:0000b4b0       ?cmd_SetFullScreen@@YIHAAUCESERVER_REQ@@PAPAU1@@Z 5461c4b0 f   ConsoleMain.obj
 0001:0000b570       ?cmd_SetConSolors@@YIHAAUCESERVER_REQ@@PAPAU1@@Z 5461c570 f   ConsoleMain.obj
 0001:0000bc10       ?ProcessSrvCommand@@YIHAAUCESERVER_REQ@@PAPAU1@@Z 5461cc10 f   ConsoleMain.obj
 0001:0000bed0       ?MyGetConsoleScreenBufferInfo@@YIHPAXPAU_CONSOLE_SCREEN_BUFFER_INFO@@@Z 5461ced0 f   ConsoleMain.obj
 0001:0000c520       ?strpbrk@@YAPADPADPBD@Z    5461d520 f i ConsoleMain.obj
 0001:0000c540       ?SetConsoleSize@@YIHGU_COORD@@U_SMALL_RECT@@PBD@Z 5461d540 f   ConsoleMain.obj
 0001:0000cf40       ?HandlerRoutine@@YGHK@Z    5461df40 f   ConsoleMain.obj
 0001:0000d0c0       ?GetProcessCount@@YIHPAKI@Z 5461e0c0 f   ConsoleMain.obj
 0001:0000d220       ?_printf@@YIXPBDKKPB_W@Z   5461e220 f   ConsoleMain.obj
 0001:0000d280       ?_printf@@YIXPBDKPB_W@Z    5461e280 f   ConsoleMain.obj
 0001:0000d2e0       ?_printf@@YIXPBDK@Z        5461e2e0 f   ConsoleMain.obj
 0001:0000d330       ?_printf@@YIXPBD@Z         5461e330 f   ConsoleMain.obj
 0001:0000d380       ?_wprintf@@YIXPB_W@Z       5461e380 f   ConsoleMain.obj
 0001:0000d3d0       ?DisableAutoConfirmExit@@YIXH@Z 5461e3d0 f   ConsoleMain.obj
 0001:0000d400       ?CheckKeyboardLayout@@YIXXZ 5461e400 f   ConsoleMain.obj
 0001:0000d540       ?Init@?$MMap@KUAltServerInfo@@@@QAE_NI@Z 5461e540 f i ConsoleMain.obj
 0001:0000d580       ?Get@?$MMap@KUAltServerInfo@@@@QAE_NABKPAUAltServerInfo@@_N@Z 5461e580 f i ConsoleMain.obj
 0001:0000d680       ?IsPipeThread@?$PipeServer@UCESERVER_REQ@@@@QAE_NK@Z 5461e680 f i ConsoleMain.obj
 0001:0000d700       ?IsPipeThread@?$PipeServer@UMSG64@@@@QAE_NK@Z 5461e700 f i ConsoleMain.obj
 0001:0000d780       ?InitName@?$MFileMapping@UCESERVER_CONSOLE_MAPPING_HDR@@@@QAEPB_WPB_WKK@Z 5461e780 f i ConsoleMain.obj
 0001:0000d7d0       ?CloseMap@?$MFileMapping@UCESERVER_CONSOLE_MAPPING_HDR@@@@QAEXXZ 5461e7d0 f i ConsoleMain.obj
 0001:0000d840       ?Open@?$MFileMapping@UCESERVER_CONSOLE_MAPPING_HDR@@@@QAEPAUCESERVER_CONSOLE_MAPPING_HDR@@HH@Z 5461e840 f i ConsoleMain.obj
 0001:0000d860       ??0?$MFileMapping@UCESERVER_CONSOLE_MAPPING_HDR@@@@QAE@XZ 5461e860 f i ConsoleMain.obj
 0001:0000d8c0       ??1?$MFileMapping@UCESERVER_CONSOLE_MAPPING_HDR@@@@QAE@XZ 5461e8c0 f i ConsoleMain.obj
 0001:0000d8e0       ?ClosePtr@?$MFileMapping@UCESERVER_CONSOLE_MAPPING_HDR@@@@QAEXXZ 5461e8e0 f i ConsoleMain.obj
 0001:0000d910       ?InternalOpenCreate@?$MFileMapping@UCESERVER_CONSOLE_MAPPING_HDR@@@@IAEPAUCESERVER_CONSOLE_MAPPING_HDR@@HHH@Z 5461e910 f i ConsoleMain.obj
 0001:0000db00       ??$wcscpy_c@$09@@YIHAAY09_WPB_W@Z 5461eb00 f i ConsoleMain.obj
 0001:0000db30       ??$wcscpy_c@$0CAA@@@YIHAAY0CAA@_WPB_W@Z 5461eb30 f i ConsoleMain.obj
 0001:0000db60       ??$wcscat_c@$0PP@@@YIHAAY0PP@_WPB_W@Z 5461eb60 f i ConsoleMain.obj
 0001:0000db90       ??$wcscpy_c@$0CA@@@YIHAAY0CA@_WPB_W@Z 5461eb90 f i ConsoleMain.obj
 0001:0000dbc0       ??$wcscpy_c@$0EAA@@@YIHAAY0EAA@_WPB_W@Z 5461ebc0 f i ConsoleMain.obj
 0001:0000dbf0       ??$wcscpy_c@$0CAI@@@YIHAAY0CAI@_WPB_W@Z 5461ebf0 f i ConsoleMain.obj
 0001:0000dc20       ?LoadPressedMods@@YIKXZ    5461ec20 f   GuiHooks.obj
 0001:0000dd50       ?LLKeybHook@@YGJHIJ@Z      5461ed50 f   GuiHooks.obj
 0001:0000e350       ?MountVirtualHive@@YGHPB_WPAPAUHKEY__@@0PA_WHPAH@Z 5461f350 f   RegPrepare.obj
 0001:0000e820       ??0CBackupPrivileges@@QAE@XZ 5461f820 f i RegPrepare.obj
 0001:0000e850       ??1CBackupPrivileges@@QAE@XZ 5461f850 f i RegPrepare.obj
 0001:0000e880       ?BackupPrivilegesAcuire@CBackupPrivileges@@QAEHH@Z 5461f880 f i RegPrepare.obj
 0001:0000ea00       ?BackupPrivilegesRelease@CBackupPrivileges@@QAEXXZ 5461fa00 f i RegPrepare.obj
 0001:0000ea80       ??_GCAdjustProcessToken@@QAEPAXI@Z 5461fa80 f i RegPrepare.obj
 0001:0000eab0       ?UnMountVirtualHive@@YGHPB_WPA_WH@Z 5461fab0 f   RegPrepare.obj
 0001:0000ebb0       ?ComspecInit@@YIHXZ        5461fbb0 f   ConEmuCmd.obj
 0001:0000ed20       ?ComspecDone@@YIXH@Z       5461fd20 f   ConEmuCmd.obj
 0001:0000f190       ?GetAliases@@YI_NPA_WPAPA_WPAK@Z 54620190 f   ConEmuCmd.obj
 0001:0000f360       ?ServerInitFont@@YIXXZ     54620360 f   ConEmuSrv.obj
 0001:0000f6c0       ?LoadGuiSettings@@YIHAAUConEmuGuiMapping@@@Z 546206c0 f   ConEmuSrv.obj
 0001:0000f7b0       ?ReloadGuiSettings@@YIHPAUConEmuGuiMapping@@@Z 546207b0 f   ConEmuSrv.obj
 0001:0000fa90       ?AttachRootProcess@@YIHXZ  54620a90 f   ConEmuSrv.obj
 0001:00010000       ?ServerInitConsoleMode@@YIHXZ 54621000 f   ConEmuSrv.obj
 0001:000100a0       ?ServerInitCheckExisting@@YIH_N@Z 546210a0 f   ConEmuSrv.obj
 0001:000101d0       ?ServerInitConsoleSize@@YIHXZ 546211d0 f   ConEmuSrv.obj
 0001:000102d0       ?ServerInitAttach2Gui@@YIHXZ 546212d0 f   ConEmuSrv.obj
 0001:00010350       ?ServerInitGuiTab@@YIHXZ   54621350 f   ConEmuSrv.obj
 0001:00010530       ?AltServerWasStarted@@YI_NKPAX_N@Z 54621530 f   ConEmuSrv.obj
 0001:00010710       ?SetOemCpProc@@YGKPAX@Z    54621710 f   ConEmuSrv.obj
 0001:00010740       ?ServerInit@@YIHH@Z        54621740 f   ConEmuSrv.obj
 0001:000112a0       ?ServerDone@@YIXH_N@Z      546222a0 f   ConEmuSrv.obj
 0001:00011950       ?MyReadConsoleOutput@@YIHPAXPAU_CHAR_INFO@@AAU_COORD@@AAU_SMALL_RECT@@@Z 54622950 f   ConEmuSrv.obj
 0001:00011d70       ?MyWriteConsoleOutput@@YIHPAXPAU_CHAR_INFO@@AAU_COORD@@2AAU_SMALL_RECT@@@Z 54622d70 f   ConEmuSrv.obj
 0001:00011eb0       ?CmdOutputOpenMap@@YI_NAAU_CONSOLE_SCREEN_BUFFER_INFO@@AAPAUCESERVER_CONSAVE_MAPHDR@@AAPAUCESERVER_CONSAVE_MAP@@@Z 54622eb0 f   ConEmuSrv.obj
 0001:000122f0       ?CmdOutputStore@@YIX_N@Z   546232f0 f   ConEmuSrv.obj
 0001:00012470       ?CmdOutputRestore@@YIXXZ   54623470 f   ConEmuSrv.obj
 0001:00012480       ?FindConEmuByPID@@YIPAUHWND__@@XZ 54623480 f   ConEmuSrv.obj
 0001:00012640       ?CheckConEmuHwnd@@YIXXZ    54623640 f   ConEmuSrv.obj
 0001:00012770       ?TryConnect2Gui@@YI_NPAUHWND__@@AAPAU1@PAUCESERVER_REQ@@@Z 54623770 f   ConEmuSrv.obj
 0001:00012a30       ?Attach2Gui@@YIPAUHWND__@@K@Z 54623a30 f   ConEmuSrv.obj
 0001:000131d0       ?CreateMapHeader@@YIHXZ    546241d0 f   ConEmuSrv.obj
 0001:000136a0       ??_G?$MFileMapping@UCESERVER_CONSOLE_MAPPING_HDR@@@@QAEPAXI@Z 546246a0 f i ConEmuSrv.obj
 0001:000136d0       ?UpdateConsoleMapHeader@@YIXXZ 546246d0 f   ConEmuSrv.obj
 0001:000139b0       ??_G?$MFileMapping@$$CBUAnnotationHeader@@@@QAEPAXI@Z 546249b0 f i ConEmuSrv.obj
 0001:000139e0       ?CreateColorerHeader@@YIHXZ 546249e0 f   ConEmuSrv.obj
 0001:00013b70       ?CloseMapHeader@@YIXXZ     54624b70 f   ConEmuSrv.obj
 0001:00013c30       ?CorrectVisibleRect@@YIHPAU_CONSOLE_SCREEN_BUFFER_INFO@@@Z 54624c30 f   ConEmuSrv.obj
 0001:00013e60       ?ReloadFullConsoleInfo@@YIHH@Z 54624e60 f   ConEmuSrv.obj
 0001:00014ad0       ?RefreshThread@@YGKPAX@Z   54625ad0 f   ConEmuSrv.obj
 0001:000150e0       ?MySetWindowRgn@@YIHPAUCESERVER_REQ_SETWINDOWRGN@@@Z 546260e0 f   ConEmuSrv.obj
 0001:000152a0       ?Set@?$MMap@KUAltServerInfo@@@@QAE_NABKABUAltServerInfo@@@Z 546262a0 f i ConEmuSrv.obj
 0001:000153c0       ?StopPipeServer@?$PipeServer@UCESERVER_REQ@@@@QAEXXZ 546263c0 f i ConEmuSrv.obj
 0001:00015790       ?StopPipeServer@?$PipeServer@UMSG64@@@@QAEXXZ 54626790 f i ConEmuSrv.obj
 0001:00015b60       ?InitName@?$MFileMapping@UConEmuGuiMapping@@@@QAEPB_WPB_WKK@Z 54626b60 f i ConEmuSrv.obj
 0001:00015bb0       ?Open@?$MFileMapping@UConEmuGuiMapping@@@@QAEPAUConEmuGuiMapping@@HH@Z 54626bb0 f i ConEmuSrv.obj
 0001:00015bd0       ??0?$MFileMapping@UConEmuGuiMapping@@@@QAE@XZ 54626bd0 f i ConEmuSrv.obj
 0001:00015c30       ??1?$MFileMapping@UConEmuGuiMapping@@@@QAE@XZ 54626c30 f i ConEmuSrv.obj
 0001:00015c50       ?Ptr@?$MFileMapping@UCESERVER_CONSAVE_MAP@@@@QAEPAUCESERVER_CONSAVE_MAP@@XZ 54626c50 f i ConEmuSrv.obj
 0001:00015c70       ?IsValid@?$MFileMapping@UCESERVER_CONSAVE_MAP@@@@QAE_NXZ 54626c70 f i ConEmuSrv.obj
 0001:00015c90       ?InitName@?$MFileMapping@UCESERVER_CONSAVE_MAP@@@@QAEPB_WPB_WKK@Z 54626c90 f i ConEmuSrv.obj
 0001:00015ce0       ?CloseMap@?$MFileMapping@UCESERVER_CONSAVE_MAP@@@@QAEXXZ 54626ce0 f i ConEmuSrv.obj
 0001:00015d50       ?Create@?$MFileMapping@UCESERVER_CONSAVE_MAP@@@@QAEPAUCESERVER_CONSAVE_MAP@@H@Z 54626d50 f i ConEmuSrv.obj
 0001:00015d70       ??0?$MFileMapping@UCESERVER_CONSAVE_MAP@@@@QAE@XZ 54626d70 f i ConEmuSrv.obj
 0001:00015dd0       ?Ptr@?$MFileMapping@UCESERVER_CONSAVE_MAPHDR@@@@QAEPAUCESERVER_CONSAVE_MAPHDR@@XZ 54626dd0 f i ConEmuSrv.obj
 0001:00015df0       ?InitName@?$MFileMapping@UCESERVER_CONSAVE_MAPHDR@@@@QAEPB_WPB_WKK@Z 54626df0 f i ConEmuSrv.obj
 0001:00015e40       ?CloseMap@?$MFileMapping@UCESERVER_CONSAVE_MAPHDR@@@@QAEXXZ 54626e40 f i ConEmuSrv.obj
 0001:00015eb0       ?Create@?$MFileMapping@UCESERVER_CONSAVE_MAPHDR@@@@QAEPAUCESERVER_CONSAVE_MAPHDR@@H@Z 54626eb0 f i ConEmuSrv.obj
 0001:00015ed0       ??0?$MFileMapping@UCESERVER_CONSAVE_MAPHDR@@@@QAE@XZ 54626ed0 f i ConEmuSrv.obj
 0001:00015f30       ?GetTo@?$MFileMapping@$$CBUAnnotationHeader@@@@QAE_NPBUAnnotationHeader@@H@Z 54626f30 f i ConEmuSrv.obj
 0001:00015f80       ?InitName@?$MFileMapping@$$CBUAnnotationHeader@@@@QAEPB_WPB_WKK@Z 54626f80 f i ConEmuSrv.obj
 0001:00015fd0       ?Open@?$MFileMapping@$$CBUAnnotationHeader@@@@QAEPBUAnnotationHeader@@HH@Z 54626fd0 f i ConEmuSrv.obj
 0001:00015ff0       ??0?$MFileMapping@$$CBUAnnotationHeader@@@@QAE@XZ 54626ff0 f i ConEmuSrv.obj
 0001:00016050       ??1?$MFileMapping@$$CBUAnnotationHeader@@@@QAE@XZ 54627050 f i ConEmuSrv.obj
 0001:00016070       ?Ptr@?$MFileMapping@UCESERVER_CONSOLE_MAPPING_HDR@@@@QAEPAUCESERVER_CONSOLE_MAPPING_HDR@@XZ 54627070 f i ConEmuSrv.obj
 0001:00016090       ?IsValid@?$MFileMapping@UCESERVER_CONSOLE_MAPPING_HDR@@@@QAE_NXZ 54627090 f i ConEmuSrv.obj
 0001:000160b0       ?GetErrorText@?$MFileMapping@UCESERVER_CONSOLE_MAPPING_HDR@@@@QAEPB_WXZ 546270b0 f i ConEmuSrv.obj
 0001:000160d0       ?SetFrom@?$MFileMapping@UCESERVER_CONSOLE_MAPPING_HDR@@@@QAE_NPBUCESERVER_CONSOLE_MAPPING_HDR@@H@Z 546270d0 f i ConEmuSrv.obj
 0001:00016150       ?Create@?$MFileMapping@UCESERVER_CONSOLE_MAPPING_HDR@@@@QAEPAUCESERVER_CONSOLE_MAPPING_HDR@@H@Z 54627150 f i ConEmuSrv.obj
 0001:00016170       ?_Disconnect@?$PipeServer@UCESERVER_REQ@@@@IAEXPAUPipeInst@1@_N11@Z 54627170 f i ConEmuSrv.obj
 0001:00016210       ?_Disconnect@?$PipeServer@UMSG64@@@@IAEXPAUPipeInst@1@_N11@Z 54627210 f i ConEmuSrv.obj
 0001:000162b0       ?CloseMap@?$MFileMapping@UConEmuGuiMapping@@@@QAEXXZ 546272b0 f i ConEmuSrv.obj
 0001:00016320       ?InternalOpenCreate@?$MFileMapping@UConEmuGuiMapping@@@@IAEPAUConEmuGuiMapping@@HHH@Z 54627320 f i ConEmuSrv.obj
 0001:00016510       ?ClosePtr@?$MFileMapping@UCESERVER_CONSAVE_MAP@@@@QAEXXZ 54627510 f i ConEmuSrv.obj
 0001:00016540       ?InternalOpenCreate@?$MFileMapping@UCESERVER_CONSAVE_MAP@@@@IAEPAUCESERVER_CONSAVE_MAP@@HHH@Z 54627540 f i ConEmuSrv.obj
 0001:00016730       ?ClosePtr@?$MFileMapping@UCESERVER_CONSAVE_MAPHDR@@@@QAEXXZ 54627730 f i ConEmuSrv.obj
 0001:00016760       ?InternalOpenCreate@?$MFileMapping@UCESERVER_CONSAVE_MAPHDR@@@@IAEPAUCESERVER_CONSAVE_MAPHDR@@HHH@Z 54627760 f i ConEmuSrv.obj
 0001:00016950       ?IsValid@?$MFileMapping@$$CBUAnnotationHeader@@@@QAE_NXZ 54627950 f i ConEmuSrv.obj
 0001:00016970       ?CloseMap@?$MFileMapping@$$CBUAnnotationHeader@@@@QAEXXZ 54627970 f i ConEmuSrv.obj
 0001:000169e0       ?InternalOpenCreate@?$MFileMapping@$$CBUAnnotationHeader@@@@IAEPBUAnnotationHeader@@HHH@Z 546279e0 f i ConEmuSrv.obj
 0001:00016bd0       ?ClosePtr@?$MFileMapping@UConEmuGuiMapping@@@@QAEXXZ 54627bd0 f i ConEmuSrv.obj
 0001:00016c00       ?ClosePtr@?$MFileMapping@$$CBUAnnotationHeader@@@@QAEXXZ 54627c00 f i ConEmuSrv.obj
 0001:00016c30       ??$wcscpy_c@$0BAF@@@YIHAAY0BAF@_WPB_W@Z 54627c30 f i ConEmuSrv.obj
 0001:00016d40       ??$wcscpy_c@$0BAE@@@YIHAAY0BAE@_WPB_W@Z 54627d40 f i ConEmuSrv.obj
 0001:00016d70       ??$SafeDelete@V?$MFileMapping@UCESERVER_CONSAVE_MAP@@@@@@YIXAAPAV?$MFileMapping@UCESERVER_CONSAVE_MAP@@@@@Z 54627d70 f i ConEmuSrv.obj
 0001:00016dc0       ??$SafeDelete@V?$MFileMapping@UCESERVER_CONSAVE_MAPHDR@@@@@@YIXAAPAV?$MFileMapping@UCESERVER_CONSAVE_MAPHDR@@@@@Z 54627dc0 f i ConEmuSrv.obj
 0001:00016e10       ??$SafeDelete@VMSection@@@@YIXAAPAVMSection@@@Z 54627e10 f i ConEmuSrv.obj
 0001:00016e60       ??$SafeDelete@V?$MFileMapping@$$CBUAnnotationHeader@@@@@@YIXAAPAV?$MFileMapping@$$CBUAnnotationHeader@@@@@Z 54627e60 f i ConEmuSrv.obj
 0001:00016eb0       ??$wcscpy_c@$0EA@@@YIHAAY0EA@_WPB_W@Z 54627eb0 f i ConEmuSrv.obj
 0001:00016ee0       ??_G?$MFileMapping@UCESERVER_CONSAVE_MAP@@@@QAEPAXI@Z 54627ee0 f i ConEmuSrv.obj
 0001:00016f10       ??_G?$MFileMapping@UCESERVER_CONSAVE_MAPHDR@@@@QAEPAXI@Z 54627f10 f i ConEmuSrv.obj
 0001:00016f40       ??_GMSection@@QAEPAXI@Z    54627f40 f i ConEmuSrv.obj
 0001:00016f70       ??1?$MFileMapping@UCESERVER_CONSAVE_MAP@@@@QAE@XZ 54627f70 f i ConEmuSrv.obj
 0001:00016f90       ??1?$MFileMapping@UCESERVER_CONSAVE_MAPHDR@@@@QAE@XZ 54627f90 f i ConEmuSrv.obj
 0001:00016fb0       ?InjectHookDLL@@YIHU_PROCESS_INFORMATION@@PAUInjectHookFunctions@@HPB_WPAK3@Z 54627fb0 f   Injects.obj
 0001:00017540       ?GetLoadLibraryAddress@@YIIXZ 54628540 f   Injects.obj
 0001:00017610       ?GetLdrGetDllHandleByNameAddress@@YIIXZ 54628610 f   Injects.obj
 0001:000176a0       ?InjectHooks@@YIHU_PROCESS_INFORMATION@@HH@Z 546286a0 f   Injects.obj
 0001:00017e10       ??$wcscat_c@$0CAI@@@YIHAAY0CAI@_WPB_W@Z 54628e10 f i Injects.obj
 0001:00017f00       ?GetInfiltrateProc@@YIIPAPAX@Z 54628f00 f   Infiltrate.obj
 0001:00017f30       ?InfiltrateDll@@YIHPAXPB_W@Z 54628f30 f   InjectRemote.obj
 0001:000183b0       ?InjectRemote@@YIHK@Z      546293b0 f   InjectRemote.obj
 0001:00018760       ?Initialize@InQueue@@QAEHHPAX@Z 54629760 f   InQueue.obj
 0001:000187e0       ?Release@InQueue@@QAEXXZ   546297e0 f   InQueue.obj
 0001:00018810       ?WriteInputQueue@InQueue@@QAEHPBU_INPUT_RECORD@@HK@Z 54629810 f   InQueue.obj
 0001:00018940       ?IsInputQueueEmpty@InQueue@@QAEHXZ 54629940 f   InQueue.obj
 0001:00018970       ?ReadInputQueue@InQueue@@QAEHPAU_INPUT_RECORD@@PAKH@Z 54629970 f   InQueue.obj
 0001:00018a60       ?GetNumberOfBufferEvents@InQueue@@QAEHXZ 54629a60 f   InQueue.obj
 0001:00018b30       ?ProcessInputMessage@@YIHAAUMsgStr@MSG64@@AAU_INPUT_RECORD@@@Z 54629b30 f   Queue.obj
 0001:00018ce0       ?WaitConsoleReady@@YIHH@Z  54629ce0 f   Queue.obj
 0001:00018df0       ?SendConsoleEvent@@YIHPAU_INPUT_RECORD@@I@Z 54629df0 f   Queue.obj
 0001:00019080       ?InputThread@@YGKPAX@Z     5462a080 f   Queue.obj
 0001:00019160       ?InputServerStart@@YI_NXZ  5462a160 f   SrvPipes.obj
 0001:00019220       ?CmdServerStart@@YI_NXZ    5462a220 f   SrvPipes.obj
 0001:000192d0       ?DataServerStart@@YI_NXZ   5462a2d0 f   SrvPipes.obj
 0001:00019390       ?InputServerCommand@@YGHPAXPAUMSG64@@AAPAU1@AAK3J@Z 5462a390 f   SrvPipes.obj
 0001:00019460       ?CmdServerCommand@@YGHPAXPAUCESERVER_REQ@@AAPAU1@AAK3J@Z 5462a460 f   SrvPipes.obj
 0001:000194f0       ?CmdServerFree@@YGXPAUCESERVER_REQ@@J@Z 5462a4f0 f   SrvPipes.obj
 0001:00019500       ?DataServerCommand@@YGHPAXPAUCESERVER_REQ@@AAPAU1@AAK3J@Z 5462a500 f   SrvPipes.obj
 0001:00019720       ?DataServerFree@@YGXPAUCESERVER_REQ@@J@Z 5462a720 f   SrvPipes.obj
 0001:00019730       ?SetPriority@?$PipeServer@UCESERVER_REQ@@@@QAEXH@Z 5462a730 f i SrvPipes.obj
 0001:00019750       ?SetOverlapped@?$PipeServer@UCESERVER_REQ@@@@QAEX_N@Z 5462a750 f i SrvPipes.obj
 0001:00019770       ?SetLoopCommands@?$PipeServer@UCESERVER_REQ@@@@QAEX_N@Z 5462a770 f i SrvPipes.obj
 0001:00019790       ?SetDummyAnswerSize@?$PipeServer@UCESERVER_REQ@@@@QAEXH@Z 5462a790 f i SrvPipes.obj
 0001:000197b0       ?SetMaxCount@?$PipeServer@UCESERVER_REQ@@@@QAEXH@Z 5462a7b0 f i SrvPipes.obj
 0001:000197f0       ?StartPipeServer@?$PipeServer@UCESERVER_REQ@@@@QAE_NPB_WJPAU_SECURITY_ATTRIBUTES@@P6GHPAXPAUCESERVER_REQ@@AAPAU3@AAK5J@ZP6GX3J@ZP6GH2J@Z88@Z 5462a7f0 f i SrvPipes.obj
 0001:000199d0       ?BreakConnection@?$PipeServer@UCESERVER_REQ@@@@QAEXPAX@Z 5462a9d0 f i SrvPipes.obj
 0001:000199f0       ?SetPriority@?$PipeServer@UMSG64@@@@QAEXH@Z 5462a9f0 f i SrvPipes.obj
 0001:00019a10       ?SetInputOnly@?$PipeServer@UMSG64@@@@QAEX_N@Z 5462aa10 f i SrvPipes.obj
 0001:00019a30       ?SetOverlapped@?$PipeServer@UMSG64@@@@QAEX_N@Z 5462aa30 f i SrvPipes.obj
 0001:00019a50       ?SetLoopCommands@?$PipeServer@UMSG64@@@@QAEX_N@Z 5462aa50 f i SrvPipes.obj
 0001:00019a70       ?StartPipeServer@?$PipeServer@UMSG64@@@@QAE_NPB_WJPAU_SECURITY_ATTRIBUTES@@P6GHPAXPAUMSG64@@AAPAU3@AAK5J@ZP6GX3J@ZP6GH2J@Z88@Z 5462aa70 f i SrvPipes.obj
 0001:00019c40       ?DumpError@?$PipeServer@UCESERVER_REQ@@@@IAEXPAUPipeInst@1@PB_WH@Z 5462ac40 f i SrvPipes.obj
 0001:00019d30       ?StartPipeInstance@?$PipeServer@UCESERVER_REQ@@@@IAE_NPAUPipeInst@1@@Z 5462ad30 f i SrvPipes.obj
 0001:00019e40       ?DumpError@?$PipeServer@UMSG64@@@@IAEXPAUPipeInst@1@PB_WH@Z 5462ae40 f i SrvPipes.obj
 0001:00019f30       ?StartPipeInstance@?$PipeServer@UMSG64@@@@IAE_NPAUPipeInst@1@@Z 5462af30 f i SrvPipes.obj
 0001:0001a040       ?_PipeServerThread@?$PipeServer@UCESERVER_REQ@@@@KGKPAX@Z 5462b040 f i SrvPipes.obj
 0001:0001a0c0       ?_PipeServerThread@?$PipeServer@UMSG64@@@@KGKPAX@Z 5462b0c0 f i SrvPipes.obj
 0001:0001a140       ?PipeServerThread@?$PipeServer@UCESERVER_REQ@@@@IAEKPAUPipeInst@1@@Z 5462b140 f i SrvPipes.obj
 0001:0001a4f0       ?PipeServerThread@?$PipeServer@UMSG64@@@@IAEKPAUPipeInst@1@@Z 5462b4f0 f i SrvPipes.obj
 0001:0001a8a0       ?PipeServerRead@?$PipeServer@UCESERVER_REQ@@@@IAEHPAUPipeInst@1@@Z 5462b8a0 f i SrvPipes.obj
 0001:0001abf0       ?PipeServerWrite@?$PipeServer@UCESERVER_REQ@@@@IAEHPAUPipeInst@1@PBXKPAKH@Z 5462bbf0 f i SrvPipes.obj
 0001:0001ad90       ?WaitForClient@?$PipeServer@UCESERVER_REQ@@@@IAE_NPAUPipeInst@1@AAH1@Z 5462bd90 f i SrvPipes.obj
 0001:0001b170       ?WriteDummyAnswer@?$PipeServer@UCESERVER_REQ@@@@IAEHPAUPipeInst@1@@Z 5462c170 f i SrvPipes.obj
 0001:0001b1f0       ?PipeServerRead@?$PipeServer@UMSG64@@@@IAEHPAUPipeInst@1@@Z 5462c1f0 f i SrvPipes.obj
 0001:0001b540       ?PipeServerWrite@?$PipeServer@UMSG64@@@@IAEHPAUPipeInst@1@PBXKPAKH@Z 5462c540 f i SrvPipes.obj
 0001:0001b6e0       ?WaitForClient@?$PipeServer@UMSG64@@@@IAE_NPAUPipeInst@1@AAH1@Z 5462c6e0 f i SrvPipes.obj
 0001:0001bac0       ?WriteDummyAnswer@?$PipeServer@UMSG64@@@@IAEHPAUPipeInst@1@@Z 5462cac0 f i SrvPipes.obj
 0001:0001bb40       ?WaitOverlapped@?$PipeServer@UCESERVER_REQ@@@@IAEHPAUPipeInst@1@PAK@Z 5462cb40 f i SrvPipes.obj
 0001:0001bd30       ?WaitOverlapped@?$PipeServer@UMSG64@@@@IAEHPAUPipeInst@1@PAK@Z 5462cd30 f i SrvPipes.obj
 0001:0001bf20       ?BreakConnection@?$PipeServer@UMSG64@@@@QAEXPAX@Z 5462cf20 f i SrvPipes.obj
 0001:0001bf40       ?AllocRequestBuf@PipeInst@?$PipeServer@UCESERVER_REQ@@@@QAEPAUCESERVER_REQ@@K@Z 5462cf40 f i SrvPipes.obj
 0001:0001bfc0       ?AllocRequestBuf@PipeInst@?$PipeServer@UMSG64@@@@QAEPAUMSG64@@K@Z 5462cfc0 f i SrvPipes.obj
 0001:0001c120       ?GetImageSubsystem@@YI_NPB_WAAK11@Z 5462d120 f   execute.obj
 0001:0001c450       ?GetImageSubsystem@@YI_NAAK0@Z 5462d450 f   execute.obj
 0001:0001c500       ?GetImageSubsystem@@YI_NU_PROCESS_INFORMATION@@AAK1@Z 5462d500 f   execute.obj
 0001:0001c6f0       ?GetEnclosingSectionHeader@@YIPAU_IMAGE_SECTION_HEADER@@KPAUIMAGE_MAPPING@@@Z 5462d6f0 f   execute.obj
 0001:0001c780       ?GetPtrFromRVA@@YIPAXKPAUIMAGE_MAPPING@@@Z 5462d780 f   execute.obj
 0001:0001c7e0       ?FindImageSubsystem@@YI_NPB_WAAK11@Z 5462d7e0 f   execute.obj
 0001:0001d0b0       ?ModuleName@@YIPB_WPB_W@Z  5462e0b0 f   ConEmuCheck.obj
 0001:0001d190       ?ExecuteOpenPipe@@YIPAXPB_WAAY0CAI@_W0KK@Z 5462e190 f   ConEmuCheck.obj
 0001:0001d370       ?ExecutePrepareCmd@@YIXPAUCESERVER_REQ@@KI@Z 5462e370 f   ConEmuCheck.obj
 0001:0001d3c0       ?ExecutePrepareCmd@@YIXPAUCESERVER_REQ_HDR@@KI@Z 5462e3c0 f   ConEmuCheck.obj
 0001:0001d460       ?ExecuteNewCmd@@YIPAUCESERVER_REQ@@KI@Z 5462e460 f   ConEmuCheck.obj
 0001:0001d4c0       ?ExecuteNewCmd@@YIHAAPAUCESERVER_REQ@@AAKKI@Z 5462e4c0 f   ConEmuCheck.obj
 0001:0001d540       ?LoadSrvMapping@@YIHPAUHWND__@@AAUCESERVER_CONSOLE_MAPPING_HDR@@@Z 5462e540 f   ConEmuCheck.obj
 0001:0001d660       ?LoadGuiMapping@@YIHPAUHWND__@@AAUConEmuGuiMapping@@@Z 5462e660 f   ConEmuCheck.obj
 0001:0001d6a0       ?LoadGuiMapping@@YIHKAAUConEmuGuiMapping@@@Z 5462e6a0 f   ConEmuCheck.obj
 0001:0001d7c0       ?ExecuteNewCmdOnCreate@@YIPAUCESERVER_REQ@@PAUCESERVER_CONSOLE_MAPPING_HDR@@PAUHWND__@@W4CmdOnCreateType@@PB_W33PAK444HHPAX55@Z 5462e7c0 f   ConEmuCheck.obj
 0001:0001dc40       ?ExecuteGuiCmd@@YIPAUCESERVER_REQ@@PAUHWND__@@PAU1@0@Z 5462ec40 f   ConEmuCheck.obj
 0001:0001dcd0       ?ExecuteSrvCmd@@YIPAUCESERVER_REQ@@KPAU1@PAUHWND__@@HK@Z 5462ecd0 f   ConEmuCheck.obj
 0001:0001dd70       ?ExecuteHkCmd@@YIPAUCESERVER_REQ@@KPAU1@PAUHWND__@@@Z 5462ed70 f   ConEmuCheck.obj
 0001:0001de00       ?ExecuteCmd@@YIPAUCESERVER_REQ@@PB_WPAU1@KPAUHWND__@@HK@Z 5462ee00 f   ConEmuCheck.obj
 0001:0001e0b0       ?ExecuteFreeResult@@YIXAAPAUCESERVER_REQ@@@Z 5462f0b0 f   ConEmuCheck.obj
 0001:0001e0f0       ?myGetConsoleWindow@@YIPAUHWND__@@XZ 5462f0f0 f   ConEmuCheck.obj
 0001:0001e170       ?GetConEmuHWND@@YIPAUHWND__@@H@Z 5462f170 f   ConEmuCheck.obj
 0001:0001e2f0       ?SetConEmuEnvVar@@YIXPAUHWND__@@@Z 5462f2f0 f   ConEmuCheck.obj
 0001:0001e340       ?ConEmuCheck@@YIHPAPAUHWND__@@@Z 5462f340 f   ConEmuCheck.obj
 0001:0001e380       ?FindConEmuBaseDir@@YIHAAY0BAF@_W0@Z 5462f380 f   ConEmuCheck.obj
 0001:0001e8d0       ?GuiMessageBox@@YIHPAUHWND__@@PB_W1H@Z 5462f8d0 f   ConEmuCheck.obj
 0001:0001ea90       ??$wcscat_c@$0BAF@@@YIHAAY0BAF@_WPB_W@Z 5462fa90 f i ConEmuCheck.obj
 0001:0001eb80       ??$wcscpy_add@$0BAF@@@YIHPA_WAAY0BAF@_WPB_W@Z 5462fb80 f i ConEmuCheck.obj
 0001:0001ebd0       ?NextArg@@YIHPAPB_WAAY0BAF@_W0@Z 5462fbd0 f   Common.obj
 0001:0001edc0       ?NextArg@@YIHPAPBDAAY0BAF@D0@Z 5462fdc0 f   Common.obj
 0001:0001efa0       ?PackInputRecord@@YIHPBU_INPUT_RECORD@@PAUMsgStr@MSG64@@@Z 5462ffa0 f   Common.obj
 0001:0001f1b0       ?UnpackInputRecord@@YIHPBUMsgStr@MSG64@@PAU_INPUT_RECORD@@@Z 546301b0 f   Common.obj
 0001:0001f410       ?TranslateKeyPress@@YIXGK_WHPAU_INPUT_RECORD@@1@Z 54630410 f   Common.obj
 0001:0001f580       ?CommonShutdown@@YIXXZ     54630580 f   Common.obj
 0001:0001f5b0       ?HeapInitialize@@YI_NXZ    546305b0 f   Memory.obj
 0001:0001f5e0       ?HeapDeinitialize@@YIXXZ   546305e0 f   Memory.obj
 0001:0001f610       ?xf_malloc@@YAPAXI@Z       54630610 f   Memory.obj
 0001:0001f640       ?xf_calloc@@YAPAXII@Z      54630640 f   Memory.obj
 0001:0001f670       ?xf_realloc@@YAPAXPAXI@Z   54630670 f   Memory.obj
 0001:0001f6a0       ?xf_free@@YAXPAX@Z         546306a0 f   Memory.obj
 0001:0001f6d0       ?xf_validate@@YA_NPAX@Z    546306d0 f   Memory.obj
 0001:0001f700       ??2@YAPAXI@Z               54630700 f   Memory.obj
 0001:0001f720       ??_U@YAPAXI@Z              54630720 f   Memory.obj
 0001:0001f740       ??3@YAXPAX@Z               54630740 f   Memory.obj
 0001:0001f760       ??_V@YAXPAX@Z              54630760 f   Memory.obj
 0001:0001f780       ?lstrdup@@YIPADPBD@Z       54630780 f   Memory.obj
 0001:0001f7f0       ?StringCchCopyA@@YGJPADIPBD@Z 546307f0 f i Memory.obj
 0001:0001f910       ?lstrdup@@YIPA_WPB_W@Z     54630910 f   Memory.obj
 0001:0001fa60       ?NullSecurity@@YIPAU_SECURITY_ATTRIBUTES@@XZ 54630a60 f   MSecurity.obj
 0001:0001fab0       ??0MNullDesc@@QAE@XZ       54630ab0 f i MSecurity.obj
 0001:0001fb10       ?NullSecurity@MNullDesc@@QAEPAU_SECURITY_ATTRIBUTES@@XZ 54630b10 f i MSecurity.obj
 0001:0001fc10       ?LoadAdvApi@MNullDesc@@IAEHXZ 54630c10 f i MSecurity.obj
 0001:0001fe30       ?UnloadAdvApi@MNullDesc@@IAEXXZ 54630e30 f i MSecurity.obj
 0001:0001fe60       ?LocalSecurity@@YIPAU_SECURITY_ATTRIBUTES@@XZ 54630e60 f   MSecurity.obj
 0001:0001feb0       ?LocalSecurity@MNullDesc@@QAEPAU_SECURITY_ATTRIBUTES@@XZ 54630eb0 f i MSecurity.obj
 0001:000200d0       ?ShutdownSecurity@@YIXXZ   546310d0 f   MSecurity.obj
 0001:00020120       ??_GMNullDesc@@QAEPAXI@Z   54631120 f i MSecurity.obj
 0001:00020150       ??1MNullDesc@@QAE@XZ       54631150 f i MSecurity.obj
 0001:000201b0       ?msprintf@@YAPB_WPA_WIPB_WZZ 546311b0 f   MStrSafe.obj
 0001:000206c0       ?msprintf@@YAPBDPADIPBDZZ  546316c0 f   MStrSafe.obj
 0001:00020b20       ?lstrcmpni@@YIHPB_W0H@Z    54631b20 f   MStrSafe.obj
 0001:00020bc0       ??0RConStartArgs@@QAE@XZ   54631bc0 f   RConStartArgs.obj
 0001:00020c80       ??1RConStartArgs@@QAE@XZ   54631c80 f   RConStartArgs.obj
 0001:00020d30       @RtlSecureZeroMemory@8     54631d30 f i RConStartArgs.obj
 0001:00020d70       ?CheckUserToken@RConStartArgs@@QAEHPAUHWND__@@@Z 54631d70 f   RConStartArgs.obj
 0001:00020e90       ?ProcessNewConArg@RConStartArgs@@QAEHXZ 54631e90 f   RConStartArgs.obj
 0001:000218c0       ?wcsstr@@YAPA_WPA_WPB_W@Z  546328c0 f i RConStartArgs.obj
 0001:000218e0       _wmemmove                  546328e0 f i RConStartArgs.obj
 0001:00021900       ?apiSetForegroundWindow@@YIHPAUHWND__@@@Z 54632900 f   WinObjects.obj
 0001:00021920       ?apiShowWindow@@YIHPAUHWND__@@H@Z 54632920 f   WinObjects.obj
 0001:00021950       ?apiShowWindowAsync@@YIHPAUHWND__@@H@Z 54632950 f   WinObjects.obj
 0001:00021980       ?isWindow@@YIHPAUHWND__@@@Z 54632980 f   WinObjects.obj
 0001:000219f0       ?FileExists@@YIHPB_WPAK@Z  546329f0 f   WinObjects.obj
 0001:00021bd0       ?DirectoryExists@@YIHPB_W@Z 54632bd0 f   WinObjects.obj
 0001:00021cc0       ?MyCreateDirectory@@YIHPA_W@Z 54632cc0 f   WinObjects.obj
 0001:00021dd0       ?IsFilePath@@YIHPB_W@Z     54632dd0 f   WinObjects.obj
 0001:00021eb0       ?GetShortFileName@@YIHPB_WHPA_WH@Z 54632eb0 f   WinObjects.obj
 0001:000220c0       ?GetShortFileNameEx@@YIPA_WPB_WH@Z 546330c0 f   WinObjects.obj
 0001:000224d0       ?IsUserAdmin@@YIHXZ        546334d0 f   WinObjects.obj
 0001:00022590       ?GetLogonSID@@YIHPAXPAPA_W@Z 54633590 f   WinObjects.obj
 0001:000226b0       ?IsWine@@YI_NXZ            546336b0 f   WinObjects.obj
 0001:00022740       ?IsDbcs@@YI_NXZ            54633740 f   WinObjects.obj
 0001:00022760       ?IsWindows64@@YIHXZ        54633760 f   WinObjects.obj
 0001:00022800       ?GetProcessBits@@YIHKPAX@Z 54633800 f   WinObjects.obj
 0001:000228d0       ?GetProcessInfo@@YI_NKPAUtagPROCESSENTRY32W@@@Z 546338d0 f   WinObjects.obj
 0001:000229b0       ?isTerminalMode@@YI_NXZ    546339b0 f   WinObjects.obj
 0001:00022cd0       ?IsFarExe@@YI_NPB_W@Z      54633cd0 f   WinObjects.obj
 0001:00022d50       ?IsModuleValid@@YI_NPAUHINSTANCE__@@@Z 54633d50 f   WinObjects.obj
 0001:00022de0       ?CheckCallbackPtr@@YIHPAUHINSTANCE__@@IPAP6GHXZH@Z 54633de0 f   WinObjects.obj
 0001:00022ec0       ?RemoveOldComSpecC@@YIXXZ  54633ec0 f   WinObjects.obj
 0001:00022ff0       ?PointToName@@YIPB_WPB_W@Z 54633ff0 f   WinObjects.obj
 0001:00023040       ?PointToName@@YIPBDPBD@Z   54634040 f   WinObjects.obj
 0001:00023080       ?PointToExt@@YIPB_WPB_W@Z  54634080 f   WinObjects.obj
 0001:000230c0       ?Unquote@@YIPB_WPA_W@Z     546340c0 f   WinObjects.obj
 0001:00023130       ?ExpandMacroValues@@YIPA_WPB_WPAPB_WI@Z 54634130 f   WinObjects.obj
 0001:000232f0       ?ExpandEnvStr@@YIPA_WPB_W@Z 546342f0 f   WinObjects.obj
 0001:00023390       ?IsExecutable@@YIHPB_WPAPA_W@Z 54634390 f   WinObjects.obj
 0001:00023480       ?IsNeedCmd@@YIHPB_WPAPB_WPAHAAY0BAF@_WAAH44@Z 54634480 f   WinObjects.obj
 0001:00023be0       ?wcspbrk@@YAPA_WPA_WPB_W@Z 54634be0 f i WinObjects.obj
 0001:00023c00       ?SkipNonPrintable@@YIPB_WPB_W@Z 54634c00 f   WinObjects.obj
 0001:00023c60       ??0MConHandle@@QAE@PB_W@Z  54634c60 f   WinObjects.obj
 0001:00023cd0       ??1MConHandle@@QAE@XZ      54634cd0 f   WinObjects.obj
 0001:00023cf0       ?SetBufferPtr@MConHandle@@QAEXPAPAX@Z 54634cf0 f   WinObjects.obj
 0001:00023d10       ??BMConHandle@@QAEQAXXZ    54634d10 f   WinObjects.obj
 0001:00023fa0       ?strrchr@@YAPADPADH@Z      54634fa0 f i WinObjects.obj
 0001:00023fc0       ?Close@MConHandle@@QAEXXZ  54634fc0 f   WinObjects.obj
 0001:00024050       ??0MEvent@@QAE@XZ          54635050 f   WinObjects.obj
 0001:00024080       ??1MEvent@@QAE@XZ          54635080 f   WinObjects.obj
 0001:000240a0       ?Close@MEvent@@QAEXXZ      546350a0 f   WinObjects.obj
 0001:000240f0       ?InitName@MEvent@@QAEXPB_WK@Z 546350f0 f   WinObjects.obj
 0001:00024140       ?Open@MEvent@@QAEPAXXZ     54635140 f   WinObjects.obj
 0001:000241c0       ?Wait@MEvent@@QAEKKH@Z     546351c0 f   WinObjects.obj
 0001:00024220       ?GetHandle@MEvent@@QAEPAXXZ 54635220 f   WinObjects.obj
 0001:00024240       ??0MSetter@@QAE@PAH@Z      54635240 f   WinObjects.obj
 0001:000242a0       ??0MSetter@@QAE@PA_N@Z     546352a0 f   WinObjects.obj
 0001:00024300       ??0MSetter@@QAE@PAKK@Z     54635300 f   WinObjects.obj
 0001:00024360       ??1MSetter@@QAE@XZ         54635360 f   WinObjects.obj
 0001:00024380       ?Unlock@MSetter@@QAEXXZ    54635380 f   WinObjects.obj
 0001:000243f0       ??0MSection@@QAE@XZ        546353f0 f   WinObjects.obj
 0001:00024490       ??1MSection@@QAE@XZ        54635490 f   WinObjects.obj
 0001:00024510       ?Process_Lock@MSection@@IAEXXZ 54635510 f   WinObjects.obj
 0001:00024530       ?Process_Unlock@MSection@@IAEXXZ 54635530 f   WinObjects.obj
 0001:00024550       ?ThreadTerminated@MSection@@QAEXK@Z 54635550 f   WinObjects.obj
 0001:000245a0       ?AddRef@MSection@@IAEXK@Z  546355a0 f   WinObjects.obj
 0001:00024690       ?ReleaseRef@MSection@@IAEHK@Z 54635690 f   WinObjects.obj
 0001:00024760       ?WaitUnlocked@MSection@@IAEXKK@Z 54635760 f   WinObjects.obj
 0001:00024800       ?MyEnterCriticalSection@MSection@@IAE_NK@Z 54635800 f   WinObjects.obj
 0001:000249d0       ?Lock@MSection@@IAEHHK@Z   546359d0 f   WinObjects.obj
 0001:00024b20       ?Unlock@MSection@@IAEXH@Z  54635b20 f   WinObjects.obj
 0001:00024b90       ?isLockedExclusive@MSection@@QAE_NXZ 54635b90 f   WinObjects.obj
 0001:00024be0       ??0MSectionThread@@QAE@PAVMSection@@@Z 54635be0 f   WinObjects.obj
 0001:00024c10       ??1MSectionThread@@QAE@XZ  54635c10 f   WinObjects.obj
 0001:00024c40       ??0MSectionLock@@QAE@XZ    54635c40 f   WinObjects.obj
 0001:00024c70       ??1MSectionLock@@QAE@XZ    54635c70 f   WinObjects.obj
 0001:00024ca0       ?Lock@MSectionLock@@QAEHPAVMSection@@HK@Z 54635ca0 f   WinObjects.obj
 0001:00024d20       ?RelockExclusive@MSectionLock@@QAEHK@Z 54635d20 f   WinObjects.obj
 0001:00024d90       ?Unlock@MSectionLock@@QAEXXZ 54635d90 f   WinObjects.obj
 0001:00024dd0       ?isLocked@MSectionLock@@QAEHH@Z 54635dd0 f   WinObjects.obj
 0001:00024e20       ??0MFileLog@@QAE@PB_W0K@Z  54635e20 f   WinObjects.obj
 0001:00025060       ??1MFileLog@@QAE@XZ        54636060 f   WinObjects.obj
 0001:000250c0       ?CreateLogFile@MFileLog@@QAEJXZ 546360c0 f   WinObjects.obj
 0001:00025170       ?GetLogFileName@MFileLog@@QAEPB_WXZ 54636170 f   WinObjects.obj
 0001:000251b0       ?LogString@MFileLog@@QAEXPBDH0@Z 546361b0 f   WinObjects.obj
 0001:00025270       ?LogString@MFileLog@@QAEXPB_WH0@Z 54636270 f   WinObjects.obj
 0001:00025410       ??0CToolTip@@QAE@XZ        54636410 f   WinObjects.obj
 0001:00025480       ??_GCToolTip@@UAEPAXI@Z    54636480 f i WinObjects.obj
 0001:00025480       ??_ECToolTip@@UAEPAXI@Z    54636480 f i WinObjects.obj
 0001:000254b0       ??1CToolTip@@UAE@XZ        546364b0 f   WinObjects.obj
 0001:00025550       ?ShowTip@CToolTip@@QAEXPAUHWND__@@0PB_WHUtagPOINT@@PAUHINSTANCE__@@@Z 54636550 f   WinObjects.obj
 0001:00025830       ?HideTip@CToolTip@@QAEXXZ  54636830 f   WinObjects.obj
 0001:000258a0       ??0CTimer@@QAE@XZ          546368a0 f   WinObjects.obj
 0001:000258e0       ??1CTimer@@QAE@XZ          546368e0 f   WinObjects.obj
 0001:00025900       ?IsStarted@CTimer@@QAE_NXZ 54636900 f   WinObjects.obj
 0001:00025920       ?Start@CTimer@@QAEXI@Z     54636920 f   WinObjects.obj
 0001:00025980       ?Stop@CTimer@@QAEXXZ       54636980 f   WinObjects.obj
 0001:000259b0       ?Restart@CTimer@@QAEXI@Z   546369b0 f   WinObjects.obj
 0001:000259e0       ?Init@CTimer@@QAEXPAUHWND__@@II@Z 546369e0 f   WinObjects.obj
 0001:00025a10       ?ShutdownConsole@@YGXXZ    54636a10 f   WinObjects.obj
 0001:00025a60       ?SetConsoleInfo@@YIHPAUHWND__@@PAU_CONSOLE_INFO@@@Z 54636a60 f   WinObjects.obj
 0001:00025da0       ?MyGetLargestConsoleWindowSize@@YI?AU_COORD@@PAX@Z 54636da0 f   WinObjects.obj
 0001:00025e20       ?DuplicateProcessHandle@@YIPAXK@Z 54636e20 f   WinObjects.obj
 0001:00025e90       ?ChangeScreenBufferSize@@YIXAAU_CONSOLE_SCREEN_BUFFER_INFO@@FFFF@Z 54636e90 f   WinObjects.obj
 0001:00025fa0       ?GetConWindowSize@@YIHABU_CONSOLE_SCREEN_BUFFER_INFO@@HHKPAH1PAK@Z 54636fa0 f   WinObjects.obj
 0001:000260f0       ?GetConsoleSizeInfo@@YIXPAU_CONSOLE_INFO@@@Z 546370f0 f   WinObjects.obj
 0001:000261a0       ?apiGetConsoleScreenBufferInfoEx@@YIHPAXPAUMY_CONSOLE_SCREEN_BUFFER_INFOEX@@@Z 546371a0 f   WinObjects.obj
 0001:00026210       ?apiSetConsoleScreenBufferInfoEx@@YIHPAXPAUMY_CONSOLE_SCREEN_BUFFER_INFOEX@@@Z 54637210 f   WinObjects.obj
 0001:000262a0       ?apiGetConsoleFontSize@@YIHPAXAAH1AAY0CA@_W@Z 546372a0 f   WinObjects.obj
 0001:00026340       ?apiSetConsoleFontSize@@YIHPAXHHPB_W@Z 54637340 f   WinObjects.obj
 0001:000263f0       ?apiFixFontSizeForBufferSize@@YIHPAXU_COORD@@@Z 546373f0 f   WinObjects.obj
 0001:000268d0       ?SetConsoleFontSizeTo@@YIXPAUHWND__@@HHPB_WGG@Z 546378d0 f   WinObjects.obj
 0001:00026c60       ?EvaluateDefaultFontWidth@@YIHHPB_W@Z 54637c60 f   WinObjects.obj
 0001:00026da0       ?SetUserFriendlyFont@@YIXPAUHWND__@@@Z 54637da0 f   WinObjects.obj
 0001:00027250       ?CorrectConsolePos@@YIXPAUHWND__@@@Z 54638250 f   WinObjects.obj
 0001:000273a0       ?EmergencyShow@@YIXPAUHWND__@@@Z 546383a0 f   WinObjects.obj
 0001:00027450       ?FindComspec@@YIXPAUConEmuComspec@@@Z 54638450 f   WinObjects.obj
 0001:00027d80       ?UpdateComspec@@YIXPAUConEmuComspec@@@Z 54638d80 f   WinObjects.obj
 0001:00028010       ?SetEnvVarExpanded@@YIXPB_W0@Z 54639010 f   WinObjects.obj
 0001:00028110       ?GetComspecFromEnvVar@@YIPB_WPA_WKW4ComSpecBits@@@Z 54639110 f   WinObjects.obj
 0001:000282d0       ?GetComspec@@YIPA_WPBUConEmuComspec@@@Z 546392d0 f   WinObjects.obj
 0001:00028500       ??$wcscat_c@$0BAE@@@YIHAAY0BAE@_WPB_W@Z 54639500 f i WinObjects.obj
 0001:00028530       ??$wcscpy_add@$0CAA@@@YIHHAAY0CAA@_WPB_W@Z 54639530 f i WinObjects.obj
 0001:00028580       _memset                    54639580 f   libCRT:memset.obj
 0001:000285c0       _wcsrchr                   546395c0 f   libCRT:strrchr.obj
 0001:000285f0       _memcmp                    546395f0 f   libCRT:memcmp.obj
 0001:00028630       _wcsstr                    54639630 f   libCRT:strstr.obj
 0001:00028690       _wcschr                    54639690 f   libCRT:strchr.obj
 0001:000286c0       _iswdigit                  546396c0 f i libCRT:strtol.obj
 0001:000286e0       _iswspace                  546396e0 f i libCRT:strtol.obj
 0001:000288a0       _wcstol                    546398a0 f   libCRT:strtol.obj
 0001:000288c0       _wcstoul                   546398c0 f   libCRT:strtol.obj
 0001:000288e0       _wcsncmp                   546398e0 f   libCRT:strncmp.obj
 0001:00028930       _memmove                   54639930 f   libCRT:memmove.obj
 0001:00028990       _strpbrk                   54639990 f   libCRT:strpbrk.obj
 0001:00028a20       _wcspbrk                   54639a20 f   libCRT:strpbrk.obj
 0001:00028a70       _memcpy                    54639a70 f   libCRT:memcpy.obj
 0001:00028aa0       _strchr                    54639aa0 f   libCRT:strchr.obj
 0001:00028ac0       _strrchr                   54639ac0 f   libCRT:strrchr.obj
 0001:00028ae2       _GetStdHandle@4            54639ae2 f   kernel32:KERNEL32.dll
 0001:00028ae8       _GetModuleFileNameW@12     54639ae8 f   kernel32:KERNEL32.dll
 0001:00028aee       _GetCurrentProcessId@0     54639aee f   kernel32:KERNEL32.dll
 0001:00028af4       _GetLastError@0            54639af4 f   kernel32:KERNEL32.dll
 0001:00028afa       _CreateProcessW@40         54639afa f   kernel32:KERNEL32.dll
 0001:00028b00       _SetLastError@4            54639b00 f   kernel32:KERNEL32.dll
 0001:00028b06       _GetProcAddress@8          54639b06 f   kernel32:KERNEL32.dll
 0001:00028b0c       _GetModuleHandleW@4        54639b0c f   kernel32:KERNEL32.dll
 0001:00028b12       _lstrlenW@4                54639b12 f   kernel32:KERNEL32.dll
 0001:00028b18       _SetConsoleTitleW@4        54639b18 f   kernel32:KERNEL32.dll
 0001:00028b1e       _CloseHandle@4             54639b1e f   kernel32:KERNEL32.dll
 0001:00028b24       _GetExitCodeProcess@8      54639b24 f   kernel32:KERNEL32.dll
 0001:00028b2a       _GetTickCount@0            54639b2a f   kernel32:KERNEL32.dll
 0001:00028b30       _ResumeThread@4            54639b30 f   kernel32:KERNEL32.dll
 0001:00028b36       _SetEvent@4                54639b36 f   kernel32:KERNEL32.dll
 0001:00028b3c       _SetCurrentDirectoryW@4    54639b3c f   kernel32:KERNEL32.dll
 0001:00028b42       _SearchPathW@24            54639b42 f   kernel32:KERNEL32.dll
 0001:00028b48       _ResetEvent@4              54639b48 f   kernel32:KERNEL32.dll
 0001:00028b4e       _WaitForSingleObject@8     54639b4e f   kernel32:KERNEL32.dll
 0001:00028b54       _GetCurrentProcess@0       54639b54 f   kernel32:KERNEL32.dll
 0001:00028b5a       _lstrcpynW@12              54639b5a f   kernel32:KERNEL32.dll
 0001:00028b60       _GetCommandLineW@0         54639b60 f   kernel32:KERNEL32.dll
 0001:00028b66       _CreateEventW@16           54639b66 f   kernel32:KERNEL32.dll
 0001:00028b6c       _GetCurrentThreadId@0      54639b6c f   kernel32:KERNEL32.dll
 0001:00028b72       _GetVersionExW@4           54639b72 f   kernel32:KERNEL32.dll
 0001:00028b78       _GetStartupInfoW@4         54639b78 f   kernel32:KERNEL32.dll
 0001:00028b7e       _SetConsoleMode@8          54639b7e f   kernel32:KERNEL32.dll
 0001:00028b84       _GetConsoleScreenBufferInfo@8 54639b84 f   kernel32:KERNEL32.dll
 0001:00028b8a       _GetCurrentDirectoryW@8    54639b8a f   kernel32:KERNEL32.dll
 0001:00028b90       _LocalFree@4               54639b90 f   kernel32:KERNEL32.dll
 0001:00028b96       _FormatMessageW@28         54639b96 f   kernel32:KERNEL32.dll
 0001:00028b9c       _LocalAlloc@8              54639b9c f   kernel32:KERNEL32.dll
 0001:00028ba2       _lstrcmpiW@8               54639ba2 f   kernel32:KERNEL32.dll
 0001:00028ba8       _GetEnvironmentVariableW@12 54639ba8 f   kernel32:KERNEL32.dll
 0001:00028bae       _ReadConsoleOutputW@20     54639bae f   kernel32:KERNEL32.dll
 0001:00028bb4       _ReadConsoleOutputAttribute@20 54639bb4 f   kernel32:KERNEL32.dll
 0001:00028bba       _ReadConsoleOutputCharacterW@20 54639bba f   kernel32:KERNEL32.dll
 0001:00028bc0       _WriteConsoleOutputCharacterW@20 54639bc0 f   kernel32:KERNEL32.dll
 0001:00028bc6       _GetCPInfoExW@12           54639bc6 f   kernel32:KERNEL32.dll
 0001:00028bcc       _GetConsoleOutputCP@0      54639bcc f   kernel32:KERNEL32.dll
 0001:00028bd2       _GetConsoleCP@0            54639bd2 f   kernel32:KERNEL32.dll
 0001:00028bd8       _GetACP@0                  54639bd8 f   kernel32:KERNEL32.dll
 0001:00028bde       _GetOEMCP@0                54639bde f   kernel32:KERNEL32.dll
 0001:00028be4       _WriteConsoleW@20          54639be4 f   kernel32:KERNEL32.dll
 0001:00028bea       _GetConsoleTitleW@8        54639bea f   kernel32:KERNEL32.dll
 0001:00028bf0       _lstrcatW@8                54639bf0 f   kernel32:KERNEL32.dll
 0001:00028bf6       _GetWindowsDirectoryW@8    54639bf6 f   kernel32:KERNEL32.dll
 0001:00028bfc       _lstrlenA@4                54639bfc f   kernel32:KERNEL32.dll
 0001:00028c02       _GetExitCodeThread@8       54639c02 f   kernel32:KERNEL32.dll
 0001:00028c08       _WaitForMultipleObjects@16 54639c08 f   kernel32:KERNEL32.dll
 0001:00028c0e       _CreateThread@24           54639c0e f   kernel32:KERNEL32.dll
 0001:00028c14       _SetConsoleScreenBufferSize@8 54639c14 f   kernel32:KERNEL32.dll
 0001:00028c1a       _lstrcpyW@8                54639c1a f   kernel32:KERNEL32.dll
 0001:00028c20       _SetConsoleTextAttribute@8 54639c20 f   kernel32:KERNEL32.dll
 0001:00028c26       _FreeConsole@0             54639c26 f   kernel32:KERNEL32.dll
 0001:00028c2c       _Sleep@4                   54639c2c f   kernel32:KERNEL32.dll
 0001:00028c32       _ReadConsoleInputW@16      54639c32 f   kernel32:KERNEL32.dll
 0001:00028c38       _PeekConsoleInputW@16      54639c38 f   kernel32:KERNEL32.dll
 0001:00028c3e       _FlushConsoleInputBuffer@4 54639c3e f   kernel32:KERNEL32.dll
 0001:00028c44       _TerminateThread@8         54639c44 f   kernel32:KERNEL32.dll
 0001:00028c4a       _WriteFile@20              54639c4a f   kernel32:KERNEL32.dll
 0001:00028c50       _GetCommandLineA@0         54639c50 f   kernel32:KERNEL32.dll
 0001:00028c56       _CreateFileW@28            54639c56 f   kernel32:KERNEL32.dll
 0001:00028c5c       _FlushFileBuffers@4        54639c5c f   kernel32:KERNEL32.dll
 0001:00028c62       _lstrcpynA@12              54639c62 f   kernel32:KERNEL32.dll
 0001:00028c68       _GetLocalTime@4            54639c68 f   kernel32:KERNEL32.dll
 0001:00028c6e       _Process32NextW@8          54639c6e f   kernel32:KERNEL32.dll
 0001:00028c74       _Process32FirstW@8         54639c74 f   kernel32:KERNEL32.dll
 0001:00028c7a       _CreateToolhelp32Snapshot@8 54639c7a f   kernel32:KERNEL32.dll
 0001:00028c80       _OpenProcess@12            54639c80 f   kernel32:KERNEL32.dll
 0001:00028c86       _DebugActiveProcess@4      54639c86 f   kernel32:KERNEL32.dll
 0001:00028c8c       _FreeLibrary@4             54639c8c f   kernel32:KERNEL32.dll
 0001:00028c92       _LoadLibraryW@4            54639c92 f   kernel32:KERNEL32.dll
 0001:00028c98       _ContinueDebugEvent@12     54639c98 f   kernel32:KERNEL32.dll
 0001:00028c9e       _MultiByteToWideChar@24    54639c9e f   kernel32:KERNEL32.dll
 0001:00028ca4       _ReadProcessMemory@20      54639ca4 f   kernel32:KERNEL32.dll
 0001:00028caa       _lstrcatA@8                54639caa f   kernel32:KERNEL32.dll
 0001:00028cb0       _WideCharToMultiByte@32    54639cb0 f   kernel32:KERNEL32.dll
 0001:00028cb6       _lstrcpyA@8                54639cb6 f   kernel32:KERNEL32.dll
 0001:00028cbc       _GetFullPathNameW@16       54639cbc f   kernel32:KERNEL32.dll
 0001:00028cc2       _WaitForDebugEvent@8       54639cc2 f   kernel32:KERNEL32.dll
 0001:00028cc8       _WriteConsoleInputW@16     54639cc8 f   kernel32:KERNEL32.dll
 0001:00028cce       _TerminateProcess@8        54639cce f   kernel32:KERNEL32.dll
 0001:00028cd4       _FillConsoleOutputAttribute@20 54639cd4 f   kernel32:KERNEL32.dll
 0001:00028cda       _ReadConsoleOutputCharacterA@20 54639cda f   kernel32:KERNEL32.dll
 0001:00028ce0       _GetConsoleDisplayMode@4   54639ce0 f   kernel32:KERNEL32.dll
 0001:00028ce6       _SetConsoleWindowInfo@12   54639ce6 f   kernel32:KERNEL32.dll
 0001:00028cec       _ExitThread@4              54639cec f   kernel32:KERNEL32.dll
 0001:00028cf2       _WriteConsoleA@20          54639cf2 f   kernel32:KERNEL32.dll
 0001:00028cf8       _lstrcmpW@8                54639cf8 f   kernel32:KERNEL32.dll
 0001:00028cfe       _UnmapViewOfFile@4         54639cfe f   kernel32:KERNEL32.dll
 0001:00028d04       _MapViewOfFile@20          54639d04 f   kernel32:KERNEL32.dll
 0001:00028d0a       _OpenFileMappingW@12       54639d0a f   kernel32:KERNEL32.dll
 0001:00028d10       _CreateFileMappingW@24     54639d10 f   kernel32:KERNEL32.dll
 0001:00028d16       _OpenEventW@12             54639d16 f   kernel32:KERNEL32.dll
 0001:00028d1c       _AddConsoleAliasW@12       54639d1c f   kernel32:KERNEL32.dll
 0001:00028d22       _GetConsoleAliasesA@12     54639d22 f   kernel32:KERNEL32.dll
 0001:00028d28       _GetConsoleAliasesLengthA@4 54639d28 f   kernel32:KERNEL32.dll
 0001:00028d2e       _GetConsoleAliasesW@12     54639d2e f   kernel32:KERNEL32.dll
 0001:00028d34       _GetConsoleAliasesLengthW@4 54639d34 f   kernel32:KERNEL32.dll
 0001:00028d3a       _SetEnvironmentVariableW@8 54639d3a f   kernel32:KERNEL32.dll
 0001:00028d40       _GetConsoleMode@8          54639d40 f   kernel32:KERNEL32.dll
 0001:00028d46       _CallNamedPipeW@28         54639d46 f   kernel32:KERNEL32.dll
 0001:00028d4c       _SetConsoleOutputCP@4      54639d4c f   kernel32:KERNEL32.dll
 0001:00028d52       _SetConsoleCP@4            54639d52 f   kernel32:KERNEL32.dll
 0001:00028d58       _SetThreadPriority@8       54639d58 f   kernel32:KERNEL32.dll
 0001:00028d5e       _WriteConsoleOutputW@20    54639d5e f   kernel32:KERNEL32.dll
 0001:00028d64       _DuplicateHandle@28        54639d64 f   kernel32:KERNEL32.dll
 0001:00028d6a       _GetConsoleCursorInfo@8    54639d6a f   kernel32:KERNEL32.dll
 0001:00028d70       _DisconnectNamedPipe@4     54639d70 f   kernel32:KERNEL32.dll
 0001:00028d76       _SetThreadContext@8        54639d76 f   kernel32:KERNEL32.dll
 0001:00028d7c       _FlushInstructionCache@12  54639d7c f   kernel32:KERNEL32.dll
 0001:00028d82       _WriteProcessMemory@20     54639d82 f   kernel32:KERNEL32.dll
 0001:00028d88       _VirtualAllocEx@20         54639d88 f   kernel32:KERNEL32.dll
 0001:00028d8e       _GetThreadContext@8        54639d8e f   kernel32:KERNEL32.dll
 0001:00028d94       _VirtualFreeEx@16          54639d94 f   kernel32:KERNEL32.dll
 0001:00028d9a       _GetNumberOfConsoleInputEvents@8 54639d9a f   kernel32:KERNEL32.dll
 0001:00028da0       _CreateSemaphoreW@16       54639da0 f   kernel32:KERNEL32.dll
 0001:00028da6       _GetCurrentThread@0        54639da6 f   kernel32:KERNEL32.dll
 0001:00028dac       _ReadFile@20               54639dac f   kernel32:KERNEL32.dll
 0001:00028db2       _GetOverlappedResult@16    54639db2 f   kernel32:KERNEL32.dll
 0001:00028db8       _ConnectNamedPipe@8        54639db8 f   kernel32:KERNEL32.dll
 0001:00028dbe       _ReleaseSemaphore@12       54639dbe f   kernel32:KERNEL32.dll
 0001:00028dc4       _CreateNamedPipeW@32       54639dc4 f   kernel32:KERNEL32.dll
 0001:00028dca       _SetFilePointer@16         54639dca f   kernel32:KERNEL32.dll
 0001:00028dd0       _GetFileInformationByHandle@8 54639dd0 f   kernel32:KERNEL32.dll
 0001:00028dd6       _Module32FirstW@8          54639dd6 f   kernel32:KERNEL32.dll
 0001:00028ddc       _ExpandEnvironmentStringsW@12 54639ddc f   kernel32:KERNEL32.dll
 0001:00028de2       _DebugBreak@0              54639de2 f   kernel32:KERNEL32.dll
 0001:00028de8       _SetNamedPipeHandleState@16 54639de8 f   kernel32:KERNEL32.dll
 0001:00028dee       _WaitNamedPipeW@8          54639dee f   kernel32:KERNEL32.dll
 0001:00028df4       _IsDebuggerPresent@0       54639df4 f   kernel32:KERNEL32.dll
 0001:00028dfa       _TransactNamedPipe@28      54639dfa f   kernel32:KERNEL32.dll
 0001:00028e00       _GetConsoleWindow@0        54639e00 f   kernel32:KERNEL32.dll
 0001:00028e06       _HeapCreate@12             54639e06 f   kernel32:KERNEL32.dll
 0001:00028e0c       _HeapDestroy@4             54639e0c f   kernel32:KERNEL32.dll
 0001:00028e12       _HeapAlloc@12              54639e12 f   kernel32:KERNEL32.dll
 0001:00028e18       _HeapReAlloc@16            54639e18 f   kernel32:KERNEL32.dll
 0001:00028e1e       _HeapFree@12               54639e1e f   kernel32:KERNEL32.dll
 0001:00028e24       _HeapValidate@12           54639e24 f   kernel32:KERNEL32.dll
 0001:00028e2a       _FindClose@4               54639e2a f   kernel32:KERNEL32.dll
 0001:00028e30       _FindNextFileW@8           54639e30 f   kernel32:KERNEL32.dll
 0001:00028e36       _FindFirstFileW@8          54639e36 f   kernel32:KERNEL32.dll
 0001:00028e3c       _CreateDirectoryW@8        54639e3c f   kernel32:KERNEL32.dll
 0001:00028e42       _IsBadReadPtr@8            54639e42 f   kernel32:KERNEL32.dll
 0001:00028e48       _GetModuleFileNameA@12     54639e48 f   kernel32:KERNEL32.dll
 0001:00028e4e       _InitializeCriticalSection@4 54639e4e f   kernel32:KERNEL32.dll
 0001:00028e54       _DeleteCriticalSection@4   54639e54 f   kernel32:KERNEL32.dll
 0001:00028e5a       _EnterCriticalSection@4    54639e5a f   kernel32:KERNEL32.dll
 0001:00028e60       _LeaveCriticalSection@4    54639e60 f   kernel32:KERNEL32.dll
 0001:00028e66       _TryEnterCriticalSection@4 54639e66 f   kernel32:KERNEL32.dll
 0001:00028e6c       _OpenThread@12             54639e6c f   kernel32:KERNEL32.dll
 0001:00028e72       _GetTempPathW@8            54639e72 f   kernel32:KERNEL32.dll
 0001:00028e78       _GetLargestConsoleWindowSize@4 54639e78 f   kernel32:KERNEL32.dll
 0001:00028e7e       _IsWindow@4                54639e7e f   user32:USER32.dll
 0001:00028e84       _RegisterWindowMessageW@4  54639e84 f   user32:USER32.dll
 0001:00028e8a       _AllowSetForegroundWindow@4 54639e8a f   user32:USER32.dll
 0001:00028e90       _IsWindowVisible@4         54639e90 f   user32:USER32.dll
 0001:00028e96       _GetWindowThreadProcessId@8 54639e96 f   user32:USER32.dll
 0001:00028e9c       _MessageBoxW@16            54639e9c f   user32:USER32.dll
 0001:00028ea2       _wsprintfW                 54639ea2 f   user32:USER32.dll
 0001:00028ea8       _wsprintfA                 54639ea8 f   user32:USER32.dll
 0001:00028eae       _GetClassNameW@12          54639eae f   user32:USER32.dll
 0001:00028eb4       _GetSystemMetrics@4        54639eb4 f   user32:USER32.dll
 0001:00028eba       _FindWindowExW@16          54639eba f   user32:USER32.dll
 0001:00028ec0       _ShowWindow@8              54639ec0 f   user32:USER32.dll
 0001:00028ec6       _SendMessageTimeoutW@28    54639ec6 f   user32:USER32.dll
 0001:00028ecc       _SendMessageW@16           54639ecc f   user32:USER32.dll
 0001:00028ed2       _PostMessageW@16           54639ed2 f   user32:USER32.dll
 0001:00028ed8       _MessageBoxA@16            54639ed8 f   user32:USER32.dll
 0001:00028ede       _ShowWindowAsync@8         54639ede f   user32:USER32.dll
 0001:00028ee4       _SetWindowPos@28           54639ee4 f   user32:USER32.dll
 0001:00028eea       _SetFocus@4                54639eea f   user32:USER32.dll
 0001:00028ef0       _SetForegroundWindow@4     54639ef0 f   user32:USER32.dll
 0001:00028ef6       _SetParent@8               54639ef6 f   user32:USER32.dll
 0001:00028efc       _GetWindowTextW@12         54639efc f   user32:USER32.dll
 0001:00028f02       _MoveWindow@24             54639f02 f   user32:USER32.dll
 0001:00028f08       _GetWindowRect@8           54639f08 f   user32:USER32.dll
 0001:00028f0e       _IsZoomed@4                54639f0e f   user32:USER32.dll
 0001:00028f14       _GetKeyState@4             54639f14 f   user32:USER32.dll
 0001:00028f1a       _CallNextHookEx@16         54639f1a f   user32:USER32.dll
 0001:00028f20       _keybd_event@16            54639f20 f   user32:USER32.dll
 0001:00028f26       _SetActiveWindow@4         54639f26 f   user32:USER32.dll
 0001:00028f2c       _GetDC@4                   54639f2c f   user32:USER32.dll
 0001:00028f32       _SetWindowPlacement@8      54639f32 f   user32:USER32.dll
 0001:00028f38       _GetWindowPlacement@8      54639f38 f   user32:USER32.dll
 0001:00028f3e       _IsIconic@4                54639f3e f   user32:USER32.dll
 0001:00028f44       _EnumChildWindows@12       54639f44 f   user32:USER32.dll
 0001:00028f4a       _GetDesktopWindow@0        54639f4a f   user32:USER32.dll
 0001:00028f50       _GetForegroundWindow@0     54639f50 f   user32:USER32.dll
 0001:00028f56       _WaitForInputIdle@8        54639f56 f   user32:USER32.dll
 0001:00028f5c       _GetMonitorInfoW@8         54639f5c f   user32:USER32.dll
 0001:00028f62       _MonitorFromWindow@8       54639f62 f   user32:USER32.dll
 0001:00028f68       _IntersectRect@12          54639f68 f   user32:USER32.dll
 0001:00028f6e       _SetWindowRgn@12           54639f6e f   user32:USER32.dll
 0001:00028f74       _FindWindowW@8             54639f74 f   user32:USER32.dll
 0001:00028f7a       _MapVirtualKeyW@8          54639f7a f   user32:USER32.dll
 0001:00028f80       _VkKeyScanW@4              54639f80 f   user32:USER32.dll
 0001:00028f86       _GetParent@4               54639f86 f   user32:USER32.dll
 0001:00028f8c       _DestroyWindow@4           54639f8c f   user32:USER32.dll
 0001:00028f92       _GetClientRect@8           54639f92 f   user32:USER32.dll
 0001:00028f98       _CreateWindowExW@48        54639f98 f   user32:USER32.dll
 0001:00028f9e       _SetTimer@16               54639f9e f   user32:USER32.dll
 0001:00028fa4       _KillTimer@8               54639fa4 f   user32:USER32.dll
 0001:00028faa       _EnumDisplayMonitors@16    54639faa f   user32:USER32.dll
 0001:00028fb0       _EnableWindow@8            54639fb0 f   user32:USER32.dll
 0001:00028fb6       _IsWindowEnabled@4         54639fb6 f   user32:USER32.dll
 0001:00028fbc       _CharUpperBuffW@8          54639fbc f   user32:USER32.dll
 0001:00028fc2       _DeleteDC@4                54639fc2 f   gdi32:GDI32.dll
 0001:00028fc8       _EnumFontFamiliesExW@20    54639fc8 f   gdi32:GDI32.dll
 0001:00028fce       _DeleteObject@4            54639fce f   gdi32:GDI32.dll
 0001:00028fd4       _CombineRgn@16             54639fd4 f   gdi32:GDI32.dll
 0001:00028fda       _CreateRectRgn@16          54639fda f   gdi32:GDI32.dll
 0001:00028fe0       _GetTextMetricsW@8         54639fe0 f   gdi32:GDI32.dll
 0001:00028fe6       _SelectObject@8            54639fe6 f   gdi32:GDI32.dll
 0001:00028fec       _CreateCompatibleDC@4      54639fec f   gdi32:GDI32.dll
 0001:00028ff2       _CreateFontIndirectW@4     54639ff2 f   gdi32:GDI32.dll
 0001:00028ff8       _RegCloseKey@4             54639ff8 f   advapi32:ADVAPI32.dll
 0001:00028ffe       _RegSetValueExW@24         54639ffe f   advapi32:ADVAPI32.dll
 0001:00029004       _RegQueryValueExW@24       5463a004 f   advapi32:ADVAPI32.dll
 0001:0002900a       _RegOpenKeyExW@20          5463a00a f   advapi32:ADVAPI32.dll
 0001:00029010       _OpenProcessToken@12       5463a010 f   advapi32:ADVAPI32.dll
 0001:00029016       _AdjustTokenPrivileges@24  5463a016 f   advapi32:ADVAPI32.dll
 0001:0002901c       _LookupPrivilegeValueW@12  5463a01c f   advapi32:ADVAPI32.dll
 0001:00029022       _RegCreateKeyExW@36        5463a022 f   advapi32:ADVAPI32.dll
 0001:00029028       _RegLoadKeyW@12            5463a028 f   advapi32:ADVAPI32.dll
 0001:0002902e       _RegUnLoadKeyW@8           5463a02e f   advapi32:ADVAPI32.dll
 0001:00029034       _LogonUserW@24             5463a034 f   advapi32:ADVAPI32.dll
 0001:0002903a       _FreeSid@4                 5463a03a f   advapi32:ADVAPI32.dll
 0001:00029040       _CheckTokenMembership@12   5463a040 f   advapi32:ADVAPI32.dll
 0001:00029046       _AllocateAndInitializeSid@44 5463a046 f   advapi32:ADVAPI32.dll
 0001:0002904c       _ConvertSidToStringSidW@8  5463a04c f   advapi32:ADVAPI32.dll
 0001:00029052       _GetTokenInformation@20    5463a052 f   advapi32:ADVAPI32.dll
 0001:00029058       _RegEnumKeyExW@32          5463a058 f   advapi32:ADVAPI32.dll
 0001:0002905e       _ShellExecuteExW@4         5463a05e f   shell32:SHELL32.dll
 0001:00029064       _wcscmp                    5463a064 f   LIBCMT:wcscmp.obj
 0001:000290a0       _strlen                    5463a0a0 f   LIBCMT:strlen.obj
 0001:000291e5       ___onexitinit              5463a1e5 f   LIBCMT:onexit.obj
 0001:00029216       __onexit                   5463a216 f   LIBCMT:onexit.obj
 0001:00029252       _atexit                    5463a252 f   LIBCMT:onexit.obj
 0001:00029269       __CRT_INIT@12              5463a269 f   LIBCMT:dllcrt0.obj
 0001:00029494       __DllMainCRTStartup@12     5463a494 f   LIBCMT:dllcrt0.obj
 0001:000294b7       __crt_wait_module_handle   5463a4b7 f i LIBCMT:tidtable.obj
 0001:000294d1       __encode_pointer           5463a4d1 f   LIBCMT:tidtable.obj
 0001:00029543       __encoded_null             5463a543 f   LIBCMT:tidtable.obj
 0001:0002954c       __decode_pointer           5463a54c f   LIBCMT:tidtable.obj
 0001:000295be       ___crtTlsAlloc@4           5463a5be f   LIBCMT:tidtable.obj
 0001:000295c7       ___fls_getvalue@4          5463a5c7 f   LIBCMT:tidtable.obj
 0001:000295e1       ___get_flsindex            5463a5e1 f   LIBCMT:tidtable.obj
 0001:000295e7       ___set_flsgetvalue         5463a5e7 f   LIBCMT:tidtable.obj
 0001:0002961b       ___fls_setvalue@8          5463a61b f   LIBCMT:tidtable.obj
 0001:00029638       __mtterm                   5463a638 f   LIBCMT:tidtable.obj
 0001:00029675       __initptd                  5463a675 f   LIBCMT:tidtable.obj
 0001:0002975c       __getptd_noexit            5463a75c f   LIBCMT:tidtable.obj
 0001:000297d5       __getptd                   5463a7d5 f   LIBCMT:tidtable.obj
 0001:000297ef       __freefls@4                5463a7ef f   LIBCMT:tidtable.obj
 0001:0002991e       __freeptd                  5463a91e f   LIBCMT:tidtable.obj
 0001:0002998c       ___threadid                5463a98c f   LIBCMT:tidtable.obj
 0001:00029992       ___threadhandle            5463a992 f   LIBCMT:tidtable.obj
 0001:00029998       __mtinit                   5463a998 f   LIBCMT:tidtable.obj
 0001:00029b25       _wait_a_bit                5463ab25 f i LIBCMT:crtheap.obj
 0001:00029b4b       __set_malloc_crt_max_wait  5463ab4b f   LIBCMT:crtheap.obj
 0001:00029b60       __malloc_crt               5463ab60 f   LIBCMT:crtheap.obj
 0001:00029ba5       __calloc_crt               5463aba5 f   LIBCMT:crtheap.obj
 0001:00029bf1       __realloc_crt              5463abf1 f   LIBCMT:crtheap.obj
 0001:00029c3f       __recalloc_crt             5463ac3f f   LIBCMT:crtheap.obj
 0001:00029c91       __msize                    5463ac91 f   LIBCMT:msize.obj
 0001:00029d34       __crt_waiting_on_module_handle 5463ad34 f   LIBCMT:crt0dat.obj
 0001:00029d64       __amsg_exit                5463ad64 f   LIBCMT:crt0dat.obj
 0001:00029d8d       ___crtCorExitProcess       5463ad8d f   LIBCMT:crt0dat.obj
 0001:00029db8       ___crtExitProcess          5463adb8 f   LIBCMT:crt0dat.obj
 0001:00029dd0       __lockexit                 5463add0 f   LIBCMT:crt0dat.obj
 0001:00029dd9       __unlockexit               5463add9 f   LIBCMT:crt0dat.obj
 0001:00029dff       __initterm_e               5463adff f   LIBCMT:crt0dat.obj
 0001:00029e23       __get_wpgmptr              5463ae23 f   LIBCMT:crt0dat.obj
 0001:00029e5f       __get_pgmptr               5463ae5f f   LIBCMT:crt0dat.obj
 0001:00029e9b       __cinit                    5463ae9b f   LIBCMT:crt0dat.obj
 0001:0002a04c       _exit                      5463b04c f   LIBCMT:crt0dat.obj
 0001:0002a062       __exit                     5463b062 f   LIBCMT:crt0dat.obj
 0001:0002a078       __cexit                    5463b078 f   LIBCMT:crt0dat.obj
 0001:0002a087       __c_exit                   5463b087 f   LIBCMT:crt0dat.obj
 0001:0002a096       __init_pointers            5463b096 f   LIBCMT:crt0dat.obj
 0001:0002a0e4       __SEH_prolog4              5463b0e4 f   LIBCMT:sehprolg4.obj
 0001:0002a129       __SEH_epilog4              5463b129 f   LIBCMT:sehprolg4.obj
 0001:0002a170       __except_handler4          5463b170 f   LIBCMT:chandler4.obj
 0001:0002a2fc       _free                      5463b2fc f   LIBCMT:free.obj
 0001:0002a38a       __ioinit                   5463b38a f   LIBCMT:ioinit.obj
 0001:0002a5de       __ioterm                   5463b5de f   LIBCMT:ioinit.obj
 0001:0002a62c       __invoke_watson_if_error   5463b62c f i LIBCMT:stdenvp.obj
 0001:0002a650       __setenvp                  5463b650 f   LIBCMT:stdenvp.obj
 0001:0002a72e       __set_pgmptr               5463b72e f i LIBCMT:stdargv.obj
 0001:0002a8d7       __setargv                  5463b8d7 f   LIBCMT:stdargv.obj
 0001:0002a992       ___crtGetEnvironmentStringsA 5463b992 f   LIBCMT:a_env.obj
 0001:0002aac9       __RTC_Initialize           5463bac9 f   LIBCMT:_initsect_.obj
 0001:0002aaef       __RTC_Terminate            5463baef f   LIBCMT:_initsect_.obj
 0001:0002ab15       ___heap_select             5463bb15 f   LIBCMT:heapinit.obj
 0001:0002ab19       __heap_init                5463bb19 f   LIBCMT:heapinit.obj
 0001:0002ab49       __heap_term                5463bb49 f   LIBCMT:heapinit.obj
 0001:0002abbd       __get_heap_handle          5463bbbd f   LIBCMT:heapinit.obj
 0001:0002abc3       __initp_misc_winxfltr      5463bbc3 f   LIBCMT:winxfltr.obj
 0001:0002abf9       __XcptFilter               5463bbf9 f   LIBCMT:winxfltr.obj
 0001:0002ad59       ___CppXcptFilter           5463bd59 f   LIBCMT:winxfltr.obj
 0001:0002ad79       ___security_init_cookie    5463bd79 f   LIBCMT:gs_support.obj
 0001:0002ae0f       __mtinitlocks              5463be0f f   LIBCMT:mlock.obj
 0001:0002ae5a       __mtdeletelocks            5463be5a f   LIBCMT:mlock.obj
 0001:0002aeb1       __unlock                   5463beb1 f   LIBCMT:mlock.obj
 0001:0002aec8       __lockerr_exit             5463bec8 f   LIBCMT:mlock.obj
 0001:0002aee0       __mtinitlocknum            5463bee0 f   LIBCMT:mlock.obj
 0001:0002afa3       __lock                     5463bfa3 f   LIBCMT:mlock.obj
 0001:0002afd6       ____setlc_active_func      5463bfd6 f   LIBCMT:setlocal.obj
 0001:0002afdc       ____unguarded_readlc_active_add_func 5463bfdc f   LIBCMT:setlocal.obj
 0001:0002afe2       ___freetlocinfo            5463bfe2 f   LIBCMT:setlocal.obj
 0001:0002b12b       ___addlocaleref            5463c12b f   LIBCMT:setlocal.obj
 0001:0002b1ba       ___removelocaleref         5463c1ba f   LIBCMT:setlocal.obj
 0001:0002b2b7       ___updatetlocinfo          5463c2b7 f   LIBCMT:setlocal.obj
 0001:0002b32d       __configthreadlocale       5463c32d f   LIBCMT:setlocal.obj
 0001:0002b3ea       __free_locale              5463c3ea f   LIBCMT:setlocal.obj
 0001:0002b4ac       ___free_locale             5463c4ac f   LIBCMT:setlocal.obj
 0001:0002b4b7       __get_current_locale       5463c4b7 f   LIBCMT:setlocal.obj
 0001:0002b566       ___get_current_locale      5463c566 f   LIBCMT:setlocal.obj
 0001:0002b56b       ___init_dummy              5463c56b f   LIBCMT:setlocal.obj
 0001:0002b56e       __strcats                  5463c56e f   LIBCMT:setlocal.obj
 0001:0002b5ae       ___lc_strtolc              5463c5ae f   LIBCMT:setlocal.obj
 0001:0002b6d7       ___lc_lctostr              5463c6d7 f   LIBCMT:setlocal.obj
 0001:0002b8c1       __expandlocale             5463c8c1 f   LIBCMT:setlocal.obj
 0001:0002c00f       __create_locale            5463d00f f   LIBCMT:setlocal.obj
 0001:0002c104       ___create_locale           5463d104 f   LIBCMT:setlocal.obj
 0001:0002c10f       _setlocale                 5463d10f f   LIBCMT:setlocal.obj
 0001:0002c27f       ??1_LocaleUpdate@@QAE@XZ   5463d27f f i LIBCMT:mbctype.obj
 0001:0002c28d       ?GetLocaleT@_LocaleUpdate@@QAEPAUlocaleinfo_struct@@XZ 5463d28d f i LIBCMT:mbctype.obj
 0001:0002c4b6       ___updatetmbcinfo          5463d4b6 f   LIBCMT:mbctype.obj
 0001:0002c55a       ??0_LocaleUpdate@@QAE@PAUlocaleinfo_struct@@@Z 5463d55a f i LIBCMT:mbctype.obj
 0001:0002c65d       __setmbcp_nolock           5463d65d f   LIBCMT:mbctype.obj
 0001:0002c842       __getmbcp                  5463d842 f   LIBCMT:mbctype.obj
 0001:0002c880       __setmbcp                  5463d880 f   LIBCMT:mbctype.obj
 0001:0002ca1a       ___initmbctable            5463da1a f   LIBCMT:mbctype.obj
 0001:0002ca38       _V6_HeapAlloc              5463da38 f   LIBCMT:malloc.obj
 0001:0002ca87       __heap_alloc               5463da87 f i LIBCMT:malloc.obj
 0001:0002cb01       _malloc                    5463db01 f   LIBCMT:malloc.obj
 0001:0002cbcb       __calloc_impl              5463dbcb f   LIBCMT:calloc_impl.obj
 0001:0002cce9       _realloc                   5463dce9 f   LIBCMT:realloc.obj
 0001:0002cf04       __recalloc                 5463df04 f   LIBCMT:recalloc.obj
 0001:0002cf7f       __get_sbh_threshold        5463df7f f   LIBCMT:sbheap.obj
 0001:0002cfa0       __set_amblksiz             5463dfa0 f   LIBCMT:sbheap.obj
 0001:0002cfeb       __get_amblksiz             5463dfeb f   LIBCMT:sbheap.obj
 0001:0002d02c       ___sbh_heap_init           5463e02c f   LIBCMT:sbheap.obj
 0001:0002d07a       ___sbh_find_block          5463e07a f   LIBCMT:sbheap.obj
 0001:0002d0aa       ___sbh_free_block          5463e0aa f   LIBCMT:sbheap.obj
 0001:0002d3c0       ___sbh_alloc_new_region    5463e3c0 f   LIBCMT:sbheap.obj
 0001:0002d470       ___sbh_alloc_new_group     5463e470 f   LIBCMT:sbheap.obj
 0001:0002d578       ___sbh_resize_block        5463e578 f   LIBCMT:sbheap.obj
 0001:0002d859       ___sbh_heapmin             5463e859 f   LIBCMT:sbheap.obj
 0001:0002d926       ___sbh_heap_check          5463e926 f   LIBCMT:sbheap.obj
 0001:0002dc0a       __set_sbh_threshold        5463ec0a f   LIBCMT:sbheap.obj
 0001:0002dcb9       ___sbh_alloc_block         5463ecb9 f   LIBCMT:sbheap.obj
 0001:0002df9e       __initp_misc_invarg        5463ef9e f   LIBCMT:invarg.obj
 0001:0002dfad       __invoke_watson            5463efad f   LIBCMT:invarg.obj
 0001:0002e0d5       __set_invalid_parameter_handler 5463f0d5 f   LIBCMT:invarg.obj
 0001:0002e0fc       __get_invalid_parameter_handler 5463f0fc f   LIBCMT:invarg.obj
 0001:0002e109       ?_invoke_watson@@YAXPBG00II@Z 5463f109 f   LIBCMT:invarg.obj
 0001:0002e114       __invalid_parameter        5463f114 f   LIBCMT:invarg.obj
 0001:0002e13a       __invalid_parameter_noinfo 5463f13a f   LIBCMT:invarg.obj
 0001:0002e14a       ?_invalid_parameter@@YAXPBG00II@Z 5463f14a f   LIBCMT:invarg.obj
 0001:0002e155       __get_errno_from_oserr     5463f155 f   LIBCMT:dosmap.obj
 0001:0002e197       __errno                    5463f197 f   LIBCMT:dosmap.obj
 0001:0002e1aa       ___doserrno                5463f1aa f   LIBCMT:dosmap.obj
 0001:0002e1bd       __dosmaperr                5463f1bd f   LIBCMT:dosmap.obj
 0001:0002e1e0       __set_errno                5463f1e0 f   LIBCMT:dosmap.obj
 0001:0002e201       __get_errno                5463f201 f   LIBCMT:dosmap.obj
 0001:0002e230       __set_doserrno             5463f230 f   LIBCMT:dosmap.obj
 0001:0002e251       __get_doserrno             5463f251 f   LIBCMT:dosmap.obj
 0001:0002e280       __NMSG_WRITE               5463f280 f   LIBCMT:crt0msg.obj
 0001:0002e42b       __GET_RTERRMSG             5463f42b f   LIBCMT:crt0msg.obj
 0001:0002e451       __FF_MSGBANNER             5463f451 f   LIBCMT:crt0msg.obj
 0001:0002e48a       __initp_misc_cfltcvt_tab   5463f48a f   LIBCMT:cmiscdat.obj
 0001:0002e4b0       __ValidateImageBase        5463f4b0 f   LIBCMT:pesect.obj
 0001:0002e4f0       __FindPESection            5463f4f0 f   LIBCMT:pesect.obj
 0001:0002e540       __IsNonwritableInCurrentImage 5463f540 f   LIBCMT:pesect.obj
 0001:0002e5fd       ?terminate@@YAXXZ          5463f5fd f   LIBCMT:hooks.obj
 0001:0002e636       ?unexpected@@YAXXZ         5463f636 f   LIBCMT:hooks.obj
 0001:0002e649       ?_inconsistency@@YAXXZ     5463f649 f   LIBCMT:hooks.obj
 0001:0002e681       __initp_eh_hooks           5463f681 f   LIBCMT:hooks.obj
 0001:0002e692       __initp_misc_winsig        5463f692 f   LIBCMT:winsig.obj
 0001:0002e782       ___get_sigabrt             5463f782 f   LIBCMT:winsig.obj
 0001:0002e78f       ___fpecode                 5463f78f f   LIBCMT:winsig.obj
 0001:0002e798       ___pxcptinfoptrs           5463f798 f   LIBCMT:winsig.obj
 0001:0002e7a1       _signal                    5463f7a1 f   LIBCMT:winsig.obj
 0001:0002e9de       _raise                     5463f9de f   LIBCMT:winsig.obj
 0001:0002eb8e       __initp_misc_rand_s        5463fb8e f   LIBCMT:rand_s.obj
 0001:0002eb9d       _rand_s                    5463fb9d f   LIBCMT:rand_s.obj
 0001:0002eca5       ___getlocaleinfo           5463fca5 f   LIBCMT:inithelp.obj
 0001:0002ee24       __initp_misc_purevirt      5463fe24 f   LIBCMT:inithelp.obj
 0001:0002ee33       __initp_misc_initcrit      5463fe33 f   LIBCMT:initcrit.obj
 0001:0002ee42       ___crtInitCritSecAndSpinCount 5463fe42 f   LIBCMT:initcrit.obj
 0001:0002eea2       __initp_heap_handler       5463fea2 f   LIBCMT:handler.obj
 0001:0002eeb1       ?_set_new_handler@@YAP6AHI@ZP6AHI@Z@Z 5463feb1 f   LIBCMT:handler.obj
 0001:0002eee7       ?_set_new_handler@@YAP6AHI@ZH@Z 5463fee7 f   LIBCMT:handler.obj
 0001:0002eef0       ?_query_new_handler@@YAP6AHI@ZXZ 5463fef0 f   LIBCMT:handler.obj
 0001:0002eefd       __callnewh                 5463fefd f   LIBCMT:handler.obj
 0001:0002ef25       @__security_check_cookie@4 5463ff25 f   LIBCMT:secchk.obj
 0001:0002ef34       __local_unwind4            5463ff34 f   LIBCMT:exsup4.obj
 0001:0002f00a       __seh_longjmp_unwind4@4    5464000a f   LIBCMT:exsup4.obj
 0001:0002f026       @_EH4_CallFilterFunc@8     54640026 f   LIBCMT:exsup4.obj
 0001:0002f03d       @_EH4_TransferToHandler@8  5464003d f   LIBCMT:exsup4.obj
 0001:0002f056       @_EH4_GlobalUnwind@4       54640056 f   LIBCMT:exsup4.obj
 0001:0002f070       @_EH4_LocalUnwind@16       54640070 f   LIBCMT:exsup4.obj
 0001:0002f087       _strcpy_s                  54640087 f   LIBCMT:strcpy_s.obj
 0001:0002f142       __ismbbkalnum_l            54640142 f   LIBCMT:ismbbyte.obj
 0001:0002f15b       __ismbbkalnum              5464015b f   LIBCMT:ismbbyte.obj
 0001:0002f173       __ismbbkprint_l            54640173 f   LIBCMT:ismbbyte.obj
 0001:0002f18c       __ismbbkprint              5464018c f   LIBCMT:ismbbyte.obj
 0001:0002f1a4       __ismbbkpunct_l            546401a4 f   LIBCMT:ismbbyte.obj
 0001:0002f1bd       __ismbbkpunct              546401bd f   LIBCMT:ismbbyte.obj
 0001:0002f1d5       __ismbbalnum_l             546401d5 f   LIBCMT:ismbbyte.obj
 0001:0002f1f1       __ismbbalnum               546401f1 f   LIBCMT:ismbbyte.obj
 0001:0002f20c       __ismbbalpha_l             5464020c f   LIBCMT:ismbbyte.obj
 0001:0002f228       __ismbbalpha               54640228 f   LIBCMT:ismbbyte.obj
 0001:0002f243       __ismbbgraph_l             54640243 f   LIBCMT:ismbbyte.obj
 0001:0002f25f       __ismbbgraph               5464025f f   LIBCMT:ismbbyte.obj
 0001:0002f27a       __ismbbprint_l             5464027a f   LIBCMT:ismbbyte.obj
 0001:0002f296       __ismbbprint               54640296 f   LIBCMT:ismbbyte.obj
 0001:0002f2b1       __ismbbpunct_l             546402b1 f   LIBCMT:ismbbyte.obj
[...]
 0003:00000e68       ?gbWasBufferHeight@@3HA    54653e68     ConsoleMain.obj
 0003:00000e6c       ?gbNonGuiMode@@3HA         54653e6c     ConsoleMain.obj
 0003:00000e70       ?gnExitCode@@3KA           54653e70     ConsoleMain.obj
 0003:00000e74       ?ghRootProcessFlag@@3PAXA  54653e74     ConsoleMain.obj
 0003:00000e78       ?ghExitQueryEvent@@3PAXA   54653e78     ConsoleMain.obj
 0003:00000e7c       ?nExitQueryPlace@@3HA      54653e7c     ConsoleMain.obj
 0003:00000e80       ?nExitPlaceStep@@3HA       54653e80     ConsoleMain.obj
 0003:00000e84       ?gTerminateEventPlace@@3W4SetTerminateEventPlace@@A 54653e84     ConsoleMain.obj
 0003:00000e88       ?ghQuitEvent@@3PAXA        54653e88     ConsoleMain.obj
 0003:00000e8c       ?gbQuit@@3_NA              54653e8c     ConsoleMain.obj
 0003:00000e8d       ?gbIsWine@@3_NA            54653e8d     ConsoleMain.obj
 0003:00000e8e       ?gbIsDBCS@@3_NA            54653e8e     ConsoleMain.obj
 0003:00000e90       ?gbInShutdown@@3HA         54653e90     ConsoleMain.obj
 0003:00000e94       ?gbInExitWaitForKey@@3HA   54653e94     ConsoleMain.obj
 0003:00000e98       ?gbCtrlBreakStopWaitingShown@@3HA 54653e98     ConsoleMain.obj
 0003:00000e9c       ?gbTerminateOnCtrlBreak@@3HA 54653e9c     ConsoleMain.obj
 0003:00000ea0       ?gnConfirmExitParm@@3HA    54653ea0     ConsoleMain.obj
 0003:00000ea4       ?gbAlwaysConfirmExit@@3HA  54653ea4     ConsoleMain.obj
 0003:00000ea8       ?gbAutoDisableConfirmExit@@3HA 54653ea8     ConsoleMain.obj
 0003:00000eac       ?gbRootAliveLess10sec@@3HA 54653eac     ConsoleMain.obj
 0003:00000eb0       ?gbRootWasFoundInCon@@3HA  54653eb0     ConsoleMain.obj
 0003:00000eb4       ?gbAttachMode@@3HA         54653eb4     ConsoleMain.obj
 0003:00000eb8       ?gbAlienMode@@3HA          54653eb8     ConsoleMain.obj
 0003:00000ebc       ?gbForceHideConWnd@@3HA    54653ebc     ConsoleMain.obj
 0003:00000ec0       ?gdwMainThreadId@@3KA      54653ec0     ConsoleMain.obj
 0003:00000ec4       ?gpszRunCmd@@3PA_WA        54653ec4     ConsoleMain.obj
 0003:00000ec8       ?gpszCheck4NeedCmd@@3PB_WB 54653ec8     ConsoleMain.obj
 0003:00000ecc       ?gbRunInBackgroundTab@@3HA 54653ecc     ConsoleMain.obj
 0003:00000ed0       ?gszComSpec@@3PA_WA        54653ed0     ConsoleMain.obj
 0003:000010dc       ?gbRunViaCmdExe@@3HA       546540dc     ConsoleMain.obj
 0003:000010e0       ?gnImageSubsystem@@3KA     546540e0     ConsoleMain.obj
 0003:000010e4       ?gnRunMode@@3W4tag_RunMode@@A 546540e4     ConsoleMain.obj
 0003:000010e8       ?gbNoCreateProcess@@3HA    546540e8     ConsoleMain.obj
 0003:000010ec       ?gbDebugProcess@@3HA       546540ec     ConsoleMain.obj
 0003:000010f0       ?gnDebugDumpProcess@@3HA   546540f0     ConsoleMain.obj
 0003:000010f4       ?gnCmdUnicodeMode@@3HA     546540f4     ConsoleMain.obj
 0003:000010f8       ?gbUseDosBox@@3HA          546540f8     ConsoleMain.obj
 0003:000010fc       ?ghDosBoxProcess@@3PAXA    546540fc     ConsoleMain.obj
 0003:00001100       ?gnDosBoxPID@@3KA          54654100     ConsoleMain.obj
 0003:00001104       ?gbAttachFromFar@@3HA      54654104     ConsoleMain.obj
 0003:00001108       ?gbAlternativeAttach@@3HA  54654108     ConsoleMain.obj
 0003:0000110c       ?gbSkipWowChange@@3HA      5465410c     ConsoleMain.obj
 0003:00001110       ?gnConsoleModeFlags@@3KA   54654110     ConsoleMain.obj
 0003:00001114       ?gnDefTextColors@@3GA      54654114     ConsoleMain.obj
 0003:00001118       ?gnDefPopupColors@@3GA     54654118     ConsoleMain.obj
 0003:0000111c       ?gbVisibleOnStartup@@3HA   5465411c     ConsoleMain.obj
 0003:00001120       ?gpSrv@@3PAUSrvInfo@@A     54654120     ConsoleMain.obj
 0003:00001124       ?gbParmVisibleSize@@3HA    54654124     ConsoleMain.obj
 0003:00001128       ?gbParmBufSize@@3HA        54654128     ConsoleMain.obj
 0003:0000112c       ?gnBufferHeight@@3FA       5465412c     ConsoleMain.obj
 0003:00001130       ?gnBufferWidth@@3FA        54654130     ConsoleMain.obj
 0003:00001134       ?gpszPrevConTitle@@3PA_WA  54654134     ConsoleMain.obj
 0003:00001138       ?ghLogSize@@3PAXA          54654138     ConsoleMain.obj
 0003:0000113c       ?wpszLogSizeFile@@3PA_WA   5465413c     ConsoleMain.obj
 0003:00001140       ?gbInRecreateRoot@@3HA     54654140     ConsoleMain.obj
 0003:00001144       ?gnMsgSwitchCon@@3IA       54654144     ConsoleMain.obj
 0003:00001148       ?gnMsgHookedKey@@3IA       54654148     ConsoleMain.obj
 0003:0000114c       ?gnSendStartedThread@@3KA  5465414c     ConsoleMain.obj
 0003:00001150       ?ghSendStartedThread@@3PAXA 54654150     ConsoleMain.obj
 0003:00001158       ?ghConOut@@3VMConHandle@@A 54654158     ConsoleMain.obj
 0003:00002348       ?ghKeyHook@@3PAUHHOOK__@@A 54655348     GuiHooks.obj
 0003:0000234c       ?gbWinTabHook@@3HA         5465534c     GuiHooks.obj
 0003:00002350       ?gnConsoleKeyShortcuts@@3EA 54655350     GuiHooks.obj
 0003:00002351       ?gnOtherWin@@3EA           54655351     GuiHooks.obj
 0003:00002358       ?gnHookedKeys@@3PAKA       54655358     GuiHooks.obj
 0003:00002758       ?ghKeyHookConEmuRoot@@3PAUHWND__@@A 54655758     GuiHooks.obj
 0003:0000275c       ?ghActiveGhost@@3PAUHWND__@@A 5465575c     GuiHooks.obj
 0003:00002760       ?gnSkipVkModCode@@3KA      54655760     GuiHooks.obj
 0003:00002764       ?gnSkipVkMessage@@3IA      54655764     GuiHooks.obj
 0003:00002768       ?gnSkipVkKeyCode@@3KA      54655768     GuiHooks.obj
 0003:00002770       ?gfnLoadLibrary@@3IA       54655770     Injects.obj
 0003:00002774       ?gfnLdrGetDllHandleByName@@3IA 54655774     Injects.obj
 0003:00002778       ?ghSkipSetThreadContextForThread@@3PAXA 54655778     Injects.obj
 0003:0000277c       ?ghInjectsLiteEvent@@3PAXA 5465577c     Injects.obj
 0003:00002780       ?gpLocalSecurity@@3PAU_SECURITY_ATTRIBUTES@@A 54655780     ConEmuCheck.obj
 0003:00002788       ?ghWorkingModule@@3_KA     54655788     ConEmuCheck.obj
 0003:000027e0       ?gbInCommonShutdown@@3HA   546557e0     Common.obj
 0003:000027e4       ?OnShutdownConsole@@3P6GXXZA 546557e4     Common.obj
 0003:000027e8       ?ghHeap@@3PAXA             546557e8     Memory.obj
 0003:000027ec       ?gNullDesc@@3PAVMNullDesc@@A 546557ec     MSecurity.obj
 0003:000027f0       ?Is_Window@@3P6GHPAUHWND__@@@ZA 546557f0     WinObjects.obj
 0003:000027f4       ?gpConsoleInfoStr@@3PAU_CONSOLE_INFO@@A 546557f4     WinObjects.obj
 0003:000027f8       ?ghConsoleSection@@3PAXA   546557f8     WinObjects.obj
 0003:00002820       __aenvptr                  54655820     LIBCMT:dllcrt0.obj
 0003:00002824       __wenvptr                  54655824     LIBCMT:dllcrt0.obj
 0003:00002828       ___error_mode              54655828     LIBCMT:dllcrt0.obj
 0003:0000282c       ___app_type                5465582c     LIBCMT:dllcrt0.obj
 0003:00002830       _gpFlsAlloc                54655830     LIBCMT:tidtable.obj
 0003:00002834       _gpFlsGetValue             54655834     LIBCMT:tidtable.obj
 0003:00002838       _gpFlsSetValue             54655838     LIBCMT:tidtable.obj
 0003:0000283c       _gpFlsFree                 5465583c     LIBCMT:tidtable.obj
 0003:00002840       __maxwait                  54655840     LIBCMT:crtheap.obj
 0003:00002844       __umaskval                 54655844     LIBCMT:crt0dat.obj
 0003:00002848       ___argc                    54655848     LIBCMT:crt0dat.obj
 0003:0000284c       ___argv                    5465584c     LIBCMT:crt0dat.obj
 0003:00002850       ___wargv                   54655850     LIBCMT:crt0dat.obj
 0003:00002854       __environ                  54655854     LIBCMT:crt0dat.obj
 0003:00002858       ___initenv                 54655858     LIBCMT:crt0dat.obj
 0003:0000285c       __wenviron                 5465585c     LIBCMT:crt0dat.obj
 0003:00002860       ___winitenv                54655860     LIBCMT:crt0dat.obj
 0003:00002864       __pgmptr                   54655864     LIBCMT:crt0dat.obj
 0003:00002868       __wpgmptr                  54655868     LIBCMT:crt0dat.obj
 0003:0000286c       __exitflag                 5465586c     LIBCMT:crt0dat.obj
 0003:00002870       __C_Termination_Done       54655870     LIBCMT:crt0dat.obj
 0003:00002874       __C_Exit_Done              54655874     LIBCMT:crt0dat.obj
 0003:00002984       __crtheap                  54655984     LIBCMT:heapinit.obj
 0003:00002ad8       ___locale_changed          54655ad8     LIBCMT:setlocal.obj
 0003:00002adc       ___lc_handle               54655adc     LIBCMT:nlsdata2.obj
 0003:00002af4       ___lc_codepage             54655af4     LIBCMT:nlsdata2.obj
 0003:00002af8       ___lc_collate_cp           54655af8     LIBCMT:nlsdata2.obj
 0003:00002b00       ___mbulinfo                54655b00     LIBCMT:mbctype.obj
 0003:00002b0c       ___mbcodepage              54655b0c     LIBCMT:mbctype.obj
 0003:00002b10       ___ismbcodepage            54655b10     LIBCMT:mbctype.obj
 0003:00002b14       ___mblcid                  54655b14     LIBCMT:mbctype.obj
 0003:00002b18       ___sbh_pHeaderDefer        54655b18     LIBCMT:sbheap.obj
 0003:00002b1c       ___pInvalidArgHandler      54655b1c     LIBCMT:invarg.obj
 0003:00002e34       ?__pInconsistency@@3P6AXXZA 54655e34     LIBCMT:hooks.obj
 0003:00002e58       ___pPurecall               54655e58     LIBCMT:inithelp.obj
 0003:00002e60       ?_pnhHeap@@3P6AHI@ZA       54655e60     LIBCMT:handler.obj
 0003:00002e64       ___lconv_static_null       54655e64     LIBCMT:lconv.obj
 0003:00002e70       __newmode                  54655e70     LIBCMT:_newmode.obj
 0003:00003274       __debugger_hook_dummy      54656274     <common>
 0003:00003278       ___sbh_initialized         54656278     <common>
 0003:0000327c       ___sbh_cntHeaderList       5465627c     <common>
 0003:00003280       ___sbh_pHeaderList         54656280     <common>
 0003:00003284       ___sbh_threshold           54656284     <common>
 0003:00003288       ___sbh_pHeaderScan         54656288     <common>
 0003:0000328c       ___sbh_sizeHeaderList      5465628c     <common>
 0003:00003290       ___sbh_indGroupDefer       54656290     <common>
 0003:00003294       ___setlc_active            54656294     <common>
 0003:00003298       ___unguarded_readlc_active 54656298     <common>
 0003:0000329c       ___active_heap             5465629c     <common>
 0003:000032a0       __nhandle                  546562a0     <common>
 0003:000032c0       ___pioinfo                 546562c0     <common>
 0003:000033c0       __pDestructExceptionObject 546563c0     <common>
 0003:000033c4       ___env_initialized         546563c4     <common>
 0003:000033c8       ___onexitend               546563c8     <common>
 0003:000033cc       ___onexitbegin             546563cc     <common>
 0003:000033d0       ___mbctype_initialized     546563d0     <common>
 0003:000033d4       __FPinit                   546563d4     <common>
 0003:000033d8       ___dyn_tls_init_callback   546563d8     <common>
 0003:000033dc       __acmdln                   546563dc     <common>

 entry point at        0001:00029494

 Static symbols

 0001:00002090       ?StringValidateDestW@@YGJPB_WII@Z 54613090 f   ConsoleMain.obj
 0001:000020c0       ?StringValidateDestAndLengthW@@YGJPB_WIPAII@Z 546130c0 f   ConsoleMain.obj
 0001:00002110       ?StringLengthWorkerW@@YGJPB_WIPAI@Z 54613110 f   ConsoleMain.obj
 0001:00002180       ?StringCopyWorkerW@@YGJPA_WIPAIPB_WI@Z 54613180 f   ConsoleMain.obj
 0001:00006e20       ?StringValidateDestAndLengthA@@YGJPBDIPAII@Z 54617e20 f   ConsoleMain.obj
 0001:00006e70       ?StringLengthWorkerA@@YGJPBDIPAI@Z 54617e70 f   ConsoleMain.obj
 0001:00006ee0       ?StringValidateDestA@@YGJPBDII@Z 54617ee0 f   ConsoleMain.obj
 0001:00006f10       ?StringCopyWorkerA@@YGJPADIPAIPBDI@Z 54617f10 f   ConsoleMain.obj
 0001:000125d0       ?FindConEmuByPidProc@@YGHPAUHWND__@@J@Z 546235d0 f   ConEmuSrv.obj
 0001:000140a0       ?ReadConsoleInfo@@YIHXZ    546250a0 f   ConEmuSrv.obj
 0001:00014710       ?ReadConsoleData@@YIHXZ    54625710 f   ConEmuSrv.obj
 0001:00016c60       ?StringValidateDestW@@YGJPB_WII@Z 54627c60 f   ConEmuSrv.obj
 0001:00016c90       ?StringCopyWorkerW@@YGJPA_WIPAIPB_WI@Z 54627c90 f   ConEmuSrv.obj
 0001:00017d30       ?StringValidateDestW@@YGJPB_WII@Z 54628d30 f   Injects.obj
 0001:00017d60       ?StringCopyWorkerW@@YGJPA_WIPAIPB_WI@Z 54628d60 f   Injects.obj
 0001:00017e40       ?StringValidateDestAndLengthW@@YGJPB_WIPAII@Z 54628e40 f   Injects.obj
 0001:00017e90       ?StringLengthWorkerW@@YGJPB_WIPAI@Z 54628e90 f   Injects.obj
 0001:00018680       ?StringValidateDestW@@YGJPB_WII@Z 54629680 f   InjectRemote.obj
 0001:000186b0       ?StringCopyWorkerW@@YGJPA_WIPAIPB_WI@Z 546296b0 f   InjectRemote.obj
 0001:0001c040       ?StringValidateDestW@@YGJPB_WII@Z 5462d040 f   SrvPipes.obj
 0001:0001c070       ?StringCopyWorkerW@@YGJPA_WIPAIPB_WI@Z 5462d070 f   SrvPipes.obj
 0001:0001cfd0       ?StringValidateDestW@@YGJPB_WII@Z 5462dfd0 f   execute.obj
 0001:0001d000       ?StringCopyWorkerW@@YGJPA_WIPAIPB_WI@Z 5462e000 f   execute.obj
 0001:0001db60       ?StringValidateDestW@@YGJPB_WII@Z 5462eb60 f   ConEmuCheck.obj
 0001:0001db90       ?StringCopyWorkerW@@YGJPA_WIPAIPB_WI@Z 5462eb90 f   ConEmuCheck.obj
 0001:0001eac0       ?StringValidateDestAndLengthW@@YGJPB_WIPAII@Z 5462fac0 f   ConEmuCheck.obj
 0001:0001eb10       ?StringLengthWorkerW@@YGJPB_WIPAI@Z 5462fb10 f   ConEmuCheck.obj
 0001:0001f840       ?StringValidateDestA@@YGJPBDII@Z 54630840 f   Memory.obj
 0001:0001f870       ?StringCopyWorkerA@@YGJPADIPAIPBDI@Z 54630870 f   Memory.obj
 0001:0001f980       ?StringValidateDestW@@YGJPB_WII@Z 54630980 f   Memory.obj
 0001:0001f9b0       ?StringCopyWorkerW@@YGJPA_WIPAIPB_WI@Z 546309b0 f   Memory.obj
 0001:00021fe0       ?StringValidateDestW@@YGJPB_WII@Z 54632fe0 f   WinObjects.obj
 0001:00022010       ?StringCopyWorkerW@@YGJPA_WIPAIPB_WI@Z 54633010 f   WinObjects.obj
 0001:00024fa0       ?StringValidateDestAndLengthW@@YGJPB_WIPAII@Z 54635fa0 f   WinObjects.obj
 0001:00024ff0       ?StringLengthWorkerW@@YGJPB_WIPAI@Z 54635ff0 f   WinObjects.obj
 0001:00025d20       ?MyEnumMonitors@@YGHPAUHMONITOR__@@PAUHDC__@@PAUtagRECT@@J@Z 54636d20 f   WinObjects.obj
 0001:00028700       ?strtoxl@@YAKPB_WPAPA_WHH@Z 54639700 f   libCRT:strtol.obj
 0001:0002912b       __onexit_nolock            5463a12b f   LIBCMT:onexit.obj
 0001:0002939e       ___DllMainCRTStartup       5463a39e f   LIBCMT:dllcrt0.obj
 0001:00029de2       __initterm                 5463ade2 f   LIBCMT:crt0dat.obj
 0001:00029f20       _doexit                    5463af20 f   LIBCMT:crt0dat.obj
 0001:0002a140       _ValidateLocalCookies      5463b140 f   LIBCMT:chandler4.obj
 0001:0002a73d       _parse_cmdline             5463b73d f   LIBCMT:stdargv.obj
 0001:0002abc4       _xcptlookup                5463bbc4 f   LIBCMT:winxfltr.obj
 0001:0002b253       __copytlocinfo_nolock      5463c253 f   LIBCMT:setlocal.obj
 0001:0002b279       __updatetlocinfoEx_nolock  5463c279 f   LIBCMT:setlocal.obj
 0001:0002b397       _sync_legacy_variables_lk  5463c397 f   LIBCMT:setlocal.obj
 0001:0002b744       __setlocale_get_all        5463c744 f   LIBCMT:setlocal.obj
 0001:0002baf2       __setlocale_set_cat        5463caf2 f   LIBCMT:setlocal.obj
 0001:0002bdf4       __setlocale_nolock         5463cdf4 f   LIBCMT:setlocal.obj
 0001:0002c290       ?CPtoLCID@@YAHH@Z          5463d290 f   LIBCMT:mbctype.obj
 0001:0002c2bf       ?setSBCS@@YAXPAUthreadmbcinfostruct@@@Z 5463d2bf f   LIBCMT:mbctype.obj
 0001:0002c323       ?setSBUpLow@@YAXPAUthreadmbcinfostruct@@@Z 5463d323 f   LIBCMT:mbctype.obj
 0001:0002c5e1       ?getSystemCP@@YAHH@Z       5463d5e1 f   LIBCMT:mbctype.obj
 0001:0002e6b0       _ctrlevent_capture@4       5463f6b0 f   LIBCMT:winsig.obj
 0001:0002e74b       _siglookup                 5463f74b f   LIBCMT:winsig.obj
 0001:0002efc4       __unwind_handler4          5463ffc4 f   LIBCMT:exsup4.obj
 0001:0002f0ef       ?x_ismbbtype_l@@YAHPAUlocaleinfo_struct@@IHH@Z 546400ef f   LIBCMT:ismbbyte.obj
 0001:0002f3db       __get_lc_time              546403db f   LIBCMT:inittime.obj
 0001:0002fa04       _fix_grouping              54640a04 f   LIBCMT:initnum.obj
 0001:0002fc46       _fix_grouping              54640c46 f   LIBCMT:initmon.obj
 0001:000309d1       ?_store_str@@YAXPADPAPADPAI@Z 546419d1 f   LIBCMT:strftime.obj
 0001:000309f1       ?_store_number@@YAXHPAPADPAI@Z 546419f1 f   LIBCMT:strftime.obj
 0001:00030a27       ?_store_num@@YAXHHPAPADPAII@Z 54641a27 f   LIBCMT:strftime.obj
 0001:00030aa2       ?_expandtime@@YAHPAUlocaleinfo_struct@@DPBUtm@@PAPADPAIPAU__lc_time_data@@I@Z 54641aa2 f   LIBCMT:strftime.obj
 0001:00030e8a       ?_store_winword@@YAHPAUlocaleinfo_struct@@HPBUtm@@PAPADPAIPAU__lc_time_data@@@Z 54641e8a f   LIBCMT:strftime.obj
 0001:00031718       _TranslateName             54642718 f   LIBCMT:getqloc.obj
 0001:0003177a       _GetLcidFromDefault        5464277a f   LIBCMT:getqloc.obj
 0001:0003178e       _ProcessCodePage           5464278e f   LIBCMT:getqloc.obj
 0001:00031832       _TestDefaultCountry        54642832 f   LIBCMT:getqloc.obj
 0001:00031856       _LcidFromHexString         54642856 f   LIBCMT:getqloc.obj
 0001:0003188a       _GetPrimaryLen             5464288a f   LIBCMT:getqloc.obj
 0001:000318a5       _CountryEnumProc@4         546428a5 f   LIBCMT:getqloc.obj
 0001:0003193d       _TestDefaultLanguage       5464293d f   LIBCMT:getqloc.obj
 0001:000319b1       _LangCountryEnumProc@4     546429b1 f   LIBCMT:getqloc.obj
 0001:00031b83       _LanguageEnumProc@4        54642b83 f   LIBCMT:getqloc.obj
 0001:00031c44       _GetLcidFromCountry        54642c44 f   LIBCMT:getqloc.obj
 0001:00031c70       _GetLcidFromLangCountry    54642c70 f   LIBCMT:getqloc.obj
 0001:00031cd7       _GetLcidFromLanguage       54642cd7 f   LIBCMT:getqloc.obj
 0001:00031f04       ?__crtGetStringTypeA_stat@@YAHPAUlocaleinfo_struct@@KPBDHPAGHHH@Z 54642f04 f   LIBCMT:a_str.obj
 0001:000321c0       ?strncnt@@YAHPBDH@Z        546431c0 f   LIBCMT:a_map.obj
 0001:000321de       ?__crtLCMapStringA_stat@@YAHPAUlocaleinfo_struct@@KKPBDHPADHHH@Z 546431de f   LIBCMT:a_map.obj
 0001:00032f17       ?__crtGetLocaleInfoW_stat@@YAHPAUlocaleinfo_struct@@KKPA_WHH@Z 54643f17 f   LIBCMT:w_loc.obj
 0001:00032f64       ?__crtGetLocaleInfoA_stat@@YAHPAUlocaleinfo_struct@@KKPADHH@Z 54643f64 f   LIBCMT:a_loc.obj
 0001:00033208       __unwind_handler           54644208 f   LIBCMT:exsup.obj
 0001:000334b9       __tzset_nolock             546444b9 f   LIBCMT:tzset.obj
 0001:000337ff       _cvtdate                   546447ff f   LIBCMT:tzset.obj
 0001:000339f6       __isindst_nolock           546449f6 f   LIBCMT:tzset.obj
 0001:000342b0       _xtoa_s@20                 546452b0 f   LIBCMT:xtoas.obj
 0001:000343f8       @x64toa_s@24               546453f8 f   LIBCMT:xtoas.obj
 0001:000348b2       __getenv_s_helper          546458b2 f   LIBCMT:getenv.obj
 0001:00034947       __dupenv_s_helper          54645947 f   LIBCMT:getenv.obj
 0001:00034e85       ?strtoxl@@YAKPAUlocaleinfo_struct@@PBDPAPBDHH@Z 54645e85 f   LIBCMT:strtol.obj
 0001:00035145       ?strtoxq@@YA_KPAUlocaleinfo_struct@@PBDPAPBDHH@Z 54646145 f   LIBCMT:strtoq.obj
 0001:00035771       ?__crtGetStringTypeW_stat@@YAHPAUlocaleinfo_struct@@KPB_WHPAGHH@Z 54646771 f   LIBCMT:w_str.obj
 0001:00035814       ?strncnt@@YAHPBDH@Z        54646814 f   LIBCMT:a_cmp.obj
 0001:00035832       ?__crtCompareStringA_stat@@YAHPAUlocaleinfo_struct@@KKPBDH1HH@Z 54646832 f   LIBCMT:a_cmp.obj
 0001:00035d07       _findenv                   54646d07 f   LIBCMT:setenv.obj
 0001:00035d59       _copy_environ              54646d59 f   LIBCMT:setenv.obj
 0001:00036230       ??__EghConOut@@YAXXZ       54647230 f   ConsoleMain.obj
 0001:00036260       ??__FghConOut@@YAXXZ       54647260 f   ConsoleMain.obj
