 ConEmuCD

 Timestamp is 4e387209 (Wed Aug 03 01:54:17 2011)

 Preferred load address is 54610000

 Start         Length     Name                   Class
 0001:00000000 0001f8b8H .text                   CODE
 0001:0001f8b8 0000001bH .text$yc                CODE
 0001:0001f8d3 0000000aH .text$yd                CODE
 0002:00000000 000003e0H .idata$5                DATA
 0002:000003e0 00000004H .CRT$XCA                DATA
 0002:000003e4 00000004H .CRT$XCU                DATA
 0002:000003e8 00000004H .CRT$XCZ                DATA
 0002:000003ec 00000004H .CRT$XIA                DATA
 0002:000003f0 00000008H .CRT$XIC                DATA
 0002:000003f8 00000004H .CRT$XIZ                DATA
 0002:000003fc 00000004H .CRT$XPA                DATA
 0002:00000400 00000004H .CRT$XPZ                DATA
 0002:00000404 00000004H .CRT$XTA                DATA
 0002:00000408 00000004H .CRT$XTZ                DATA
 0002:00000410 00005658H .rdata                  DATA
 0002:00005a68 00000073H .rdata$debug            DATA
 0002:00005ae0 0000000cH .rdata$sxdata           DATA
 0002:00005aec 00000004H .rtc$IAA                DATA
 0002:00005af0 00000004H .rtc$IZZ                DATA
 0002:00005af4 00000004H .rtc$TAA                DATA
 0002:00005af8 00000004H .rtc$TZZ                DATA
 0002:00005b00 00000434H .xdata$x                DATA
 0002:00005f34 00000064H .idata$2                DATA
 0002:00005f98 00000014H .idata$3                DATA
 0002:00005fac 000003e0H .idata$4                DATA
 0002:0000638c 0000122cH .idata$6                DATA
 0002:000075c0 000000f8H .edata                  DATA
 0003:00000000 00000c60H .data                   DATA
 0003:00000c60 00001ae0H .bss                    DATA
 0004:00000000 00000058H .rsrc$01                DATA
 0004:00000060 000002b8H .rsrc$02                DATA

  Address         Publics by Value              Rva+Base       Lib:Object

 0000:00000000       __except_list              00000000     <absolute>
 0000:00000003       ___safe_se_handler_count   00000003     <absolute>
 0000:00000000       ___ImageBase               54610000     <linker-defined>
 0001:00000000       __chkstk                   54611000 f   chkstk.obj
 0001:00000000       __alloca_probe             54611000     chkstk.obj
 0001:0000002b       ?wcschr@@YAPA_WPA_W_W@Z    5461102b f i ConsoleMain.obj
 0001:00000030       ?wcsrchr@@YAPA_WPA_W_W@Z   54611030 f i ConsoleMain.obj
 0001:00000035       _wmemcmp                   54611035 f i ConsoleMain.obj
 0001:00000066       _wmemset                   54611066 f i ConsoleMain.obj
 0001:000001e0       ??BHWND2@@QBEPAUHWND__@@XZ 546111e0 f i ConsoleMain.obj
 0001:000001e3       ??BHWND2@@QBEKXZ           546111e3 f i ConsoleMain.obj
 0001:000001e6       ??4HWND2@@QAEAAU0@PAUHWND__@@@Z 546111e6 f i ConsoleMain.obj
 0001:000001f1       ?Disable@MWow64Disable@@QAEXXZ 546111f1 f i ConsoleMain.obj
 0001:0000020b       ?Restore@MWow64Disable@@QAEXXZ 5461120b f i ConsoleMain.obj
 0001:00000222       ??0MWow64Disable@@QAE@XZ   54611222 f i ConsoleMain.obj
 0001:00000268       ??1MWow64Disable@@QAE@XZ   54611268 f i ConsoleMain.obj
 0001:0000026d       ?CheckUnicodeMode@@YIXXZ   5461126d f   ConsoleMain.obj
 0001:000002e1       ?RegisterConsoleFontHKLM@@YIXPB_W@Z 546112e1 f   ConsoleMain.obj
 0001:000003c9       ?EmergencyShow@@YIXXZ      546113c9 f   ConsoleMain.obj
 0001:0000044d       ?SendStopped@@YIPAUCESERVER_REQ@@PAU_CONSOLE_SCREEN_BUFFER_INFO@@@Z 5461144d f   ConsoleMain.obj
 0001:0000055c       ?LogSize@@YIXPAU_COORD@@PBD@Z 5461155c f   ConsoleMain.obj
 0001:000006d1       ?ProcessAdd@@YIHKPAVMSectionLock@@@Z 546116d1 f   ConsoleMain.obj
 0001:00000778       ?cmd_GetOutput@@YIHAAUCESERVER_REQ@@PAPAU1@@Z 54611778 f   ConsoleMain.obj
 0001:000007b5       ?cmd_SaveAliases@@YIHAAUCESERVER_REQ@@PAPAU1@@Z 546117b5 f   ConsoleMain.obj
 0001:00000831       ?cmd_GetAliases@@YIHAAUCESERVER_REQ@@PAPAU1@@Z 54611831 f   ConsoleMain.obj
 0001:00000884       ?cmd_SetDontClose@@YIHAAUCESERVER_REQ@@PAPAU1@@Z 54611884 f   ConsoleMain.obj
 0001:00000898       ?cmd_OnActivation@@YIHAAUCESERVER_REQ@@PAPAU1@@Z 54611898 f   ConsoleMain.obj
 0001:000008e1       ?cmd_SetWindowPos@@YIHAAUCESERVER_REQ@@PAPAU1@@Z 546118e1 f   ConsoleMain.obj
 0001:000008ff       ?cmd_SetWindowRgn@@YIHAAUCESERVER_REQ@@PAPAU1@@Z 546118ff f   ConsoleMain.obj
 0001:0000090a       ?cmd_DetachCon@@YIHAAUCESERVER_REQ@@PAPAU1@@Z 5461190a f   ConsoleMain.obj
 0001:00000938       ?cmd_SetFarPID@@YIHAAUCESERVER_REQ@@PAPAU1@@Z 54611938 f   ConsoleMain.obj
 0001:0000094c       ?cmd_GuiChanged@@YIHAAUCESERVER_REQ@@PAPAU1@@Z 5461194c f   ConsoleMain.obj
 0001:00000969       ?MyGetConsoleScreenBufferInfo@@YIHPAXPAU_CONSOLE_SCREEN_BUFFER_INFO@@@Z 54611969 f   ConsoleMain.obj
 0001:00000bf4       ?SetConsoleSize@@YIHGU_COORD@@U_SMALL_RECT@@PBD@Z 54611bf4 f   ConsoleMain.obj
 0001:00001097       ?GetProcessCount@@YIHPAKI@Z 54612097 f   ConsoleMain.obj
 0001:00001183       ?_printf@@YIXPBD@Z         54612183 f   ConsoleMain.obj
 0001:000011b7       ?_wprintf@@YIXPB_W@Z       546121b7 f   ConsoleMain.obj
 0001:000011eb       ?DisableAutoConfirmExit@@YIXXZ 546121eb f   ConsoleMain.obj
 0001:000011fa       ??0?$MFileMapping@UCESERVER_CONSOLE_MAPPING_HDR@@@@QAE@XZ 546121fa f i ConsoleMain.obj
 0001:0000121e       ?ClosePtr@?$MFileMapping@UCESERVER_CONSOLE_MAPPING_HDR@@@@QAEXXZ 5461221e f i ConsoleMain.obj
 0001:00001235       ?StringCchCopyW@@YGJPA_WIPB_W@Z 54612235 f i ConsoleMain.obj
 0001:00001267       ?StringCchCopyNW@@YGJPA_WIPB_WI@Z 54612267 f i ConsoleMain.obj
 0001:000012af       ?StringCchCatA@@YGJPADIPBD@Z 546122af f i ConsoleMain.obj
 0001:00001318       ?StringCchCatW@@YGJPA_WIPB_W@Z 54612318 f i ConsoleMain.obj
 0001:00001352       ?PrintVersion@@YIXXZ       54612352 f   ConsoleMain.obj
 0001:00001382       ?Help@@YIXXZ               54612382 f   ConsoleMain.obj
 0001:00001391       ?DosBoxHelp@@YIXXZ         54612391 f   ConsoleMain.obj
 0001:0000139b       ?ExitWaitForKey@@YIXPAGPB_WHH@Z 5461239b f   ConsoleMain.obj
 0001:00001508       ?LogString@@YIXPBD@Z       54612508 f   ConsoleMain.obj
 0001:000015e5       ?ProcessCountChanged@@YIXHIPAVMSectionLock@@@Z 546125e5 f   ConsoleMain.obj
 0001:00001982       ?CheckProcessCount@@YIHH@Z 54612982 f   ConsoleMain.obj
 0001:00001d1e       ?cmd_SetSizeXXX_CmdStartedFinished@@YIHAAUCESERVER_REQ@@PAPAU1@@Z 54612d1e f   ConsoleMain.obj
 0001:00001f4e       ?cmd_Attach2Gui@@YIHAAUCESERVER_REQ@@PAPAU1@@Z 54612f4e f   ConsoleMain.obj
 0001:00001f8e       ?cmd_FarLoaded@@YIHAAUCESERVER_REQ@@PAPAU1@@Z 54612f8e f   ConsoleMain.obj
 0001:00001fb3       ?cmd_PostConMsg@@YIHAAUCESERVER_REQ@@PAPAU1@@Z 54612fb3 f   ConsoleMain.obj
 0001:000020d4       ?cmd_CmdStartStop@@YIHAAUCESERVER_REQ@@PAPAU1@@Z 546130d4 f   ConsoleMain.obj
 0001:00002247       ?GetAnswerToRequest@@YIHAAUCESERVER_REQ@@PAPAU1@@Z 54613247 f   ConsoleMain.obj
 0001:00002343       ?_printf@@YIXPBDKKPB_W@Z   54613343 f   ConsoleMain.obj
 0001:00002386       ?_printf@@YIXPBDKPB_W@Z    54613386 f   ConsoleMain.obj
 0001:000023c2       ?_printf@@YIXPBDK@Z        546133c2 f   ConsoleMain.obj
 0001:000023ea       ?CloseMap@?$MFileMapping@UCESERVER_CONSOLE_MAPPING_HDR@@@@QAEXXZ 546133ea f i ConsoleMain.obj
 0001:0000241e       ??1?$MFileMapping@UCESERVER_CONSOLE_MAPPING_HDR@@@@QAE@XZ 5461341e f i ConsoleMain.obj
 0001:00002429       ??$wcscpy_c@$09@@YIHAAY09_WPB_W@Z 54613429 f i ConsoleMain.obj
 0001:00002433       ??$wcscpy_c@$0CAA@@@YIHAAY0CAA@_WPB_W@Z 54613433 f i ConsoleMain.obj
 0001:00002440       ??$wcscat_c@$0PP@@@YIHAAY0PP@_WPB_W@Z 54613440 f i ConsoleMain.obj
 0001:0000244d       ??$wcscpy_c@$0CA@@@YIHAAY0CA@_WPB_W@Z 5461344d f i ConsoleMain.obj
 0001:00002457       ??$wcscpy_c@$0EAA@@@YIHAAY0EAA@_WPB_W@Z 54613457 f i ConsoleMain.obj
 0001:00002464       ??$wcscpy_c@$0CAI@@@YIHAAY0CAI@_WPB_W@Z 54613464 f i ConsoleMain.obj
 0001:00002471       ?PrintDebugInfo@@YIXXZ     54613471 f   ConsoleMain.obj
 0001:00002483       ?CheckAttachProcess@@YIHXZ 54613483 f   ConsoleMain.obj
 0001:000026d6       ?CreateLogSizeFile@@YIXH@Z 546136d6 f   ConsoleMain.obj
 0001:00002825       ?FontEnumProc@@YGHPAUtagENUMLOGFONTEXW@@PAUtagNEWTEXTMETRICEXW@@KJ@Z 54613825 f   ConsoleMain.obj
 0001:00002850       ?WriteMiniDump@@YIXKPAU_EXCEPTION_RECORD@@PBD@Z 54613850 f   ConsoleMain.obj
 0001:00002b33       ?ProcessDebugEvent@@YIXXZ  54613b33 f   ConsoleMain.obj
 0001:0000300d       ?InstanceThread@@YGKPAX@Z  5461400d f   ConsoleMain.obj
 0001:00003180       ?HandlerRoutine@@YGHK@Z    54614180 f   ConsoleMain.obj
 0001:00003253       ?CheckKeyboardLayout@@YIXXZ 54614253 f   ConsoleMain.obj
 0001:00003358       ?InitName@?$MFileMapping@UCESERVER_CONSOLE_MAPPING_HDR@@@@QAEXPB_WKK@Z 54614358 f i ConsoleMain.obj
 0001:00003386       ?InternalOpenCreate@?$MFileMapping@UCESERVER_CONSOLE_MAPPING_HDR@@@@IAEPAUCESERVER_CONSOLE_MAPPING_HDR@@HHH@Z 54614386 f i ConsoleMain.obj
 0001:0000349e       ?DebugThread@@YGKPAX@Z     5461449e f   ConsoleMain.obj
 0001:0000358a       ?ServerThread@@YGKPAX@Z    5461458a f   ConsoleMain.obj
 0001:00003666       ?Open@?$MFileMapping@UCESERVER_CONSOLE_MAPPING_HDR@@@@QAEPAUCESERVER_CONSOLE_MAPPING_HDR@@HH@Z 54614666 f i ConsoleMain.obj
 0001:00003678       _DllMain@12                54614678 f   ConsoleMain.obj
 0001:0000388f       ?SendStarted@@YIXXZ        5461488f f   ConsoleMain.obj
 0001:00003c4c       ?ParseCommandLine@@YIHPB_WPAPA_W@Z 54614c4c f   ConsoleMain.obj
 0001:000051b6       ?ConsoleMain@@YGHXZ        546161b6 f   ConsoleMain.obj
 0001:00005b9c       ?LLKeybHook@@YGJHIJ@Z      54616b9c f   GuiHooks.obj
 0001:00005d28       ??0CAdjustProcessToken@@QAE@XZ 54616d28 f i RegPrepare.obj
 0001:00005d60       ?Release@CAdjustProcessToken@@QAEXXZ 54616d60 f i RegPrepare.obj
 0001:00005db6       ??1CAdjustProcessToken@@QAE@XZ 54616db6 f i RegPrepare.obj
 0001:00005dd0       ?Enable@CAdjustProcessToken@@QAEHPAPB_WH@Z 54616dd0 f i RegPrepare.obj
 0001:00005eae       ??0CBackupPrivileges@@QAE@XZ 54616eae f i RegPrepare.obj
 0001:00005ebb       ??_GCAdjustProcessToken@@QAEPAXI@Z 54616ebb f i RegPrepare.obj
 0001:00005ed7       ?BackupPrivilegesAcuire@CBackupPrivileges@@QAEHH@Z 54616ed7 f i RegPrepare.obj
 0001:00005f9e       ?BackupPrivilegesRelease@CBackupPrivileges@@QAEXXZ 54616f9e f i RegPrepare.obj
 0001:00005fd0       ??1CBackupPrivileges@@QAE@XZ 54616fd0 f i RegPrepare.obj
 0001:00005fdf       ?UnMountVirtualHive@@YGHPB_WPA_WH@Z 54616fdf f   RegPrepare.obj
 0001:000060a8       ?MountVirtualHive@@YGHPB_WPAPAUHKEY__@@0PA_WHPAH@Z 546170a8 f   RegPrepare.obj
 0001:00006437       ?GetAliases@@YI_NPA_WPAPA_WPAK@Z 54617437 f   ConEmuCmd.obj
 0001:00006569       ?ComspecInit@@YIHXZ        54617569 f   ConEmuCmd.obj
 0001:00006782       ?ComspecDone@@YIXH@Z       54617782 f   ConEmuCmd.obj
 0001:00006b03       ?Enable@CAdjustProcessToken@@QAAHHZZ 54617b03 f i ConEmuSrv.obj
 0001:00006b45       ?ServerInitFont@@YIXXZ     54617b45 f   ConEmuSrv.obj
 0001:00006dd6       ??_GMSection@@QAEPAXI@Z    54617dd6 f i ConEmuSrv.obj
 0001:00006df2       ?CmdOutputStore@@YIXXZ     54617df2 f   ConEmuSrv.obj
 0001:00006f49       ?CmdOutputRestore@@YIXXZ   54617f49 f   ConEmuSrv.obj
 0001:00006f4a       ?FindConEmuByPID@@YIPAUHWND__@@XZ 54617f4a f   ConEmuSrv.obj
 0001:00007030       ?CheckConEmuHwnd@@YIXXZ    54618030 f   ConEmuSrv.obj
 0001:00007107       ?CorrectVisibleRect@@YIHPAU_CONSOLE_SCREEN_BUFFER_INFO@@@Z 54618107 f   ConEmuSrv.obj
 0001:00007603       ?WriteInputQueue@@YIHPBU_INPUT_RECORD@@@Z 54618603 f   ConEmuSrv.obj
 0001:0000768d       ?IsInputQueueEmpty@@YIHXZ  5461868d f   ConEmuSrv.obj
 0001:000076af       ?ReadInputQueue@@YIHPAU_INPUT_RECORD@@PAK@Z 546186af f   ConEmuSrv.obj
 0001:00007745       ?GetDataThread@@YGKPAX@Z   54618745 f   ConEmuSrv.obj
 0001:00007993       ?WaitConsoleReady@@YIHH@Z  54618993 f   ConEmuSrv.obj
 0001:00007a50       ?SendConsoleEvent@@YIHPAU_INPUT_RECORD@@I@Z 54618a50 f   ConEmuSrv.obj
 0001:00007b84       ?MySetWindowRgn@@YIHPAUCESERVER_REQ_SETWINDOWRGN@@@Z 54618b84 f   ConEmuSrv.obj
 0001:00007c8e       ??0?$MFileMapping@UConEmuGuiMapping@@@@QAE@XZ 54618c8e f i ConEmuSrv.obj
 0001:00007cb2       ?GetErrorText@?$MFileMapping@UAnnotationHeader@@@@QAEPB_WXZ 54618cb2 f i ConEmuSrv.obj
 0001:00007cb9       ??0?$MFileMapping@UAnnotationHeader@@@@QAE@XZ 54618cb9 f i ConEmuSrv.obj
 0001:00007cdd       ?Ptr@?$MFileMapping@UCESERVER_CONSOLE_MAPPING_HDR@@@@QAEPAUCESERVER_CONSOLE_MAPPING_HDR@@XZ 54618cdd f i ConEmuSrv.obj
 0001:00007ce1       ?GetErrorText@?$MFileMapping@UCESERVER_CONSOLE_MAPPING_HDR@@@@QAEPB_WXZ 54618ce1 f i ConEmuSrv.obj
 0001:00007ce8       ?IsValid@?$MFileMapping@UAnnotationHeader@@@@QAE_NXZ 54618ce8 f i ConEmuSrv.obj
 0001:00007cf1       ?IsValid@?$MFileMapping@UCESERVER_CONSOLE_MAPPING_HDR@@@@QAE_NXZ 54618cf1 f i ConEmuSrv.obj
 0001:00007cfa       ?ClosePtr@?$MFileMapping@UConEmuGuiMapping@@@@QAEXXZ 54618cfa f i ConEmuSrv.obj
 0001:00007d11       ?ClosePtr@?$MFileMapping@UAnnotationHeader@@@@QAEXXZ 54618d11 f i ConEmuSrv.obj
 0001:00007d28       ?Attach2Gui@@YIPAUHWND__@@K@Z 54618d28 f   ConEmuSrv.obj
 0001:0000829f       ?InputThread@@YGKPAX@Z     5461929f f   ConEmuSrv.obj
 0001:00008327       ?ProcessInputMessage@@YIHAAUMSG64@@AAU_INPUT_RECORD@@@Z 54619327 f   ConEmuSrv.obj
 0001:0000840c       ?GetTo@?$MFileMapping@UAnnotationHeader@@@@QAE_NPAUAnnotationHeader@@H@Z 5461940c f i ConEmuSrv.obj
 0001:00008437       ?SetFrom@?$MFileMapping@UCESERVER_CONSOLE_MAPPING_HDR@@@@QAE_NPBUCESERVER_CONSOLE_MAPPING_HDR@@H@Z 54619437 f i ConEmuSrv.obj
 0001:00008487       ?CloseMap@?$MFileMapping@UConEmuGuiMapping@@@@QAEXXZ 54619487 f i ConEmuSrv.obj
 0001:000084bb       ?CloseMap@?$MFileMapping@UAnnotationHeader@@@@QAEXXZ 546194bb f i ConEmuSrv.obj
 0001:000084ef       ??$wcscpy_c@$0BAF@@@YIHAAY0BAF@_WPB_W@Z 546194ef f i ConEmuSrv.obj
 0001:000084fc       ??$wcscpy_c@$0BAE@@@YIHAAY0BAE@_WPB_W@Z 546194fc f i ConEmuSrv.obj
 0001:00008509       ?UpdateConsoleMapHeader@@YIXXZ 54619509 f   ConEmuSrv.obj
 0001:00008800       ?ReloadFullConsoleInfo@@YIHH@Z 54619800 f   ConEmuSrv.obj
 0001:00008947       ?RefreshThread@@YGKPAX@Z   54619947 f   ConEmuSrv.obj
 0001:00008b05       ?InputPipeThread@@YGKPAX@Z 54619b05 f   ConEmuSrv.obj
 0001:00008c36       ?InitName@?$MFileMapping@UConEmuGuiMapping@@@@QAEXPB_WKK@Z 54619c36 f i ConEmuSrv.obj
 0001:00008c64       ??1?$MFileMapping@UConEmuGuiMapping@@@@QAE@XZ 54619c64 f i ConEmuSrv.obj
 0001:00008c6f       ?InitName@?$MFileMapping@UAnnotationHeader@@@@QAEXPB_WKK@Z 54619c6f f i ConEmuSrv.obj
 0001:00008c9d       ??1?$MFileMapping@UAnnotationHeader@@@@QAE@XZ 54619c9d f i ConEmuSrv.obj
 0001:00008ca8       ?InternalOpenCreate@?$MFileMapping@UConEmuGuiMapping@@@@IAEPAUConEmuGuiMapping@@HHH@Z 54619ca8 f i ConEmuSrv.obj
 0001:00008dc0       ?InternalOpenCreate@?$MFileMapping@UAnnotationHeader@@@@IAEPAUAnnotationHeader@@HHH@Z 54619dc0 f i ConEmuSrv.obj
 0001:00008ed6       ??_G?$MFileMapping@UAnnotationHeader@@@@QAEPAXI@Z 54619ed6 f i ConEmuSrv.obj
 0001:00008ef7       ??_G?$MFileMapping@UCESERVER_CONSOLE_MAPPING_HDR@@@@QAEPAXI@Z 54619ef7 f i ConEmuSrv.obj
 0001:00008f18       ?CloseMapHeader@@YIXXZ     54619f18 f   ConEmuSrv.obj
 0001:00008f87       ?Open@?$MFileMapping@UConEmuGuiMapping@@@@QAEPAUConEmuGuiMapping@@HH@Z 54619f87 f i ConEmuSrv.obj
 0001:00008f99       ?Create@?$MFileMapping@UAnnotationHeader@@@@QAEPAUAnnotationHeader@@H@Z 54619f99 f i ConEmuSrv.obj
 0001:00008fa9       ?Create@?$MFileMapping@UCESERVER_CONSOLE_MAPPING_HDR@@@@QAEPAUCESERVER_CONSOLE_MAPPING_HDR@@H@Z 54619fa9 f i ConEmuSrv.obj
 0001:00008fb9       ?LoadGuiSettings@@YIHAAUConEmuGuiMapping@@@Z 54619fb9 f   ConEmuSrv.obj
 0001:0000905b       ?ReloadGuiSettings@@YIHPAUConEmuGuiMapping@@@Z 5461a05b f   ConEmuSrv.obj
 0001:00009247       ?ServerDone@@YIXH_N@Z      5461a247 f   ConEmuSrv.obj
 0001:0000973d       ?CreateMapHeader@@YIHXZ    5461a73d f   ConEmuSrv.obj
 0001:00009a50       ?CreateColorerHeader@@YIHXZ 5461aa50 f   ConEmuSrv.obj
 0001:00009b9e       ?ServerInit@@YIHXZ         5461ab9e f   ConEmuSrv.obj
 0001:0000a993       ??$wcscat_c@$0CAI@@@YIHAAY0CAI@_WPB_W@Z 5461b993 f i Injects.obj
 0001:0000a9a0       ?InjectHookDLL@@YIHU_PROCESS_INFORMATION@@IHPB_WPAK2@Z 5461b9a0 f   Injects.obj
 0001:0000ac6b       ?InjectHooks@@YIHU_PROCESS_INFORMATION@@HH@Z 5461bc6b f   Injects.obj
 0001:0000b002       ?GetImageSubsystem@@YI_NPB_WAAK11@Z 5461c002 f   execute.obj
 0001:0000b1e7       ?GetImageSubsystem@@YI_NAAK0@Z 5461c1e7 f   execute.obj
 0001:0000b23d       ?GetImageSubsystem@@YI_NU_PROCESS_INFORMATION@@AAK1@Z 5461c23d f   execute.obj
 0001:0000b383       ?GetEnclosingSectionHeader@@YIPAU_IMAGE_SECTION_HEADER@@KPAUIMAGE_MAPPING@@@Z 5461c383 f   execute.obj
 0001:0000b3c0       ?GetPtrFromRVA@@YIPAXKPAUIMAGE_MAPPING@@@Z 5461c3c0 f   execute.obj
 0001:0000b3ec       ?FindImageSubsystem@@YI_NPB_WAAK11@Z 5461c3ec f   execute.obj
 0001:0000b8bb       ?strrchr@@YAPADPADH@Z      5461c8bb f i WinObjects.obj
 0001:0000b96d       ?apiSetForegroundWindow@@YIHPAUHWND__@@@Z 5461c96d f   WinObjects.obj
 0001:0000b975       ?apiShowWindow@@YIHPAUHWND__@@H@Z 5461c975 f   WinObjects.obj
 0001:0000b97e       ?apiShowWindowAsync@@YIHPAUHWND__@@H@Z 5461c97e f   WinObjects.obj
 0001:0000b987       ?isWindow@@YIHPAUHWND__@@@Z 5461c987 f   WinObjects.obj
 0001:0000b9d2       ?FileExists@@YIHPB_WPAK@Z  5461c9d2 f   WinObjects.obj
 0001:0000bad6       ?IsFilePath@@YIHPB_W@Z     5461cad6 f   WinObjects.obj
 0001:0000bb5e       ?IsUserAdmin@@YIHXZ        5461cb5e f   WinObjects.obj
 0001:0000bbfe       ?GetLogonSID@@YIHPAXPAPA_W@Z 5461cbfe f   WinObjects.obj
 0001:0000bccf       ?IsWindows64@@YIHPAH@Z     5461cccf f   WinObjects.obj
 0001:0000bd22       ?PointToName@@YIPB_WPB_W@Z 5461cd22 f   WinObjects.obj
 0001:0000bd43       ?PointToName@@YIPBDPBD@Z   5461cd43 f   WinObjects.obj
 0001:0000bd63       ?PointToExt@@YIPB_WPB_W@Z  5461cd63 f   WinObjects.obj
 0001:0000bd78       ?Unquote@@YIPB_WPA_W@Z     5461cd78 f   WinObjects.obj
 0001:0000bdae       ?IsExecutable@@YIHPB_W@Z   5461cdae f   WinObjects.obj
 0001:0000bdf9       ?IsNeedCmd@@YIHPB_WPAHAAY0BAF@_WAAH33@Z 5461cdf9 f   WinObjects.obj
 0001:0000c05d       ?SkipNonPrintable@@YIPB_WPB_W@Z 5461d05d f   WinObjects.obj
 0001:0000c083       ?Close@MConHandle@@QAEXXZ  5461d083 f   WinObjects.obj
 0001:0000c0a7       ??0MEvent@@QAE@XZ          5461d0a7 f   WinObjects.obj
 0001:0000c0bb       ?Close@MEvent@@QAEXXZ      5461d0bb f   WinObjects.obj
 0001:0000c0e0       ?InitName@MEvent@@QAEXPB_WK@Z 5461d0e0 f   WinObjects.obj
 0001:0000c10e       ?Open@MEvent@@QAEPAXXZ     5461d10e f   WinObjects.obj
 0001:0000c155       ?Wait@MEvent@@QAEKKH@Z     5461d155 f   WinObjects.obj
 0001:0000c189       ?GetHandle@MEvent@@QAEPAXXZ 5461d189 f   WinObjects.obj
 0001:0000c190       ??0MSetter@@QAE@PAH@Z      5461d190 f   WinObjects.obj
 0001:0000c1a9       ??0MSetter@@QAE@PAKK@Z     5461d1a9 f   WinObjects.obj
 0001:0000c1ca       ?Unlock@MSetter@@QAEXXZ    5461d1ca f   WinObjects.obj
 0001:0000c1ec       ??0MSection@@QAE@XZ        5461d1ec f   WinObjects.obj
 0001:0000c234       ??1MSection@@QAE@XZ        5461d234 f   WinObjects.obj
 0001:0000c252       ?ThreadTerminated@MSection@@QAEXK@Z 5461d252 f   WinObjects.obj
 0001:0000c275       ?AddRef@MSection@@IAEXK@Z  5461d275 f   WinObjects.obj
 0001:0000c2b3       ?ReleaseRef@MSection@@IAEHK@Z 5461d2b3 f   WinObjects.obj
 0001:0000c301       ?WaitUnlocked@MSection@@IAEXKK@Z 5461d301 f   WinObjects.obj
 0001:0000c35c       ?MyEnterCriticalSection@MSection@@IAE_NK@Z 5461d35c f   WinObjects.obj
 0001:0000c3b4       ?Lock@MSection@@IAEHHK@Z   5461d3b4 f   WinObjects.obj
 0001:0000c45c       ?Unlock@MSection@@IAEXH@Z  5461d45c f   WinObjects.obj
 0001:0000c48e       ??0MSectionThread@@QAE@PAVMSection@@@Z 5461d48e f   WinObjects.obj
 0001:0000c4a6       ??1MSectionThread@@QAE@XZ  5461d4a6 f   WinObjects.obj
 0001:0000c4bc       ??0MSectionLock@@QAE@XZ    5461d4bc f   WinObjects.obj
 0001:0000c4c9       ?Lock@MSectionLock@@QAEHPAVMSection@@HK@Z 5461d4c9 f   WinObjects.obj
 0001:0000c507       ?Unlock@MSectionLock@@QAEXXZ 5461d507 f   WinObjects.obj
 0001:0000c524       ?isLocked@MSectionLock@@QAEHXZ 5461d524 f   WinObjects.obj
 0001:0000c531       ??1MFileLog@@QAE@XZ        5461d531 f   WinObjects.obj
 0001:0000c55d       ?CreateLogFile@MFileLog@@QAEJXZ 5461d55d f   WinObjects.obj
 0001:0000c5c0       ?GetLogFileName@MFileLog@@QAEPB_WXZ 5461d5c0 f   WinObjects.obj
 0001:0000c5d6       ??0CToolTip@@QAE@XZ        5461d5d6 f   WinObjects.obj
 0001:0000c612       ?OnMenuSelected@CToolTip@@UAE_NPAUHMENU__@@GG@Z 5461d612 f i WinObjects.obj
 0001:0000c617       ??1CToolTip@@UAE@XZ        5461d617 f   WinObjects.obj
 0001:0000c672       ?HideTip@CToolTip@@QAEXXZ  5461d672 f   WinObjects.obj
 0001:0000c69f       ?GetShortFileName@@YIHPB_WHPA_WH@Z 5461d69f f   WinObjects.obj
 0001:0000c76b       ?GetShortFileNameEx@@YIPA_WPB_WH@Z 5461d76b f   WinObjects.obj
 0001:0000c97f       ??0MConHandle@@QAE@PB_W@Z  5461d97f f   WinObjects.obj
 0001:0000c9b5       ??1MConHandle@@QAE@XZ      5461d9b5 f   WinObjects.obj
 0001:0000c9c6       ??1MEvent@@QAE@XZ          5461d9c6 f   WinObjects.obj
 0001:0000c9d5       ??1MSetter@@QAE@XZ         5461d9d5 f   WinObjects.obj
 0001:0000c9da       ??1MSectionLock@@QAE@XZ    5461d9da f   WinObjects.obj
 0001:0000c9e6       ?RelockExclusive@MSectionLock@@QAEHK@Z 5461d9e6 f   WinObjects.obj
 0001:0000ca1b       ??_GCToolTip@@UAEPAXI@Z    5461da1b f i WinObjects.obj
 0001:0000ca1b       ??_ECToolTip@@UAEPAXI@Z    5461da1b f i WinObjects.obj
 0001:0000ca37       ?ShowTip@CToolTip@@QAEXPAUHWND__@@0PB_WHUtagPOINT@@PAUHINSTANCE__@@@Z 5461da37 f   WinObjects.obj
 0001:0000cc02       ??$wcscat_c@$0BAE@@@YIHAAY0BAE@_WPB_W@Z 5461dc02 f i WinObjects.obj
 0001:0000cc0f       ??$wcscpy_add@$0CAA@@@YIHHAAY0CAA@_WPB_W@Z 5461dc0f f i WinObjects.obj
 0001:0000cc35       ?RemoveOldComSpecC@@YIXXZ  5461dc35 f   WinObjects.obj
 0001:0000cd87       ??BMConHandle@@QAEQAXXZ    5461dd87 f   WinObjects.obj
 0001:0000cef3       ??0MFileLog@@QAE@PB_W0K@Z  5461def3 f   WinObjects.obj
 0001:0000d002       ?LogString@MFileLog@@QAEXPB_WH0@Z 5461e002 f   WinObjects.obj
 0001:0000d116       ?LogString@MFileLog@@QAEXPBDH0@Z 5461e116 f   WinObjects.obj
 0001:0000d24d       ?ExecutePrepareCmd@@YIXPAUCESERVER_REQ_HDR@@KK@Z 5461e24d f   ConEmuCheck.obj
 0001:0000d29e       ?ExecuteFreeResult@@YIXPAUCESERVER_REQ@@@Z 5461e29e f   ConEmuCheck.obj
 0001:0000d2aa       ?myGetConsoleWindow@@YIPAUHWND__@@XZ 5461e2aa f   ConEmuCheck.obj
 0001:0000d2e9       ?SetConEmuEnvVar@@YIXPAUHWND__@@@Z 5461e2e9 f   ConEmuCheck.obj
 0001:0000d31c       ?ExecutePrepareCmd@@YIXPAUCESERVER_REQ@@KK@Z 5461e31c f   ConEmuCheck.obj
 0001:0000d328       ?ExecuteNewCmd@@YIPAUCESERVER_REQ@@KK@Z 5461e328 f   ConEmuCheck.obj
 0001:0000d355       ??$wcscat_c@$0BAF@@@YIHAAY0BAF@_WPB_W@Z 5461e355 f i ConEmuCheck.obj
 0001:0000d362       ??$wcscpy_add@$0BAF@@@YIHPA_WAAY0BAF@_WPB_W@Z 5461e362 f i ConEmuCheck.obj
 0001:0000d38c       ?ModuleName@@YIPB_WPB_W@Z  5461e38c f   ConEmuCheck.obj
 0001:0000d414       ?ExecuteOpenPipe@@YIPAXPB_WAAY0CAI@_W0@Z 5461e414 f   ConEmuCheck.obj
 0001:0000d561       ?ExecuteNewCmdOnCreate@@YIPAUCESERVER_REQ@@W4CmdOnCreateType@@PB_W11PAK222HHPAX33@Z 5461e561 f   ConEmuCheck.obj
 0001:0000d717       ?ExecuteCmd@@YIPAUCESERVER_REQ@@PB_WPBU1@KPAUHWND__@@@Z 5461e717 f   ConEmuCheck.obj
 0001:0000d852       ?GuiMessageBox@@YIHPAUHWND__@@PB_W1H@Z 5461e852 f   ConEmuCheck.obj
 0001:0000d916       ?ExecuteGuiCmd@@YIPAUCESERVER_REQ@@PAUHWND__@@PBU1@0@Z 5461e916 f   ConEmuCheck.obj
 0001:0000d97c       ?ExecuteSrvCmd@@YIPAUCESERVER_REQ@@KPBU1@PAUHWND__@@@Z 5461e97c f   ConEmuCheck.obj
 0001:0000d9e2       ?LoadSrvMapping@@YIHPAUHWND__@@AAUCESERVER_CONSOLE_MAPPING_HDR@@@Z 5461e9e2 f   ConEmuCheck.obj
 0001:0000da90       ?LoadGuiMapping@@YIHKAAUConEmuGuiMapping@@@Z 5461ea90 f   ConEmuCheck.obj
 0001:0000db3e       ?GetConEmuHWND@@YIPAUHWND__@@H@Z 5461eb3e f   ConEmuCheck.obj
 0001:0000dbe5       ?ConEmuCheck@@YIHPAPAUHWND__@@@Z 5461ebe5 f   ConEmuCheck.obj
 0001:0000dc00       ?FindConEmuBaseDir@@YIHAAY0BAF@_W0@Z 5461ec00 f   ConEmuCheck.obj
 0001:0000dfbc       ?LoadGuiMapping@@YIHPAUHWND__@@AAUConEmuGuiMapping@@@Z 5461efbc f   ConEmuCheck.obj
 0001:0000dfeb       ?NextArg@@YIHPAPB_WAAY0BAF@_W0@Z 5461efeb f   Common.obj
 0001:0000e0f2       ?NextArg@@YIHPAPBDAAY0BAF@D0@Z 5461f0f2 f   Common.obj
 0001:0000e1d2       ?PackInputRecord@@YIHPBU_INPUT_RECORD@@PAUMSG64@@@Z 5461f1d2 f   Common.obj
 0001:0000e2cd       ?UnpackInputRecord@@YIHPBUMSG64@@PAU_INPUT_RECORD@@@Z 5461f2cd f   Common.obj
 0001:0000e404       ?UnloadAdvApi@MNullDesc@@IAEXXZ 5461f404 f i Common.obj
 0001:0000e41b       ??0MNullDesc@@QAE@XZ       5461f41b f i Common.obj
 0001:0000e43d       ??1MNullDesc@@QAE@XZ       5461f43d f i Common.obj
 0001:0000e46e       ??_GMNullDesc@@QAEPAXI@Z   5461f46e f i Common.obj
 0001:0000e4c1       ?SetConsoleInfo@@YIHPAUHWND__@@PAU_CONSOLE_INFO@@@Z 5461f4c1 f   Common.obj
 0001:0000e660       ?GetConsoleSizeInfo@@YIXPAU_CONSOLE_INFO@@@Z 5461f660 f   Common.obj
 0001:0000e6bf       ?SetConsoleFontSizeTo@@YIXPAUHWND__@@HHPB_W@Z 5461f6bf f   Common.obj
 0001:0000e932       ?LoadAdvApi@MNullDesc@@IAEHXZ 5461f932 f i Common.obj
 0001:0000ea4a       ?NullSecurity@MNullDesc@@QAEPAU_SECURITY_ATTRIBUTES@@XZ 5461fa4a f i Common.obj
 0001:0000eabe       ?LocalSecurity@MNullDesc@@QAEPAU_SECURITY_ATTRIBUTES@@XZ 5461fabe f i Common.obj
 0001:0000ebf9       ?NullSecurity@@YIPAU_SECURITY_ATTRIBUTES@@XZ 5461fbf9 f   Common.obj
 0001:0000ec27       ?LocalSecurity@@YIPAU_SECURITY_ATTRIBUTES@@XZ 5461fc27 f   Common.obj
 0001:0000ec55       ?CommonShutdown@@YIXXZ     5461fc55 f   Common.obj
 0001:0000ee14       ?HeapInitialize@@YI_NXZ    5461fe14 f   Memory.obj
 0001:0000ee3a       ?HeapDeinitialize@@YIXXZ   5461fe3a f   Memory.obj
 0001:0000ee52       ?xf_malloc@@YAPAXI@Z       5461fe52 f   Memory.obj
 0001:0000ee65       ?xf_calloc@@YAPAXII@Z      5461fe65 f   Memory.obj
 0001:0000ee7e       ?xf_free@@YAXPAX@Z         5461fe7e f   Memory.obj
 0001:0000ee91       ?xf_validate@@YA_NPAX@Z    5461fe91 f   Memory.obj
 0001:0000eeaa       ??2@YAPAXI@Z               5461feaa f   Memory.obj
 0001:0000eeaf       ??_U@YAPAXI@Z              5461feaf f   Memory.obj
 0001:0000eeb4       ??3@YAXPAX@Z               5461feb4 f   Memory.obj
 0001:0000eeb9       ??_V@YAXPAX@Z              5461feb9 f   Memory.obj
 0001:0000eebe       ?StringCchCopyA@@YGJPADIPBD@Z 5461febe f i Memory.obj
 0001:0000ef1e       ?lstrdup@@YIPADPBD@Z       5461ff1e f   Memory.obj
 0001:0000ef59       ?lstrdup@@YIPA_WPB_W@Z     5461ff59 f   Memory.obj
 0001:0000ef96       ?msprintf@@YAPB_WPA_WIPB_WZZ 5461ff96 f   MStrSafe.obj
 0001:0000f1f0       _wcschr                    546201f0 f   libCRT:strchr.obj
 0001:0000f220       _wcsrchr                   54620220 f   libCRT:strrchr.obj
 0001:0000f250       _memset                    54620250 f   libCRT:memset.obj
 0001:0000f290       _memmove                   54620290 f   libCRT:memmove.obj
 0001:0000f2f0       _iswdigit                  546202f0 f i libCRT:strtol.obj
 0001:0000f310       _iswspace                  54620310 f i libCRT:strtol.obj
 0001:0000f4d0       _wcstol                    546204d0 f   libCRT:strtol.obj
 0001:0000f4f0       _wcstoul                   546204f0 f   libCRT:strtol.obj
 0001:0000f510       _wcsstr                    54620510 f   libCRT:strstr.obj
 0001:0000f570       _wcsncmp                   54620570 f   libCRT:strncmp.obj
 0001:0000f5c0       _strrchr                   546205c0 f   libCRT:strrchr.obj
 0001:0000f5f0       _memcpy                    546205f0 f   libCRT:memcpy.obj
 0001:0000f620       _strchr                    54620620 f   libCRT:strchr.obj
 0001:0000f636       _GetProcAddress@8          54620636 f   kernel32:KERNEL32.dll
 0001:0000f63c       _GetModuleHandleW@4        5462063c f   kernel32:KERNEL32.dll
 0001:0000f642       _lstrcmpiW@8               54620642 f   kernel32:KERNEL32.dll
 0001:0000f648       _GetEnvironmentVariableW@12 54620648 f   kernel32:KERNEL32.dll
 0001:0000f64e       _lstrlenW@4                5462064e f   kernel32:KERNEL32.dll
 0001:0000f654       _GetConsoleScreenBufferInfo@8 54620654 f   kernel32:KERNEL32.dll
 0001:0000f65a       _GetStdHandle@4            5462065a f   kernel32:KERNEL32.dll
 0001:0000f660       _GetModuleFileNameW@12     54620660 f   kernel32:KERNEL32.dll
 0001:0000f666       _FlushFileBuffers@4        54620666 f   kernel32:KERNEL32.dll
 0001:0000f66c       _WriteFile@20              5462066c f   kernel32:KERNEL32.dll
 0001:0000f672       _GetLocalTime@4            54620672 f   kernel32:KERNEL32.dll
 0001:0000f678       _GetCurrentThreadId@0      54620678 f   kernel32:KERNEL32.dll
 0001:0000f67e       _GetConsoleDisplayMode@4   5462067e f   kernel32:KERNEL32.dll
 0001:0000f684       _SetConsoleWindowInfo@12   54620684 f   kernel32:KERNEL32.dll
 0001:0000f68a       _SetConsoleScreenBufferSize@8 5462068a f   kernel32:KERNEL32.dll
 0001:0000f690       _Sleep@4                   54620690 f   kernel32:KERNEL32.dll
 0001:0000f696       _GetTickCount@0            54620696 f   kernel32:KERNEL32.dll
 0001:0000f69c       _SetEvent@4                5462069c f   kernel32:KERNEL32.dll
 0001:0000f6a2       _GetLastError@0            546206a2 f   kernel32:KERNEL32.dll
 0001:0000f6a8       _GetLargestConsoleWindowSize@4 546206a8 f   kernel32:KERNEL32.dll
 0001:0000f6ae       _WaitForMultipleObjects@16 546206ae f   kernel32:KERNEL32.dll
 0001:0000f6b4       _ResetEvent@4              546206b4 f   kernel32:KERNEL32.dll
 0001:0000f6ba       _WriteConsoleA@20          546206ba f   kernel32:KERNEL32.dll
 0001:0000f6c0       _lstrlenA@4                546206c0 f   kernel32:KERNEL32.dll
 0001:0000f6c6       _WriteConsoleW@20          546206c6 f   kernel32:KERNEL32.dll
 0001:0000f6cc       _UnmapViewOfFile@4         546206cc f   kernel32:KERNEL32.dll
 0001:0000f6d2       _ReadConsoleInputW@16      546206d2 f   kernel32:KERNEL32.dll
 0001:0000f6d8       _PeekConsoleInputW@16      546206d8 f   kernel32:KERNEL32.dll
 0001:0000f6de       _FlushConsoleInputBuffer@4 546206de f   kernel32:KERNEL32.dll
 0001:0000f6e4       _GetConsoleWindow@0        546206e4 f   kernel32:KERNEL32.dll
 0001:0000f6ea       _lstrcpynA@12              546206ea f   kernel32:KERNEL32.dll
 0001:0000f6f0       _WaitForSingleObject@8     546206f0 f   kernel32:KERNEL32.dll
 0001:0000f6f6       _CloseHandle@4             546206f6 f   kernel32:KERNEL32.dll
 0001:0000f6fc       _Process32NextW@8          546206fc f   kernel32:KERNEL32.dll
 0001:0000f702       _Process32FirstW@8         54620702 f   kernel32:KERNEL32.dll
 0001:0000f708       _CreateToolhelp32Snapshot@8 54620708 f   kernel32:KERNEL32.dll
 0001:0000f70e       _WriteConsoleInputW@16     5462070e f   kernel32:KERNEL32.dll
 0001:0000f714       _GetCurrentProcessId@0     54620714 f   kernel32:KERNEL32.dll
 0001:0000f71a       _GetCommandLineW@0         5462071a f   kernel32:KERNEL32.dll
 0001:0000f720       _GetCommandLineA@0         54620720 f   kernel32:KERNEL32.dll
 0001:0000f726       _CreateFileW@28            54620726 f   kernel32:KERNEL32.dll
 0001:0000f72c       _FreeLibrary@4             5462072c f   kernel32:KERNEL32.dll
 0001:0000f732       _LoadLibraryW@4            54620732 f   kernel32:KERNEL32.dll
 0001:0000f738       _ContinueDebugEvent@12     54620738 f   kernel32:KERNEL32.dll
 0001:0000f73e       _WideCharToMultiByte@32    5462073e f   kernel32:KERNEL32.dll
 0001:0000f744       _MultiByteToWideChar@24    54620744 f   kernel32:KERNEL32.dll
 0001:0000f74a       _ReadProcessMemory@20      5462074a f   kernel32:KERNEL32.dll
 0001:0000f750       _WaitForDebugEvent@8       54620750 f   kernel32:KERNEL32.dll
 0001:0000f756       _DisconnectNamedPipe@4     54620756 f   kernel32:KERNEL32.dll
 0001:0000f75c       _ReadFile@20               5462075c f   kernel32:KERNEL32.dll
 0001:0000f762       _ExitThread@4              54620762 f   kernel32:KERNEL32.dll
 0001:0000f768       _DebugBreakProcess@4       54620768 f   kernel32:KERNEL32.dll
 0001:0000f76e       _lstrcmpW@8                5462076e f   kernel32:KERNEL32.dll
 0001:0000f774       _MapViewOfFile@20          54620774 f   kernel32:KERNEL32.dll
 0001:0000f77a       _OpenFileMappingW@12       5462077a f   kernel32:KERNEL32.dll
 0001:0000f780       _CreateFileMappingW@24     54620780 f   kernel32:KERNEL32.dll
 0001:0000f786       _DebugActiveProcess@4      54620786 f   kernel32:KERNEL32.dll
 0001:0000f78c       _CreateThread@24           5462078c f   kernel32:KERNEL32.dll
 0001:0000f792       _ConnectNamedPipe@8        54620792 f   kernel32:KERNEL32.dll
 0001:0000f798       _CreateNamedPipeW@32       54620798 f   kernel32:KERNEL32.dll
 0001:0000f79e       _SetConsoleTitleW@4        5462079e f   kernel32:KERNEL32.dll
 0001:0000f7a4       _GetConsoleTitleW@8        546207a4 f   kernel32:KERNEL32.dll
 0001:0000f7aa       _SearchPathW@24            546207aa f   kernel32:KERNEL32.dll
 0001:0000f7b0       _lstrcatW@8                546207b0 f   kernel32:KERNEL32.dll
 0001:0000f7b6       _GetWindowsDirectoryW@8    546207b6 f   kernel32:KERNEL32.dll
 0001:0000f7bc       _GetExitCodeThread@8       546207bc f   kernel32:KERNEL32.dll
 0001:0000f7c2       _CreateEventW@16           546207c2 f   kernel32:KERNEL32.dll
 0001:0000f7c8       _lstrcpyW@8                546207c8 f   kernel32:KERNEL32.dll
 0001:0000f7ce       _lstrcpynW@12              546207ce f   kernel32:KERNEL32.dll
 0001:0000f7d4       _GetExitCodeProcess@8      546207d4 f   kernel32:KERNEL32.dll
 0001:0000f7da       _LocalFree@4               546207da f   kernel32:KERNEL32.dll
 0001:0000f7e0       _FormatMessageW@28         546207e0 f   kernel32:KERNEL32.dll
 0001:0000f7e6       _LocalAlloc@8              546207e6 f   kernel32:KERNEL32.dll
 0001:0000f7ec       _ResumeThread@4            546207ec f   kernel32:KERNEL32.dll
 0001:0000f7f2       _SetCurrentDirectoryW@4    546207f2 f   kernel32:KERNEL32.dll
 0001:0000f7f8       _CreateProcessW@40         546207f8 f   kernel32:KERNEL32.dll
 0001:0000f7fe       _GetVersionExW@4           546207fe f   kernel32:KERNEL32.dll
 0001:0000f804       _GetStartupInfoW@4         54620804 f   kernel32:KERNEL32.dll
 0001:0000f80a       _GetCurrentProcess@0       5462080a f   kernel32:KERNEL32.dll
 0001:0000f810       _GetConsoleAliasesA@12     54620810 f   kernel32:KERNEL32.dll
 0001:0000f816       _GetConsoleAliasesLengthA@4 54620816 f   kernel32:KERNEL32.dll
 0001:0000f81c       _GetConsoleAliasesW@12     5462081c f   kernel32:KERNEL32.dll
 0001:0000f822       _GetConsoleAliasesLengthW@4 54620822 f   kernel32:KERNEL32.dll
 0001:0000f828       _AddConsoleAliasW@12       54620828 f   kernel32:KERNEL32.dll
 0001:0000f82e       _ReadConsoleOutputCharacterW@20 5462082e f   kernel32:KERNEL32.dll
 0001:0000f834       _GetConsoleMode@8          54620834 f   kernel32:KERNEL32.dll
 0001:0000f83a       _GetConsoleOutputCP@0      5462083a f   kernel32:KERNEL32.dll
 0001:0000f840       _GetConsoleCP@0            54620840 f   kernel32:KERNEL32.dll
 0001:0000f846       _GetConsoleCursorInfo@8    54620846 f   kernel32:KERNEL32.dll
 0001:0000f84c       _GetNumberOfConsoleInputEvents@8 5462084c f   kernel32:KERNEL32.dll
 0001:0000f852       _DuplicateHandle@28        54620852 f   kernel32:KERNEL32.dll
 0001:0000f858       _OpenProcess@12            54620858 f   kernel32:KERNEL32.dll
 0001:0000f85e       _GenerateConsoleCtrlEvent@8 5462085e f   kernel32:KERNEL32.dll
 0001:0000f864       _ReadConsoleOutputW@20     54620864 f   kernel32:KERNEL32.dll
 0001:0000f86a       _SetEnvironmentVariableW@8 5462086a f   kernel32:KERNEL32.dll
 0001:0000f870       _TerminateThread@8         54620870 f   kernel32:KERNEL32.dll
 0001:0000f876       _CallNamedPipeW@28         54620876 f   kernel32:KERNEL32.dll
 0001:0000f87c       _SetThreadPriority@8       5462087c f   kernel32:KERNEL32.dll
 0001:0000f882       _SetConsoleMode@8          54620882 f   kernel32:KERNEL32.dll
 0001:0000f888       _SetThreadContext@8        54620888 f   kernel32:KERNEL32.dll
 0001:0000f88e       _FlushInstructionCache@12  5462088e f   kernel32:KERNEL32.dll
 0001:0000f894       _WriteProcessMemory@20     54620894 f   kernel32:KERNEL32.dll
 0001:0000f89a       _VirtualAllocEx@20         5462089a f   kernel32:KERNEL32.dll
 0001:0000f8a0       _OutputDebugStringW@4      546208a0 f   kernel32:KERNEL32.dll
 0001:0000f8a6       _GetThreadContext@8        546208a6 f   kernel32:KERNEL32.dll
 0001:0000f8ac       _SetLastError@4            546208ac f   kernel32:KERNEL32.dll
 0001:0000f8b2       _SetFilePointer@16         546208b2 f   kernel32:KERNEL32.dll
 0001:0000f8b8       _GetFileInformationByHandle@8 546208b8 f   kernel32:KERNEL32.dll
 0001:0000f8be       _Module32FirstW@8          546208be f   kernel32:KERNEL32.dll
 0001:0000f8c4       _ExpandEnvironmentStringsW@12 546208c4 f   kernel32:KERNEL32.dll
 0001:0000f8ca       _DebugBreak@0              546208ca f   kernel32:KERNEL32.dll
 0001:0000f8d0       _FindClose@4               546208d0 f   kernel32:KERNEL32.dll
 0001:0000f8d6       _FindNextFileW@8           546208d6 f   kernel32:KERNEL32.dll
 0001:0000f8dc       _FindFirstFileW@8          546208dc f   kernel32:KERNEL32.dll
 0001:0000f8e2       _OpenEventW@12             546208e2 f   kernel32:KERNEL32.dll
 0001:0000f8e8       _InitializeCriticalSection@4 546208e8 f   kernel32:KERNEL32.dll
 0001:0000f8ee       _DeleteCriticalSection@4   546208ee f   kernel32:KERNEL32.dll
 0001:0000f8f4       _TryEnterCriticalSection@4 546208f4 f   kernel32:KERNEL32.dll
 0001:0000f8fa       _LeaveCriticalSection@4    546208fa f   kernel32:KERNEL32.dll
 0001:0000f900       _GetModuleFileNameA@12     54620900 f   kernel32:KERNEL32.dll
 0001:0000f906       _CreateDirectoryW@8        54620906 f   kernel32:KERNEL32.dll
 0001:0000f90c       _GetTempPathW@8            5462090c f   kernel32:KERNEL32.dll
 0001:0000f912       _GetModuleHandleA@4        54620912 f   kernel32:KERNEL32.dll
 0001:0000f918       _SetNamedPipeHandleState@16 54620918 f   kernel32:KERNEL32.dll
 0001:0000f91e       _WaitNamedPipeW@8          5462091e f   kernel32:KERNEL32.dll
 0001:0000f924       _TransactNamedPipe@28      54620924 f   kernel32:KERNEL32.dll
 0001:0000f92a       _HeapCreate@12             5462092a f   kernel32:KERNEL32.dll
 0001:0000f930       _HeapDestroy@4             54620930 f   kernel32:KERNEL32.dll
 0001:0000f936       _HeapAlloc@12              54620936 f   kernel32:KERNEL32.dll
 0001:0000f93c       _HeapFree@12               5462093c f   kernel32:KERNEL32.dll
 0001:0000f942       _HeapValidate@12           54620942 f   kernel32:KERNEL32.dll
 0001:0000f948       _EnableWindow@8            54620948 f   user32:USER32.dll
 0001:0000f94e       _IsWindowEnabled@4         5462094e f   user32:USER32.dll
 0001:0000f954       _SetWindowPos@28           54620954 f   user32:USER32.dll
 0001:0000f95a       _IsWindowVisible@4         5462095a f   user32:USER32.dll
 0001:0000f960       _wsprintfA                 54620960 f   user32:USER32.dll
 0001:0000f966       _MoveWindow@24             54620966 f   user32:USER32.dll
 0001:0000f96c       _GetWindowRect@8           5462096c f   user32:USER32.dll
 0001:0000f972       _SendMessageW@16           54620972 f   user32:USER32.dll
 0001:0000f978       _IsZoomed@4                54620978 f   user32:USER32.dll
 0001:0000f97e       _IsWindow@4                5462097e f   user32:USER32.dll
 0001:0000f984       _SendMessageTimeoutW@28    54620984 f   user32:USER32.dll
 0001:0000f98a       _PostMessageW@16           5462098a f   user32:USER32.dll
 0001:0000f990       _wsprintfW                 54620990 f   user32:USER32.dll
 0001:0000f996       _MessageBoxW@16            54620996 f   user32:USER32.dll
 0001:0000f99c       _MessageBoxA@16            5462099c f   user32:USER32.dll
 0001:0000f9a2       _RegisterWindowMessageW@4  546209a2 f   user32:USER32.dll
 0001:0000f9a8       _AllowSetForegroundWindow@4 546209a8 f   user32:USER32.dll
 0001:0000f9ae       _keybd_event@16            546209ae f   user32:USER32.dll
 0001:0000f9b4       _CallNextHookEx@16         546209b4 f   user32:USER32.dll
 0001:0000f9ba       _GetKeyState@4             546209ba f   user32:USER32.dll
 0001:0000f9c0       _GetDC@4                   546209c0 f   user32:USER32.dll
 0001:0000f9c6       _GetWindowThreadProcessId@8 546209c6 f   user32:USER32.dll
 0001:0000f9cc       _FindWindowExW@16          546209cc f   user32:USER32.dll
 0001:0000f9d2       _GetForegroundWindow@0     546209d2 f   user32:USER32.dll
 0001:0000f9d8       _IntersectRect@12          546209d8 f   user32:USER32.dll
 0001:0000f9de       _SetWindowRgn@12           546209de f   user32:USER32.dll
 0001:0000f9e4       _WaitForInputIdle@8        546209e4 f   user32:USER32.dll
 0001:0000f9ea       _GetMonitorInfoW@8         546209ea f   user32:USER32.dll
 0001:0000f9f0       _MonitorFromWindow@8       546209f0 f   user32:USER32.dll
 0001:0000f9f6       _SetWindowPlacement@8      546209f6 f   user32:USER32.dll
 0001:0000f9fc       _GetWindowPlacement@8      546209fc f   user32:USER32.dll
 0001:0000fa02       _IsIconic@4                54620a02 f   user32:USER32.dll
 0001:0000fa08       _SetForegroundWindow@4     54620a08 f   user32:USER32.dll
 0001:0000fa0e       _ShowWindow@8              54620a0e f   user32:USER32.dll
 0001:0000fa14       _ShowWindowAsync@8         54620a14 f   user32:USER32.dll
 0001:0000fa1a       _DestroyWindow@4           54620a1a f   user32:USER32.dll
 0001:0000fa20       _GetClientRect@8           54620a20 f   user32:USER32.dll
 0001:0000fa26       _CreateWindowExW@48        54620a26 f   user32:USER32.dll
 0001:0000fa2c       _FindWindowW@8             54620a2c f   user32:USER32.dll
 0001:0000fa32       _EnumDisplayMonitors@16    54620a32 f   user32:USER32.dll
 0001:0000fa38       _DeleteDC@4                54620a38 f   gdi32:GDI32.dll
 0001:0000fa3e       _EnumFontFamiliesExW@20    54620a3e f   gdi32:GDI32.dll
 0001:0000fa44       _DeleteObject@4            54620a44 f   gdi32:GDI32.dll
 0001:0000fa4a       _CombineRgn@16             54620a4a f   gdi32:GDI32.dll
 0001:0000fa50       _CreateRectRgn@16          54620a50 f   gdi32:GDI32.dll
 0001:0000fa56       _RegCloseKey@4             54620a56 f   advapi32:ADVAPI32.dll
 0001:0000fa5c       _RegSetValueExW@24         54620a5c f   advapi32:ADVAPI32.dll
 0001:0000fa62       _RegQueryValueExW@24       54620a62 f   advapi32:ADVAPI32.dll
 0001:0000fa68       _RegOpenKeyExW@20          54620a68 f   advapi32:ADVAPI32.dll
 0001:0000fa6e       _OpenProcessToken@12       54620a6e f   advapi32:ADVAPI32.dll
 0001:0000fa74       _AdjustTokenPrivileges@24  54620a74 f   advapi32:ADVAPI32.dll
 0001:0000fa7a       _LookupPrivilegeValueW@12  54620a7a f   advapi32:ADVAPI32.dll
 0001:0000fa80       _RegUnLoadKeyW@8           54620a80 f   advapi32:ADVAPI32.dll
 0001:0000fa86       _RegCreateKeyExW@36        54620a86 f   advapi32:ADVAPI32.dll
 0001:0000fa8c       _RegLoadKeyW@12            54620a8c f   advapi32:ADVAPI32.dll
 0001:0000fa92       _FreeSid@4                 54620a92 f   advapi32:ADVAPI32.dll
 0001:0000fa98       _CheckTokenMembership@12   54620a98 f   advapi32:ADVAPI32.dll
 0001:0000fa9e       _AllocateAndInitializeSid@44 54620a9e f   advapi32:ADVAPI32.dll
 0001:0000faa4       _ConvertSidToStringSidW@8  54620aa4 f   advapi32:ADVAPI32.dll
 0001:0000faaa       _GetTokenInformation@20    54620aaa f   advapi32:ADVAPI32.dll
 0001:0000fab0       _ShellExecuteExW@4         54620ab0 f   shell32:SHELL32.dll
 0001:0000fb70       ___onexitinit              54620b70 f   LIBCMT:onexit.obj
 0001:0000fba1       __onexit                   54620ba1 f   LIBCMT:onexit.obj
 0001:0000fbdd       _atexit                    54620bdd f   LIBCMT:onexit.obj
 0001:0000fbf4       __CRT_INIT@12              54620bf4 f   LIBCMT:dllcrt0.obj
 0001:0000fe1f       __DllMainCRTStartup@12     54620e1f f   LIBCMT:dllcrt0.obj
 0001:0000fe42       __crt_wait_module_handle   54620e42 f i LIBCMT:tidtable.obj
 0001:0000fe5c       __encode_pointer           54620e5c f   LIBCMT:tidtable.obj
 0001:0000fece       __encoded_null             54620ece f   LIBCMT:tidtable.obj
 0001:0000fed7       __decode_pointer           54620ed7 f   LIBCMT:tidtable.obj
 0001:0000ff49       ___crtTlsAlloc@4           54620f49 f   LIBCMT:tidtable.obj
 0001:0000ff52       ___fls_getvalue@4          54620f52 f   LIBCMT:tidtable.obj
 0001:0000ff6c       ___get_flsindex            54620f6c f   LIBCMT:tidtable.obj
 0001:0000ff72       ___set_flsgetvalue         54620f72 f   LIBCMT:tidtable.obj
 0001:0000ffa6       ___fls_setvalue@8          54620fa6 f   LIBCMT:tidtable.obj
 0001:0000ffc3       __mtterm                   54620fc3 f   LIBCMT:tidtable.obj
 0001:00010000       __initptd                  54621000 f   LIBCMT:tidtable.obj
 0001:000100e7       __getptd_noexit            546210e7 f   LIBCMT:tidtable.obj
 0001:00010160       __getptd                   54621160 f   LIBCMT:tidtable.obj
 0001:0001017a       __freefls@4                5462117a f   LIBCMT:tidtable.obj
 0001:000102a9       __freeptd                  546212a9 f   LIBCMT:tidtable.obj
 0001:00010317       ___threadid                54621317 f   LIBCMT:tidtable.obj
 0001:0001031d       ___threadhandle            5462131d f   LIBCMT:tidtable.obj
 0001:00010323       __mtinit                   54621323 f   LIBCMT:tidtable.obj
 0001:000104b0       _wait_a_bit                546214b0 f i LIBCMT:crtheap.obj
 0001:000104d6       __set_malloc_crt_max_wait  546214d6 f   LIBCMT:crtheap.obj
 0001:000104eb       __malloc_crt               546214eb f   LIBCMT:crtheap.obj
 0001:00010530       __calloc_crt               54621530 f   LIBCMT:crtheap.obj
 0001:0001057c       __realloc_crt              5462157c f   LIBCMT:crtheap.obj
 0001:000105ca       __recalloc_crt             546215ca f   LIBCMT:crtheap.obj
 0001:0001061c       __msize                    5462161c f   LIBCMT:msize.obj
 0001:000106bf       __crt_waiting_on_module_handle 546216bf f   LIBCMT:crt0dat.obj
 0001:000106ef       __amsg_exit                546216ef f   LIBCMT:crt0dat.obj
 0001:00010718       ___crtCorExitProcess       54621718 f   LIBCMT:crt0dat.obj
 0001:00010743       ___crtExitProcess          54621743 f   LIBCMT:crt0dat.obj
 0001:0001075b       __lockexit                 5462175b f   LIBCMT:crt0dat.obj
 0001:00010764       __unlockexit               54621764 f   LIBCMT:crt0dat.obj
 0001:0001078a       __initterm_e               5462178a f   LIBCMT:crt0dat.obj
 0001:000107ae       __get_wpgmptr              546217ae f   LIBCMT:crt0dat.obj
 0001:000107ea       __get_pgmptr               546217ea f   LIBCMT:crt0dat.obj
 0001:00010826       __cinit                    54621826 f   LIBCMT:crt0dat.obj
 0001:000109d7       _exit                      546219d7 f   LIBCMT:crt0dat.obj
 0001:000109ed       __exit                     546219ed f   LIBCMT:crt0dat.obj
 0001:00010a03       __cexit                    54621a03 f   LIBCMT:crt0dat.obj
 0001:00010a12       __c_exit                   54621a12 f   LIBCMT:crt0dat.obj
 0001:00010a21       __init_pointers            54621a21 f   LIBCMT:crt0dat.obj
 0001:00010a70       __SEH_prolog4              54621a70 f   LIBCMT:sehprolg4.obj
 0001:00010ab5       __SEH_epilog4              54621ab5 f   LIBCMT:sehprolg4.obj
 0001:00010b00       __except_handler4          54621b00 f   LIBCMT:chandler4.obj
 0001:00010c8c       _free                      54621c8c f   LIBCMT:free.obj
 0001:00010d1a       __ioinit                   54621d1a f   LIBCMT:ioinit.obj
 0001:00010f6e       __ioterm                   54621f6e f   LIBCMT:ioinit.obj
 0001:00010fbc       __invoke_watson_if_error   54621fbc f i LIBCMT:stdenvp.obj
 0001:00010fe0       __setenvp                  54621fe0 f   LIBCMT:stdenvp.obj
 0001:000110be       __set_pgmptr               546220be f i LIBCMT:stdargv.obj
 0001:00011267       __setargv                  54622267 f   LIBCMT:stdargv.obj
 0001:00011322       ___crtGetEnvironmentStringsA 54622322 f   LIBCMT:a_env.obj
 0001:00011459       __RTC_Initialize           54622459 f   LIBCMT:_initsect_.obj
 0001:0001147f       __RTC_Terminate            5462247f f   LIBCMT:_initsect_.obj
 0001:000114a5       ___heap_select             546224a5 f   LIBCMT:heapinit.obj
 0001:000114a9       __heap_init                546224a9 f   LIBCMT:heapinit.obj
 0001:000114d9       __heap_term                546224d9 f   LIBCMT:heapinit.obj
 0001:0001154d       __get_heap_handle          5462254d f   LIBCMT:heapinit.obj
 0001:00011553       __initp_misc_winxfltr      54622553 f   LIBCMT:winxfltr.obj
 0001:00011589       __XcptFilter               54622589 f   LIBCMT:winxfltr.obj
 0001:000116e9       ___CppXcptFilter           546226e9 f   LIBCMT:winxfltr.obj
 0001:00011709       ___security_init_cookie    54622709 f   LIBCMT:gs_support.obj
 0001:0001179f       __mtinitlocks              5462279f f   LIBCMT:mlock.obj
 0001:000117ea       __mtdeletelocks            546227ea f   LIBCMT:mlock.obj
 0001:00011841       __unlock                   54622841 f   LIBCMT:mlock.obj
 0001:00011858       __lockerr_exit             54622858 f   LIBCMT:mlock.obj
 0001:00011870       __mtinitlocknum            54622870 f   LIBCMT:mlock.obj
 0001:00011933       __lock                     54622933 f   LIBCMT:mlock.obj
 0001:00011966       ____setlc_active_func      54622966 f   LIBCMT:setlocal.obj
 0001:0001196c       ____unguarded_readlc_active_add_func 5462296c f   LIBCMT:setlocal.obj
 0001:00011972       ___freetlocinfo            54622972 f   LIBCMT:setlocal.obj
 0001:00011abb       ___addlocaleref            54622abb f   LIBCMT:setlocal.obj
 0001:00011b4a       ___removelocaleref         54622b4a f   LIBCMT:setlocal.obj
 0001:00011c47       ___updatetlocinfo          54622c47 f   LIBCMT:setlocal.obj
 0001:00011cbd       __configthreadlocale       54622cbd f   LIBCMT:setlocal.obj
 0001:00011d7a       __free_locale              54622d7a f   LIBCMT:setlocal.obj
 0001:00011e3c       ___free_locale             54622e3c f   LIBCMT:setlocal.obj
 0001:00011e47       __get_current_locale       54622e47 f   LIBCMT:setlocal.obj
 0001:00011ef6       ___get_current_locale      54622ef6 f   LIBCMT:setlocal.obj
 0001:00011efb       ___init_dummy              54622efb f   LIBCMT:setlocal.obj
 0001:00011efe       __strcats                  54622efe f   LIBCMT:setlocal.obj
 0001:00011f3e       ___lc_strtolc              54622f3e f   LIBCMT:setlocal.obj
 0001:00012067       ___lc_lctostr              54623067 f   LIBCMT:setlocal.obj
 0001:00012251       __expandlocale             54623251 f   LIBCMT:setlocal.obj
 0001:0001299f       __create_locale            5462399f f   LIBCMT:setlocal.obj
 0001:00012a94       ___create_locale           54623a94 f   LIBCMT:setlocal.obj
 0001:00012a9f       _setlocale                 54623a9f f   LIBCMT:setlocal.obj
 0001:00012c0f       ??1_LocaleUpdate@@QAE@XZ   54623c0f f i LIBCMT:mbctype.obj
 0001:00012c1d       ?GetLocaleT@_LocaleUpdate@@QAEPAUlocaleinfo_struct@@XZ 54623c1d f i LIBCMT:mbctype.obj
 0001:00012e46       ___updatetmbcinfo          54623e46 f   LIBCMT:mbctype.obj
 0001:00012eea       ??0_LocaleUpdate@@QAE@PAUlocaleinfo_struct@@@Z 54623eea f i LIBCMT:mbctype.obj
 0001:00012fed       __setmbcp_nolock           54623fed f   LIBCMT:mbctype.obj
 0001:000131d2       __getmbcp                  546241d2 f   LIBCMT:mbctype.obj
 0001:00013210       __setmbcp                  54624210 f   LIBCMT:mbctype.obj
 0001:000133aa       ___initmbctable            546243aa f   LIBCMT:mbctype.obj
 0001:000133c8       _V6_HeapAlloc              546243c8 f   LIBCMT:malloc.obj
 0001:00013417       __heap_alloc               54624417 f i LIBCMT:malloc.obj
 0001:00013491       _malloc                    54624491 f   LIBCMT:malloc.obj
 0001:0001355b       __calloc_impl              5462455b f   LIBCMT:calloc_impl.obj
 0001:00013679       _realloc                   54624679 f   LIBCMT:realloc.obj
 0001:00013894       __recalloc                 54624894 f   LIBCMT:recalloc.obj
 0001:0001390f       __get_sbh_threshold        5462490f f   LIBCMT:sbheap.obj
 0001:00013930       __set_amblksiz             54624930 f   LIBCMT:sbheap.obj
 0001:0001397b       __get_amblksiz             5462497b f   LIBCMT:sbheap.obj
 0001:000139bc       ___sbh_heap_init           546249bc f   LIBCMT:sbheap.obj
 0001:00013a0a       ___sbh_find_block          54624a0a f   LIBCMT:sbheap.obj
 0001:00013a3a       ___sbh_free_block          54624a3a f   LIBCMT:sbheap.obj
 0001:00013d50       ___sbh_alloc_new_region    54624d50 f   LIBCMT:sbheap.obj
 0001:00013e00       ___sbh_alloc_new_group     54624e00 f   LIBCMT:sbheap.obj
 0001:00013f08       ___sbh_resize_block        54624f08 f   LIBCMT:sbheap.obj
 0001:000141e9       ___sbh_heapmin             546251e9 f   LIBCMT:sbheap.obj
 0001:000142b6       ___sbh_heap_check          546252b6 f   LIBCMT:sbheap.obj
 0001:0001459a       __set_sbh_threshold        5462559a f   LIBCMT:sbheap.obj
 0001:00014649       ___sbh_alloc_block         54625649 f   LIBCMT:sbheap.obj
 0001:0001492e       __initp_misc_invarg        5462592e f   LIBCMT:invarg.obj
 0001:0001493d       __invoke_watson            5462593d f   LIBCMT:invarg.obj
 0001:00014a65       __set_invalid_parameter_handler 54625a65 f   LIBCMT:invarg.obj
 0001:00014a8c       __get_invalid_parameter_handler 54625a8c f   LIBCMT:invarg.obj
 0001:00014a99       ?_invoke_watson@@YAXPBG00II@Z 54625a99 f   LIBCMT:invarg.obj
 0001:00014aa4       __invalid_parameter        54625aa4 f   LIBCMT:invarg.obj
 0001:00014aca       __invalid_parameter_noinfo 54625aca f   LIBCMT:invarg.obj
 0001:00014ada       ?_invalid_parameter@@YAXPBG00II@Z 54625ada f   LIBCMT:invarg.obj
 0001:00014ae5       __get_errno_from_oserr     54625ae5 f   LIBCMT:dosmap.obj
 0001:00014b27       __errno                    54625b27 f   LIBCMT:dosmap.obj
 0001:00014b3a       ___doserrno                54625b3a f   LIBCMT:dosmap.obj
 0001:00014b4d       __dosmaperr                54625b4d f   LIBCMT:dosmap.obj
 0001:00014b70       __set_errno                54625b70 f   LIBCMT:dosmap.obj
 0001:00014b91       __get_errno                54625b91 f   LIBCMT:dosmap.obj
 0001:00014bc0       __set_doserrno             54625bc0 f   LIBCMT:dosmap.obj
 0001:00014be1       __get_doserrno             54625be1 f   LIBCMT:dosmap.obj
 0001:00014c10       __NMSG_WRITE               54625c10 f   LIBCMT:crt0msg.obj
 0001:00014dbb       __GET_RTERRMSG             54625dbb f   LIBCMT:crt0msg.obj
 0001:00014de1       __FF_MSGBANNER             54625de1 f   LIBCMT:crt0msg.obj
 0001:00014e1a       __initp_misc_cfltcvt_tab   54625e1a f   LIBCMT:cmiscdat.obj
 0001:00014e40       __ValidateImageBase        54625e40 f   LIBCMT:pesect.obj
 0001:00014e80       __FindPESection            54625e80 f   LIBCMT:pesect.obj
 0001:00014ed0       __IsNonwritableInCurrentImage 54625ed0 f   LIBCMT:pesect.obj
 0001:00014f8d       ?terminate@@YAXXZ          54625f8d f   LIBCMT:hooks.obj
 0001:00014fc6       ?unexpected@@YAXXZ         54625fc6 f   LIBCMT:hooks.obj
 0001:00014fd9       ?_inconsistency@@YAXXZ     54625fd9 f   LIBCMT:hooks.obj
 0001:00015011       __initp_eh_hooks           54626011 f   LIBCMT:hooks.obj
 0001:00015022       __initp_misc_winsig        54626022 f   LIBCMT:winsig.obj
 0001:00015112       ___get_sigabrt             54626112 f   LIBCMT:winsig.obj
 0001:0001511f       ___fpecode                 5462611f f   LIBCMT:winsig.obj
 0001:00015128       ___pxcptinfoptrs           54626128 f   LIBCMT:winsig.obj
 0001:00015131       _signal                    54626131 f   LIBCMT:winsig.obj
 0001:0001536e       _raise                     5462636e f   LIBCMT:winsig.obj
 0001:0001551e       __initp_misc_rand_s        5462651e f   LIBCMT:rand_s.obj
 0001:0001552d       _rand_s                    5462652d f   LIBCMT:rand_s.obj
 0001:00015635       ___getlocaleinfo           54626635 f   LIBCMT:inithelp.obj
 0001:000157b4       __initp_misc_purevirt      546267b4 f   LIBCMT:inithelp.obj
 0001:000157c3       __initp_misc_initcrit      546267c3 f   LIBCMT:initcrit.obj
 0001:000157d2       ___crtInitCritSecAndSpinCount 546267d2 f   LIBCMT:initcrit.obj
 0001:00015832       __initp_heap_handler       54626832 f   LIBCMT:handler.obj
 0001:00015841       ?_set_new_handler@@YAP6AHI@ZP6AHI@Z@Z 54626841 f   LIBCMT:handler.obj
 0001:00015877       ?_set_new_handler@@YAP6AHI@ZH@Z 54626877 f   LIBCMT:handler.obj
 0001:00015880       ?_query_new_handler@@YAP6AHI@ZXZ 54626880 f   LIBCMT:handler.obj
 0001:0001588d       __callnewh                 5462688d f   LIBCMT:handler.obj
 0001:000158b5       @__security_check_cookie@4 546268b5 f   LIBCMT:secchk.obj
 0001:000158c4       __local_unwind4            546268c4 f   LIBCMT:exsup4.obj
 0001:0001599a       __seh_longjmp_unwind4@4    5462699a f   LIBCMT:exsup4.obj
 0001:000159b6       @_EH4_CallFilterFunc@8     546269b6 f   LIBCMT:exsup4.obj
 0001:000159cd       @_EH4_TransferToHandler@8  546269cd f   LIBCMT:exsup4.obj
 0001:000159e6       @_EH4_GlobalUnwind@4       546269e6 f   LIBCMT:exsup4.obj
 0001:00015a00       @_EH4_LocalUnwind@16       54626a00 f   LIBCMT:exsup4.obj
 0001:00015a17       _strcpy_s                  54626a17 f   LIBCMT:strcpy_s.obj
 0001:00015a80       _strlen                    54626a80 f   LIBCMT:strlen.obj
 0001:00015b5e       __ismbbkalnum_l            54626b5e f   LIBCMT:ismbbyte.obj
 0001:00015b77       __ismbbkalnum              54626b77 f   LIBCMT:ismbbyte.obj
 0001:00015b8f       __ismbbkprint_l            54626b8f f   LIBCMT:ismbbyte.obj
 0001:00015ba8       __ismbbkprint              54626ba8 f   LIBCMT:ismbbyte.obj
 0001:00015bc0       __ismbbkpunct_l            54626bc0 f   LIBCMT:ismbbyte.obj
 0001:00015bd9       __ismbbkpunct              54626bd9 f   LIBCMT:ismbbyte.obj
 0001:00015bf1       __ismbbalnum_l             54626bf1 f   LIBCMT:ismbbyte.obj
 0001:00015c0d       __ismbbalnum               54626c0d f   LIBCMT:ismbbyte.obj
 0001:00015c28       __ismbbalpha_l             54626c28 f   LIBCMT:ismbbyte.obj
 0001:00015c44       __ismbbalpha               54626c44 f   LIBCMT:ismbbyte.obj
 0001:00015c5f       __ismbbgraph_l             54626c5f f   LIBCMT:ismbbyte.obj
 0001:00015c7b       __ismbbgraph               54626c7b f   LIBCMT:ismbbyte.obj
 0001:00015c96       __ismbbprint_l             54626c96 f   LIBCMT:ismbbyte.obj
 0001:00015cb2       __ismbbprint               54626cb2 f   LIBCMT:ismbbyte.obj
 0001:00015ccd       __ismbbpunct_l             54626ccd f   LIBCMT:ismbbyte.obj
 0001:00015ce6       __ismbbpunct               54626ce6 f   LIBCMT:ismbbyte.obj
 0001:00015cfe       __ismbblead_l              54626cfe f   LIBCMT:ismbbyte.obj
 0001:00015d17       __ismbblead                54626d17 f   LIBCMT:ismbbyte.obj
 0001:00015d2f       __ismbbtrail_l             54626d2f f   LIBCMT:ismbbyte.obj
 0001:00015d48       __ismbbtrail               54626d48 f   LIBCMT:ismbbyte.obj
 0001:00015d60       __ismbbkana_l              54626d60 f   LIBCMT:ismbbyte.obj
 0001:00015db5       __ismbbkana                54626db5 f   LIBCMT:ismbbyte.obj
 0001:00015dc8       ___pwctype_func            54626dc8 f   LIBCMT:ctype.obj
 0001:00015dce       ___pctype_func             54626dce f   LIBCMT:ctype.obj
 0001:00016212       ___free_lc_time            54627212 f   LIBCMT:inittime.obj
 0001:000163a7       ___init_time               546273a7 f   LIBCMT:inittime.obj
 0001:00016453       ___free_lconv_num          54627453 f   LIBCMT:initnum.obj
 0001:00016498       ___init_numeric            54627498 f   LIBCMT:initnum.obj
 0001:00016695       ___free_lconv_mon          54627695 f   LIBCMT:initmon.obj
 0001:00016723       ___init_monetary           54627723 f   LIBCMT:initmon.obj
 0001:000169e9       ___init_ctype              546279e9 f   LIBCMT:initctyp.obj
 0001:00016d8b       ____mb_cur_max_func        54627d8b f   LIBCMT:initctyp.obj
 0001:00016db4       ____mb_cur_max_l_func      54627db4 f   LIBCMT:initctyp.obj
 0001:00016dd0       ____lc_codepage_func       54627dd0 f   LIBCMT:initctyp.obj
 0001:00016df6       ____lc_collate_cp_func     54627df6 f   LIBCMT:initctyp.obj
 0001:00016e1c       ____lc_handle_func         54627e1c f   LIBCMT:initctyp.obj
 0001:00016e42       ___init_collate            54627e42 f   LIBCMT:initcoll.obj
 0001:00016e45       __MarkAllocaS              54627e45 f i LIBCMT:strftime.obj
 0001:00016e5b       __freea                    54627e5b f i LIBCMT:strftime.obj
 0001:00016e7b       __Getdays_l                54627e7b f   LIBCMT:strftime.obj
 0001:00016f7b       __Getdays                  54627f7b f   LIBCMT:strftime.obj
 0001:00016f84       __Getmonths_l              54627f84 f   LIBCMT:strftime.obj
 0001:00017084       __Getmonths                54628084 f   LIBCMT:strftime.obj
 0001:0001708d       __Gettnames_l              5462808d f   LIBCMT:strftime.obj
 0001:000173e4       __Gettnames                546283e4 f   LIBCMT:strftime.obj
 0001:00017d07       __Strftime_l               54628d07 f   LIBCMT:strftime.obj
 0001:00017eab       __strftime_l               54628eab f   LIBCMT:strftime.obj
 0001:00017ecb       _strftime                  54628ecb f   LIBCMT:strftime.obj
 0001:00017eea       __Strftime                 54628eea f   LIBCMT:strftime.obj
 0001:00017f0a       _localeconv                54628f0a f   LIBCMT:lconv.obj
 0001:00017f30       _strcat_s                  54628f30 f   LIBCMT:strcat_s.obj
 0001:00017fb0       _strcspn                   54628fb0 f   LIBCMT:strcspn.obj
 0001:00017ff6       _strncpy_s                 54628ff6 f   LIBCMT:strncpy_s.obj
 0001:000180b0       _strcmp                    546290b0 f   LIBCMT:strcmp.obj
 0001:00018733       ___get_qualified_locale    54629733 f   LIBCMT:getqloc.obj
 0001:00019e9a       _memcmp                    5462ae9a f   LIBCMT:memcmp.obj
 0001:0001b6d4       ___crtGetStringTypeA       5462c6d4 f   LIBCMT:a_str.obj
 0001:0001b716       _strncmp                   5462c716 f   LIBCMT:strncmp.obj
 0001:0001b7e0       _strpbrk                   5462c7e0 f   LIBCMT:strpbrk.obj
 0001:0001bbe3       ___crtLCMapStringA         5462cbe3 f   LIBCMT:a_map.obj
 0001:0001bc28       __crt_debugger_hook        5462cc28 f   LIBCMT:dbghook.obj
 0001:0001bc30       ___crtMessageBoxA          5462cc30 f   LIBCMT:crtmbox.obj
 0001:0001bd99       __set_error_mode           5462cd99 f   LIBCMT:errmode.obj
 0001:0001bde4       ___set_app_type            5462cde4 f   LIBCMT:errmode.obj
 0001:0001bdf3       ___get_app_type            5462cdf3 f   LIBCMT:errmode.obj
 0001:0001bdf9       __fptrap                   5462cdf9 f   LIBCMT:crt0fp.obj
 0001:0001be02       _abort                     5462ce02 f   LIBCMT:abort.obj
 0001:0001bf19       __set_abort_behavior       5462cf19 f   LIBCMT:abort.obj
 0001:0001bf3a       __isalpha_l                5462cf3a f i LIBCMT:_ctype.obj
 0001:0001bf90       _isalpha                   5462cf90 f i LIBCMT:_ctype.obj
 0001:0001bfc0       __isupper_l                5462cfc0 f i LIBCMT:_ctype.obj
 0001:0001c011       _isupper                   5462d011 f i LIBCMT:_ctype.obj
 0001:0001c03f       __islower_l                5462d03f f i LIBCMT:_ctype.obj
 0001:0001c090       _islower                   5462d090 f i LIBCMT:_ctype.obj
 0001:0001c0be       __isdigit_l                5462d0be f i LIBCMT:_ctype.obj
 0001:0001c10f       _isdigit                   5462d10f f i LIBCMT:_ctype.obj
 0001:0001c13d       __isxdigit_l               5462d13d f i LIBCMT:_ctype.obj
 0001:0001c193       _isxdigit                  5462d193 f i LIBCMT:_ctype.obj
 0001:0001c1c3       __isspace_l                5462d1c3 f i LIBCMT:_ctype.obj
 0001:0001c214       _isspace                   5462d214 f i LIBCMT:_ctype.obj
 0001:0001c242       __ispunct_l                5462d242 f i LIBCMT:_ctype.obj
 0001:0001c293       _ispunct                   5462d293 f i LIBCMT:_ctype.obj
 0001:0001c2c1       __isalnum_l                5462d2c1 f i LIBCMT:_ctype.obj
 0001:0001c317       _isalnum                   5462d317 f i LIBCMT:_ctype.obj
 0001:0001c347       __isprint_l                5462d347 f i LIBCMT:_ctype.obj
 0001:0001c39d       _isprint                   5462d39d f i LIBCMT:_ctype.obj
 0001:0001c3cd       __isgraph_l                5462d3cd f i LIBCMT:_ctype.obj
 0001:0001c423       _isgraph                   5462d423 f i LIBCMT:_ctype.obj
 0001:0001c453       __iscntrl_l                5462d453 f i LIBCMT:_ctype.obj
 0001:0001c4a4       _iscntrl                   5462d4a4 f i LIBCMT:_ctype.obj
 0001:0001c4d2       ___isascii                 5462d4d2 f i LIBCMT:_ctype.obj
 0001:0001c4e4       ___toascii                 5462d4e4 f i LIBCMT:_ctype.obj
 0001:0001c4f1       __iscsymf_l                5462d4f1 f i LIBCMT:_ctype.obj
 0001:0001c514       ___iscsymf                 5462d514 f i LIBCMT:_ctype.obj
 0001:0001c533       __iscsym_l                 5462d533 f i LIBCMT:_ctype.obj
 0001:0001c556       ___iscsym                  5462d556 f i LIBCMT:_ctype.obj
 0001:0001c590       ___crtGetLocaleInfoW       5462d590 f   LIBCMT:w_loc.obj
 0001:0001c703       ___crtGetLocaleInfoA       5462d703 f   LIBCMT:a_loc.obj
 0001:0001c740       ___report_gsfailure        5462d740 f   LIBCMT:gs_report.obj
 0001:0001c848       __global_unwind2           5462d848 f   LIBCMT:exsup.obj
 0001:0001c8ad       __local_unwind2            5462d8ad f   LIBCMT:exsup.obj
 0001:0001c931       __abnormal_termination     5462d931 f   LIBCMT:exsup.obj
 0001:0001c954       __NLG_Notify1              5462d954 f   LIBCMT:exsup.obj
 0001:0001c95d       __NLG_Notify               5462d95d f   LIBCMT:exsup.obj
 0001:0001c974       __NLG_Dispatch             5462d974     LIBCMT:exsup.obj
 0001:0001c974       __NLG_Dispatch2            5462d974     LIBCMT:exsup.obj
 0001:0001c97c       __NLG_Call                 5462d97c f   LIBCMT:exsup.obj
 0001:0001c97e       __NLG_Return2              5462d97e     LIBCMT:exsup.obj
 0001:0001c97f       __get_daylight             5462d97f f   LIBCMT:timeset.obj
 0001:0001c9b8       __get_dstbias              5462d9b8 f   LIBCMT:timeset.obj
 0001:0001c9f1       __get_timezone             5462d9f1 f   LIBCMT:timeset.obj
 0001:0001ca2a       __get_tzname               5462da2a f   LIBCMT:timeset.obj
 0001:0001cace       ___daylight                5462dace f   LIBCMT:timeset.obj
 0001:0001cad4       ___dstbias                 5462dad4 f   LIBCMT:timeset.obj
 0001:0001cada       ___timezone                5462dada f   LIBCMT:timeset.obj
 0001:0001cae0       ___tzname                  5462dae0 f   LIBCMT:timeset.obj
 0001:0001cae6       __set_daylight             5462dae6 f i LIBCMT:tzset.obj
 0001:0001caf7       __set_dstbias              5462daf7 f i LIBCMT:tzset.obj
 0001:0001cb08       __set_timezone             5462db08 f i LIBCMT:tzset.obj
 0001:0001d22e       ___tzset                   5462e22e f   LIBCMT:tzset.obj
 0001:0001d27d       __tzset                    5462e27d f   LIBCMT:tzset.obj
 0001:0001d2b5       __isindst                  5462e2b5 f   LIBCMT:tzset.obj
 0001:0001d2f6       ___ascii_stricmp           5462e2f6 f   LIBCMT:stricmp.obj
 0001:0001d32f       __stricmp_l                5462e32f f   LIBCMT:stricmp.obj
 0001:0001d404       __stricmp                  5462e404 f   LIBCMT:stricmp.obj
 0001:0001d456       __isleadbyte_l             5462e456 f i LIBCMT:_wctype.obj
 0001:0001d48e       _isleadbyte                5462e48e f i LIBCMT:_wctype.obj
 0001:0001d4a1       __iswalpha_l               5462e4a1 f i LIBCMT:_wctype.obj
 0001:0001d4bb       _iswalpha                  5462e4bb f i LIBCMT:_wctype.obj
 0001:0001d4d1       __iswupper_l               5462e4d1 f i LIBCMT:_wctype.obj
 0001:0001d4e8       _iswupper                  5462e4e8 f i LIBCMT:_wctype.obj
 0001:0001d4fb       __iswlower_l               5462e4fb f i LIBCMT:_wctype.obj
 0001:0001d512       _iswlower                  5462e512 f i LIBCMT:_wctype.obj
 0001:0001d525       __iswdigit_l               5462e525 f i LIBCMT:_wctype.obj
 0001:0001d53c       __iswxdigit_l              5462e53c f i LIBCMT:_wctype.obj
 0001:0001d556       _iswxdigit                 5462e556 f i LIBCMT:_wctype.obj
 0001:0001d56c       __iswspace_l               5462e56c f i LIBCMT:_wctype.obj
 0001:0001d583       __iswpunct_l               5462e583 f i LIBCMT:_wctype.obj
 0001:0001d59a       _iswpunct                  5462e59a f i LIBCMT:_wctype.obj
 0001:0001d5ad       __iswalnum_l               5462e5ad f i LIBCMT:_wctype.obj
 0001:0001d5c7       _iswalnum                  5462e5c7 f i LIBCMT:_wctype.obj
 0001:0001d5dd       __iswprint_l               5462e5dd f i LIBCMT:_wctype.obj
 0001:0001d5f7       _iswprint                  5462e5f7 f i LIBCMT:_wctype.obj
 0001:0001d60d       __iswgraph_l               5462e60d f i LIBCMT:_wctype.obj
 0001:0001d627       _iswgraph                  5462e627 f i LIBCMT:_wctype.obj
 0001:0001d63d       __iswcntrl_l               5462e63d f i LIBCMT:_wctype.obj
 0001:0001d654       _iswcntrl                  5462e654 f i LIBCMT:_wctype.obj
 0001:0001d667       _iswascii                  5462e667 f i LIBCMT:_wctype.obj
 0001:0001d67b       __iswcsym_l                5462e67b f i LIBCMT:_wctype.obj
 0001:0001d6a5       ___iswcsym                 5462e6a5 f i LIBCMT:_wctype.obj
 0001:0001d6cb       __iswcsymf_l               5462e6cb f i LIBCMT:_wctype.obj
 0001:0001d6f5       ___iswcsymf                5462e6f5 f i LIBCMT:_wctype.obj
 0001:0001d720       __alloca_probe_16          5462e720 f   LIBCMT:alloca16.obj
 0001:0001d736       __alloca_probe_8           5462e736     LIBCMT:alloca16.obj
 0001:0001d74c       _atol                      5462e74c f   LIBCMT:atox.obj
 0001:0001d762       __atol_l                   5462e762 f   LIBCMT:atox.obj
 0001:0001d77b       _atoi                      5462e77b f   LIBCMT:atox.obj
 0001:0001d786       __atoi_l                   5462e786 f   LIBCMT:atox.obj
 0001:0001d791       __atoi64                   5462e791 f   LIBCMT:atox.obj
 0001:0001d7a7       __atoi64_l                 5462e7a7 f   LIBCMT:atox.obj
 0001:0001d7c0       __strnicmp_l               5462e7c0 f   LIBCMT:strnicmp.obj
 0001:0001d8b2       __strnicmp                 5462e8b2 f   LIBCMT:strnicmp.obj
 0001:0001d9ed       __itoa_s                   5462e9ed f   LIBCMT:xtoas.obj
 0001:0001da17       __ltoa_s                   5462ea17 f   LIBCMT:xtoas.obj
 0001:0001da3e       __ultoa_s                  5462ea3e f   LIBCMT:xtoas.obj
 0001:0001db50       __i64toa_s                 5462eb50 f   LIBCMT:xtoas.obj
 0001:0001db85       __ui64toa_s                5462eb85 f   LIBCMT:xtoas.obj
 0001:0001dba4       ___ansicp                  5462eba4 f   LIBCMT:convrtcp.obj
 0001:0001dbed       ___convertcp               5462ebed f   LIBCMT:convrtcp.obj
 0001:0001dda1       __isctype_l                5462eda1 f   LIBCMT:isctype.obj
 0001:0001de59       __isctype                  5462ee59 f   LIBCMT:isctype.obj
 0001:0001de8b       __getenv_helper_nolock     5462ee8b f   LIBCMT:getenv.obj
 0001:0001e04b       _getenv                    5462f04b f   LIBCMT:getenv.obj
 0001:0001e0ce       _getenv_s                  5462f0ce f   LIBCMT:getenv.obj
 0001:0001e1a6       __dupenv_s                 5462f1a6 f   LIBCMT:getenv.obj
 0001:0001e28c       __tolower                  5462f28c f   LIBCMT:tolower.obj
 0001:0001e299       __tolower_l                5462f299 f   LIBCMT:tolower.obj
 0001:0001e3ae       _tolower                   5462f3ae f   LIBCMT:tolower.obj
 0001:0001e3da       __iswctype_l               5462f3da f   LIBCMT:iswctype.obj
 0001:0001e464       _iswctype                  5462f464 f   LIBCMT:iswctype.obj
 0001:0001e4da       _is_wctype                 5462f4da f   LIBCMT:iswctype.obj
 0001:0001e714       _strtol                    5462f714 f   LIBCMT:strtol.obj
 0001:0001e73f       __strtol_l                 5462f73f f   LIBCMT:strtol.obj
 0001:0001e75c       _strtoul                   5462f75c f   LIBCMT:strtol.obj
 0001:0001e788       __strtoul_l                5462f788 f   LIBCMT:strtol.obj
 0001:0001ea3c       __strtoi64                 5462fa3c f   LIBCMT:strtoq.obj
 0001:0001ea67       __strtoi64_l               5462fa67 f   LIBCMT:strtoq.obj
 0001:0001ea84       __strtoui64                5462fa84 f   LIBCMT:strtoq.obj
 0001:0001eab0       __strtoui64_l              5462fab0 f   LIBCMT:strtoq.obj
 0001:0001ead0       ___ascii_strnicmp          5462fad0 f   LIBCMT:_strnicm.obj
 0001:0001eb40       __aulldvrm                 5462fb40 f   LIBCMT:ulldvrm.obj
 0001:0001ebd5       __mbsnbicoll_l             5462fbd5 f   LIBCMT:mbsnbico.obj
 0001:0001ecc3       __mbsnbicoll               5462fcc3 f   LIBCMT:mbsnbico.obj
 0001:0001ecdd       ___wtomb_environ           5462fcdd f   LIBCMT:wtombenv.obj
 0001:0001ed74       _calloc                    5462fd74 f   LIBCMT:calloc.obj
 0001:0001edb4       _strnlen                   5462fdb4 f   LIBCMT:strlen_s.obj
 0001:0001edf4       ___crtGetStringTypeW       5462fdf4 f   LIBCMT:w_str.obj
 0001:0001ee40       __allmul                   5462fe40 f   LIBCMT:llmul.obj
 0001:0001f202       ___crtCompareStringA       54630202 f   LIBCMT:a_cmp.obj
 0001:0001f244       __strnicoll_l              54630244 f   LIBCMT:strnicol.obj
 0001:0001f33e       __strnicoll                5463033e f   LIBCMT:strnicol.obj
 0001:0001f413       ___crtsetenv               54630413 f   LIBCMT:setenv.obj
 0001:0001f65e       __strdup                   5463065e f   LIBCMT:strdup.obj
 0001:0001f6b3       __mbschr_l                 546306b3 f   LIBCMT:mbschr.obj
 0001:0001f76f       __mbschr                   5463076f f   LIBCMT:mbschr.obj
 0001:0001f786       _TlsGetValue@4             54630786 f   kernel32:KERNEL32.dll
 0001:0001f78c       _TlsAlloc@0                5463078c f   kernel32:KERNEL32.dll
 0001:0001f792       _TlsSetValue@8             54630792 f   kernel32:KERNEL32.dll
 0001:0001f798       _TlsFree@4                 54630798 f   kernel32:KERNEL32.dll
 0001:0001f79e       _InterlockedIncrement@4    5463079e f   kernel32:KERNEL32.dll
 0001:0001f7a4       _InterlockedDecrement@4    546307a4 f   kernel32:KERNEL32.dll
 0001:0001f7aa       _GetCurrentThread@0        546307aa f   kernel32:KERNEL32.dll
 0001:0001f7b0       _HeapSize@12               546307b0 f   kernel32:KERNEL32.dll
 0001:0001f7b6       _ExitProcess@4             546307b6 f   kernel32:KERNEL32.dll
 0001:0001f7bc       _SetHandleCount@4          546307bc f   kernel32:KERNEL32.dll
 0001:0001f7c2       _GetFileType@4             546307c2 f   kernel32:KERNEL32.dll
 0001:0001f7c8       _GetStartupInfoA@4         546307c8 f   kernel32:KERNEL32.dll
 0001:0001f7ce       _FreeEnvironmentStringsA@4 546307ce f   kernel32:KERNEL32.dll
 0001:0001f7d4       _GetEnvironmentStrings@0   546307d4 f   kernel32:KERNEL32.dll
 0001:0001f7da       _FreeEnvironmentStringsW@4 546307da f   kernel32:KERNEL32.dll
 0001:0001f7e0       _GetEnvironmentStringsW@0  546307e0 f   kernel32:KERNEL32.dll
 0001:0001f7e6       _VirtualFree@12            546307e6 f   kernel32:KERNEL32.dll
 0001:0001f7ec       _QueryPerformanceCounter@4 546307ec f   kernel32:KERNEL32.dll
 0001:0001f7f2       _GetSystemTimeAsFileTime@4 546307f2 f   kernel32:KERNEL32.dll
 0001:0001f7f8       _FatalAppExitA@8           546307f8 f   kernel32:KERNEL32.dll
 0001:0001f7fe       _EnterCriticalSection@4    546307fe f   kernel32:KERNEL32.dll
 0001:0001f804       _GetCPInfo@8               54630804 f   kernel32:KERNEL32.dll
 0001:0001f80a       _GetACP@0                  5463080a f   kernel32:KERNEL32.dll
 0001:0001f810       _GetOEMCP@0                54630810 f   kernel32:KERNEL32.dll
 0001:0001f816       _IsValidCodePage@4         54630816 f   kernel32:KERNEL32.dll
 0001:0001f81c       _HeapReAlloc@16            5463081c f   kernel32:KERNEL32.dll
 0001:0001f822       _VirtualAlloc@16           54630822 f   kernel32:KERNEL32.dll
 0001:0001f828       _TerminateProcess@8        54630828 f   kernel32:KERNEL32.dll
 0001:0001f82e       _UnhandledExceptionFilter@4 5463082e f   kernel32:KERNEL32.dll
 0001:0001f834       _SetUnhandledExceptionFilter@4 54630834 f   kernel32:KERNEL32.dll
 0001:0001f83a       _IsDebuggerPresent@0       5463083a f   kernel32:KERNEL32.dll
 0001:0001f840       _SetConsoleCtrlHandler@8   54630840 f   kernel32:KERNEL32.dll
 0001:0001f846       _InterlockedExchange@8     54630846 f   kernel32:KERNEL32.dll
 0001:0001f84c       _LoadLibraryA@4            5463084c f   kernel32:KERNEL32.dll
 0001:0001f852       _InitializeCriticalSectionAndSpinCount@8 54630852 f   kernel32:KERNEL32.dll
 0001:0001f858       _RtlUnwind@16              54630858 f   kernel32:KERNEL32.dll
 0001:0001f85e       _GetTimeFormatA@24         5463085e f   kernel32:KERNEL32.dll
 0001:0001f864       _GetDateFormatA@24         54630864 f   kernel32:KERNEL32.dll
 0001:0001f86a       _GetUserDefaultLCID@0      5463086a f   kernel32:KERNEL32.dll
 0001:0001f870       _GetLocaleInfoA@16         54630870 f   kernel32:KERNEL32.dll
 0001:0001f876       _EnumSystemLocalesA@8      54630876 f   kernel32:KERNEL32.dll
 0001:0001f87c       _IsValidLocale@8           5463087c f   kernel32:KERNEL32.dll
 0001:0001f882       _GetStringTypeA@20         54630882 f   kernel32:KERNEL32.dll
 0001:0001f888       _GetStringTypeW@16         54630888 f   kernel32:KERNEL32.dll
 0001:0001f88e       _LCMapStringA@24           5463088e f   kernel32:KERNEL32.dll
 0001:0001f894       _LCMapStringW@24           54630894 f   kernel32:KERNEL32.dll
 0001:0001f89a       _GetLocaleInfoW@16         5463089a f   kernel32:KERNEL32.dll
 0001:0001f8a0       _GetTimeZoneInformation@4  546308a0 f   kernel32:KERNEL32.dll
 0001:0001f8a6       _CompareStringA@24         546308a6 f   kernel32:KERNEL32.dll
 0001:0001f8ac       _CompareStringW@24         546308ac f   kernel32:KERNEL32.dll
 0001:0001f8b2       _SetEnvironmentVariableA@8 546308b2 f   kernel32:KERNEL32.dll
 0002:00000000       __imp__ConvertSidToStringSidW@8 54631000     advapi32:ADVAPI32.dll
 0002:00000004       __imp__AllocateAndInitializeSid@44 54631004     advapi32:ADVAPI32.dll
 0002:00000008       __imp__CheckTokenMembership@12 54631008     advapi32:ADVAPI32.dll
 0002:0000000c       __imp__FreeSid@4           5463100c     advapi32:ADVAPI32.dll
 0002:00000010       __imp__RegLoadKeyW@12      54631010     advapi32:ADVAPI32.dll
 0002:00000014       __imp__RegCreateKeyExW@36  54631014     advapi32:ADVAPI32.dll
 0002:00000018       __imp__RegUnLoadKeyW@8     54631018     advapi32:ADVAPI32.dll
 0002:0000001c       __imp__LookupPrivilegeValueW@12 5463101c     advapi32:ADVAPI32.dll
 0002:00000020       __imp__AdjustTokenPrivileges@24 54631020     advapi32:ADVAPI32.dll
 0002:00000024       __imp__OpenProcessToken@12 54631024     advapi32:ADVAPI32.dll
 0002:00000028       __imp__RegOpenKeyExW@20    54631028     advapi32:ADVAPI32.dll
 0002:0000002c       __imp__RegQueryValueExW@24 5463102c     advapi32:ADVAPI32.dll
 0002:00000030       __imp__RegSetValueExW@24   54631030     advapi32:ADVAPI32.dll
[...]
 0003:00000b08       ___lconv                   54639b08     LIBCMT:lconv.obj
 0003:00000b0c       ___globallocalestatus      54639b0c     LIBCMT:glstatus.obj
 0003:00000b10       ___mb_cur_max              54639b10     LIBCMT:nlsdata1.obj
 0003:00000b14       ___decimal_point           54639b14     LIBCMT:nlsdata1.obj
 0003:00000b18       ___decimal_point_length    54639b18     LIBCMT:nlsdata1.obj
 0003:00000b20       ___abort_behavior          54639b20     LIBCMT:abort.obj
 0003:00000b24       __NLG_Destination          54639b24     LIBCMT:exsup.obj
 0003:00000b38       __timezone                 54639b38     LIBCMT:timeset.obj
 0003:00000b3c       __daylight                 54639b3c     LIBCMT:timeset.obj
 0003:00000b40       __dstbias                  54639b40     LIBCMT:timeset.obj
 0003:00000bc8       __tzname                   54639bc8     LIBCMT:timeset.obj
 0003:00000bf0       __lpdays                   54639bf0     LIBCMT:days.obj
 0003:00000c24       __days                     54639c24     LIBCMT:days.obj
 0003:00000c60       ?gOSVer@@3U_OSVERSIONINFOW@@A 54639c60     ConsoleMain.obj
 0003:00000d74       ?pfnGetConsoleKeyboardLayoutName@@3P6GHPA_W@ZA 54639d74     ConsoleMain.obj
 0003:00000d78       ?pfnGetConsoleProcessList@@3P6GKPAKK@ZA 54639d78     ConsoleMain.obj
 0003:00000d7c       ?pfnDebugActiveProcessStop@@3P6GHK@ZA 54639d7c     ConsoleMain.obj
 0003:00000d80       ?pfnDebugSetProcessKillOnExit@@3P6GHH@ZA 54639d80     ConsoleMain.obj
 0003:00000d84       ?ghOurModule@@3PAUHINSTANCE__@@A 54639d84     ConsoleMain.obj
 0003:00000d88       ?gnSelfPID@@3KA            54639d88     ConsoleMain.obj
 0003:00000d8c       ?gbTerminateOnExit@@3HA    54639d8c     ConsoleMain.obj
 0003:00000d90       ?ghConWnd@@3PAUHWND__@@A   54639d90     ConsoleMain.obj
 0003:00000d94       ?ghConEmuWnd@@3PAUHWND__@@A 54639d94     ConsoleMain.obj
 0003:00000d98       ?ghConEmuWndDC@@3PAUHWND__@@A 54639d98     ConsoleMain.obj
 0003:00000d9c       ?gnServerPID@@3KA          54639d9c     ConsoleMain.obj
 0003:00000da0       ?gbLogProcess@@3HA         54639da0     ConsoleMain.obj
 0003:00000da4       ?gbWasBufferHeight@@3HA    54639da4     ConsoleMain.obj
 0003:00000da8       ?gbNonGuiMode@@3HA         54639da8     ConsoleMain.obj
 0003:00000dac       ?gnExitCode@@3KA           54639dac     ConsoleMain.obj
 0003:00000db0       ?ghExitQueryEvent@@3PAXA   54639db0     ConsoleMain.obj
 0003:00000db4       ?nExitQueryPlace@@3HA      54639db4     ConsoleMain.obj
 0003:00000db8       ?nExitPlaceStep@@3HA       54639db8     ConsoleMain.obj
 0003:00000dbc       ?nExitPlaceThread@@3HA     54639dbc     ConsoleMain.obj
 0003:00000dc0       ?ghQuitEvent@@3PAXA        54639dc0     ConsoleMain.obj
 0003:00000dc4       ?gbQuit@@3_NA              54639dc4     ConsoleMain.obj
 0003:00000dc8       ?gbInShutdown@@3HA         54639dc8     ConsoleMain.obj
 0003:00000dcc       ?gbTerminateOnCtrlBreak@@3HA 54639dcc     ConsoleMain.obj
 0003:00000dd0       ?gnConfirmExitParm@@3HA    54639dd0     ConsoleMain.obj
 0003:00000dd4       ?gbAlwaysConfirmExit@@3HA  54639dd4     ConsoleMain.obj
 0003:00000dd8       ?gbAutoDisableConfirmExit@@3HA 54639dd8     ConsoleMain.obj
 0003:00000ddc       ?gbRootAliveLess10sec@@3HA 54639ddc     ConsoleMain.obj
 0003:00000de0       ?gbRootWasFoundInCon@@3HA  54639de0     ConsoleMain.obj
 0003:00000de4       ?gbAttachMode@@3HA         54639de4     ConsoleMain.obj
 0003:00000de8       ?gbAlienMode@@3HA          54639de8     ConsoleMain.obj
 0003:00000dec       ?gbForceHideConWnd@@3HA    54639dec     ConsoleMain.obj
 0003:00000df0       ?gdwMainThreadId@@3KA      54639df0     ConsoleMain.obj
 0003:00000df4       ?gpszRunCmd@@3PA_WA        54639df4     ConsoleMain.obj
 0003:00000df8       ?gnImageSubsystem@@3KA     54639df8     ConsoleMain.obj
 0003:00000dfc       ?gnRunMode@@3W4tag_RunMode@@A 54639dfc     ConsoleMain.obj
 0003:00000e00       ?gbNoCreateProcess@@3HA    54639e00     ConsoleMain.obj
 0003:00000e04       ?gbDebugProcess@@3HA       54639e04     ConsoleMain.obj
 0003:00000e08       ?gnCmdUnicodeMode@@3HA     54639e08     ConsoleMain.obj
 0003:00000e0c       ?gbUseDosBox@@3HA          54639e0c     ConsoleMain.obj
 0003:00000e10       ?ghDosBoxProcess@@3PAXA    54639e10     ConsoleMain.obj
 0003:00000e14       ?gnDosBoxPID@@3KA          54639e14     ConsoleMain.obj
 0003:00000e18       ?gbAttachFromFar@@3HA      54639e18     ConsoleMain.obj
 0003:00000e1c       ?gbSkipWowChange@@3HA      54639e1c     ConsoleMain.obj
 0003:00000e20       ?gnConsoleModeFlags@@3KA   54639e20     ConsoleMain.obj
 0003:00000e24       ?gpSrv@@3PAUSrvInfo@@A     54639e24     ConsoleMain.obj
 0003:00000e28       ?gpStoredOutput@@3PAUCESERVER_CONSAVE@@A 54639e28     ConsoleMain.obj
 0003:00000e2c       ?gbParmBufferSize@@3HA     54639e2c     ConsoleMain.obj
 0003:00000e30       ?gnBufferHeight@@3FA       54639e30     ConsoleMain.obj
 0003:00000e34       ?gnBufferWidth@@3FA        54639e34     ConsoleMain.obj
 0003:00000e38       ?gpszPrevConTitle@@3PA_WA  54639e38     ConsoleMain.obj
 0003:00000e3c       ?ghLogSize@@3PAXA          54639e3c     ConsoleMain.obj
 0003:00000e40       ?wpszLogSizeFile@@3PA_WA   54639e40     ConsoleMain.obj
 0003:00000e44       ?gbInRecreateRoot@@3HA     54639e44     ConsoleMain.obj
 0003:00000e48       ?gfnLoadLibrary@@3IA       54639e48     ConsoleMain.obj
 0003:00000e4c       ?gnMsgActivateCon@@3IA     54639e4c     ConsoleMain.obj
 0003:00000e50       ?ghConOut@@3VMConHandle@@A 54639e50     ConsoleMain.obj
 0003:00001af4       ?ghKeyHook@@3PAUHHOOK__@@A 5463aaf4     GuiHooks.obj
 0003:00001af8       ?ghKeyHookConEmuRoot@@3PAUHWND__@@A 5463aaf8     GuiHooks.obj
 0003:00001afc       ?gnOtherWin@@3EA           5463aafc     GuiHooks.obj
 0003:00001b00       ?gnSkipVkModCode@@3KA      5463ab00     GuiHooks.obj
 0003:00001b04       ?gnSkipVkKeyCode@@3KA      5463ab04     GuiHooks.obj
 0003:00001b08       ?Is_Window@@3P6GHPAUHWND__@@@ZA 5463ab08     WinObjects.obj
 0003:00001b10       ?gpLocalSecurity@@3PAU_SECURITY_ATTRIBUTES@@A 5463ab10     ConEmuCheck.obj
 0003:00001b18       ?ghWorkingModule@@3_KA     5463ab18     ConEmuCheck.obj
 0003:00001b68       ?gpConsoleInfoStr@@3PAU_CONSOLE_INFO@@A 5463ab68     Common.obj
 0003:00001b6c       ?ghConsoleSection@@3PAXA   5463ab6c     Common.obj
 0003:00001b70       ?gNullDesc@@3PAVMNullDesc@@A 5463ab70     Common.obj
 0003:00001b74       ?gbInCommonShutdown@@3HA   5463ab74     Common.obj
 0003:00001b78       ?ghHookMutex@@3PAXA        5463ab78     Common.obj
 0003:00001b7c       ?ghHeap@@3PAXA             5463ab7c     Memory.obj
 0003:00001b84       __aenvptr                  5463ab84     LIBCMT:dllcrt0.obj
 0003:00001b88       __wenvptr                  5463ab88     LIBCMT:dllcrt0.obj
 0003:00001b8c       ___error_mode              5463ab8c     LIBCMT:dllcrt0.obj
 0003:00001b90       ___app_type                5463ab90     LIBCMT:dllcrt0.obj
 0003:00001b94       _gpFlsAlloc                5463ab94     LIBCMT:tidtable.obj
 0003:00001b98       _gpFlsGetValue             5463ab98     LIBCMT:tidtable.obj
 0003:00001b9c       _gpFlsSetValue             5463ab9c     LIBCMT:tidtable.obj
 0003:00001ba0       _gpFlsFree                 5463aba0     LIBCMT:tidtable.obj
 0003:00001ba4       __maxwait                  5463aba4     LIBCMT:crtheap.obj
 0003:00001ba8       __umaskval                 5463aba8     LIBCMT:crt0dat.obj
 0003:00001bac       ___argc                    5463abac     LIBCMT:crt0dat.obj
 0003:00001bb0       ___argv                    5463abb0     LIBCMT:crt0dat.obj
 0003:00001bb4       ___wargv                   5463abb4     LIBCMT:crt0dat.obj
 0003:00001bb8       __environ                  5463abb8     LIBCMT:crt0dat.obj
 0003:00001bbc       ___initenv                 5463abbc     LIBCMT:crt0dat.obj
 0003:00001bc0       __wenviron                 5463abc0     LIBCMT:crt0dat.obj
 0003:00001bc4       ___winitenv                5463abc4     LIBCMT:crt0dat.obj
 0003:00001bc8       __pgmptr                   5463abc8     LIBCMT:crt0dat.obj
 0003:00001bcc       __wpgmptr                  5463abcc     LIBCMT:crt0dat.obj
 0003:00001bd0       __exitflag                 5463abd0     LIBCMT:crt0dat.obj
 0003:00001bd4       __C_Termination_Done       5463abd4     LIBCMT:crt0dat.obj
 0003:00001bd8       __C_Exit_Done              5463abd8     LIBCMT:crt0dat.obj
 0003:00001cec       __crtheap                  5463acec     LIBCMT:heapinit.obj
 0003:00001e40       ___locale_changed          5463ae40     LIBCMT:setlocal.obj
 0003:00001e44       ___lc_handle               5463ae44     LIBCMT:nlsdata2.obj
 0003:00001e5c       ___lc_codepage             5463ae5c     LIBCMT:nlsdata2.obj
 0003:00001e60       ___lc_collate_cp           5463ae60     LIBCMT:nlsdata2.obj
 0003:00001e68       ___mbulinfo                5463ae68     LIBCMT:mbctype.obj
 0003:00001e74       ___mbcodepage              5463ae74     LIBCMT:mbctype.obj
 0003:00001e78       ___ismbcodepage            5463ae78     LIBCMT:mbctype.obj
 0003:00001e7c       ___mblcid                  5463ae7c     LIBCMT:mbctype.obj
 0003:00001e80       ___sbh_pHeaderDefer        5463ae80     LIBCMT:sbheap.obj
 0003:00001e84       ___pInvalidArgHandler      5463ae84     LIBCMT:invarg.obj
 0003:0000219c       ?__pInconsistency@@3P6AXXZA 5463b19c     LIBCMT:hooks.obj
 0003:000021c0       ___pPurecall               5463b1c0     LIBCMT:inithelp.obj
 0003:000021c8       ?_pnhHeap@@3P6AHI@ZA       5463b1c8     LIBCMT:handler.obj
 0003:000021cc       ___lconv_static_null       5463b1cc     LIBCMT:lconv.obj
 0003:000021d8       __newmode                  5463b1d8     LIBCMT:_newmode.obj
 0003:000025dc       __debugger_hook_dummy      5463b5dc     <common>
 0003:000025e0       ___sbh_initialized         5463b5e0     <common>
 0003:000025e4       ___sbh_cntHeaderList       5463b5e4     <common>
 0003:000025e8       ___sbh_pHeaderList         5463b5e8     <common>
 0003:000025ec       ___sbh_threshold           5463b5ec     <common>
 0003:000025f0       ___sbh_pHeaderScan         5463b5f0     <common>
 0003:000025f4       ___sbh_sizeHeaderList      5463b5f4     <common>
 0003:000025f8       ___sbh_indGroupDefer       5463b5f8     <common>
 0003:000025fc       ___setlc_active            5463b5fc     <common>
 0003:00002600       ___unguarded_readlc_active 5463b600     <common>
 0003:00002604       ___active_heap             5463b604     <common>
 0003:00002608       __nhandle                  5463b608     <common>
 0003:00002620       ___pioinfo                 5463b620     <common>
 0003:00002720       __pDestructExceptionObject 5463b720     <common>
 0003:00002724       ___env_initialized         5463b724     <common>
 0003:00002728       ___onexitend               5463b728     <common>
 0003:0000272c       ___onexitbegin             5463b72c     <common>
 0003:00002730       ___mbctype_initialized     5463b730     <common>
 0003:00002734       __FPinit                   5463b734     <common>
 0003:00002738       ___dyn_tls_init_callback   5463b738     <common>
 0003:0000273c       __acmdln                   5463b73c     <common>

 entry point at        0001:0000fe1f

 Static symbols

 0001:00000090       ?StringLengthWorkerA@@YGJPBDIPAI@Z 54611090 f   ConsoleMain.obj
 0001:000000be       ?StringLengthWorkerW@@YGJPB_WIPAI@Z 546110be f   ConsoleMain.obj
 0001:000000ee       ?StringValidateDestA@@YGJPADIPAII@Z 546110ee f   ConsoleMain.obj
 0001:0000011c       ?StringValidateDestW@@YGJPA_WIPAII@Z 5461111c f   ConsoleMain.obj
 0001:0000014a       ?StringCopyWorkerA@@YGJPADIPAIPBDI@Z 5461114a f   ConsoleMain.obj
 0001:00000191       ?StringCopyWorkerW@@YGJPA_WIPAIPB_WI@Z 54611191 f   ConsoleMain.obj
 0001:00006a56       ?StringLengthWorkerW@@YGJPB_WIPAI@Z 54617a56 f   ConEmuSrv.obj
 0001:00006a86       ?StringValidateDestW@@YGJPA_WIPAII@Z 54617a86 f   ConEmuSrv.obj
 0001:00006ab4       ?StringCopyWorkerW@@YGJPA_WIPAIPB_WI@Z 54617ab4 f   ConEmuSrv.obj
 0001:00007214       ?ReadConsoleInfo@@YIHXZ    54618214 f   ConEmuSrv.obj
 0001:000085d7       ?ReadConsoleData@@YIHXZ    546195d7 f   ConEmuSrv.obj
 0001:0000a8e6       ?StringLengthWorkerW@@YGJPB_WIPAI@Z 5461b8e6 f   Injects.obj
 0001:0000a916       ?StringValidateDestW@@YGJPA_WIPAII@Z 5461b916 f   Injects.obj
 0001:0000a944       ?StringCopyWorkerW@@YGJPA_WIPAIPB_WI@Z 5461b944 f   Injects.obj
 0001:0000af55       ?StringLengthWorkerW@@YGJPB_WIPAI@Z 5461bf55 f   execute.obj
 0001:0000af85       ?StringValidateDestW@@YGJPA_WIPAII@Z 5461bf85 f   execute.obj
 0001:0000afb3       ?StringCopyWorkerW@@YGJPA_WIPAIPB_WI@Z 5461bfb3 f   execute.obj
 0001:0000b8c0       ?StringLengthWorkerW@@YGJPB_WIPAI@Z 5461c8c0 f   WinObjects.obj
 0001:0000b8f0       ?StringValidateDestW@@YGJPA_WIPAII@Z 5461c8f0 f   WinObjects.obj
 0001:0000b91e       ?StringCopyWorkerW@@YGJPA_WIPAIPB_WI@Z 5461c91e f   WinObjects.obj
 0001:0000d1a0       ?StringLengthWorkerW@@YGJPB_WIPAI@Z 5461e1a0 f   ConEmuCheck.obj
 0001:0000d1d0       ?StringValidateDestW@@YGJPA_WIPAII@Z 5461e1d0 f   ConEmuCheck.obj
 0001:0000d1fe       ?StringCopyWorkerW@@YGJPA_WIPAIPB_WI@Z 5461e1fe f   ConEmuCheck.obj
 0001:0000e48a       ?MyEnumMonitors@@YGHPAUHMONITOR__@@PAUHDC__@@PAUtagRECT@@J@Z 5461f48a f   Common.obj
 0001:0000ecc4       ?StringLengthWorkerA@@YGJPBDIPAI@Z 5461fcc4 f   Memory.obj
 0001:0000ecf2       ?StringLengthWorkerW@@YGJPB_WIPAI@Z 5461fcf2 f   Memory.obj
 0001:0000ed22       ?StringValidateDestA@@YGJPADIPAII@Z 5461fd22 f   Memory.obj
 0001:0000ed50       ?StringValidateDestW@@YGJPA_WIPAII@Z 5461fd50 f   Memory.obj
 0001:0000ed7e       ?StringCopyWorkerA@@YGJPADIPAIPBDI@Z 5461fd7e f   Memory.obj
 0001:0000edc5       ?StringCopyWorkerW@@YGJPA_WIPAIPB_WI@Z 5461fdc5 f   Memory.obj
 0001:0000f330       ?strtoxl@@YAKPB_WPAPA_WHH@Z 54620330 f   libCRT:strtol.obj
 0001:0000fab6       __onexit_nolock            54620ab6 f   LIBCMT:onexit.obj
 0001:0000fd29       ___DllMainCRTStartup       54620d29 f   LIBCMT:dllcrt0.obj
 0001:0001076d       __initterm                 5462176d f   LIBCMT:crt0dat.obj
 0001:000108ab       _doexit                    546218ab f   LIBCMT:crt0dat.obj
 0001:00010ad0       _ValidateLocalCookies      54621ad0 f   LIBCMT:chandler4.obj
 0001:000110cd       _parse_cmdline             546220cd f   LIBCMT:stdargv.obj
 0001:00011554       _xcptlookup                54622554 f   LIBCMT:winxfltr.obj
 0001:00011be3       __copytlocinfo_nolock      54622be3 f   LIBCMT:setlocal.obj
 0001:00011c09       __updatetlocinfoEx_nolock  54622c09 f   LIBCMT:setlocal.obj
 0001:00011d27       _sync_legacy_variables_lk  54622d27 f   LIBCMT:setlocal.obj
 0001:000120d4       __setlocale_get_all        546230d4 f   LIBCMT:setlocal.obj
 0001:00012482       __setlocale_set_cat        54623482 f   LIBCMT:setlocal.obj
 0001:00012784       __setlocale_nolock         54623784 f   LIBCMT:setlocal.obj
 0001:00012c20       ?CPtoLCID@@YAHH@Z          54623c20 f   LIBCMT:mbctype.obj
 0001:00012c4f       ?setSBCS@@YAXPAUthreadmbcinfostruct@@@Z 54623c4f f   LIBCMT:mbctype.obj
 0001:00012cb3       ?setSBUpLow@@YAXPAUthreadmbcinfostruct@@@Z 54623cb3 f   LIBCMT:mbctype.obj
 0001:00012f71       ?getSystemCP@@YAHH@Z       54623f71 f   LIBCMT:mbctype.obj
 0001:00015040       _ctrlevent_capture@4       54626040 f   LIBCMT:winsig.obj
 0001:000150db       _siglookup                 546260db f   LIBCMT:winsig.obj
 0001:00015954       __unwind_handler4          54626954 f   LIBCMT:exsup4.obj
 0001:00015b0b       ?x_ismbbtype_l@@YAHPAUlocaleinfo_struct@@IHH@Z 54626b0b f   LIBCMT:ismbbyte.obj
 0001:00015df7       __get_lc_time              54626df7 f   LIBCMT:inittime.obj
 0001:00016420       _fix_grouping              54627420 f   LIBCMT:initnum.obj
 0001:00016662       _fix_grouping              54627662 f   LIBCMT:initmon.obj
 0001:000173ed       ?_store_str@@YAXPADPAPADPAI@Z 546283ed f   LIBCMT:strftime.obj
 0001:0001740d       ?_store_number@@YAXHPAPADPAI@Z 5462840d f   LIBCMT:strftime.obj
 0001:00017443       ?_store_num@@YAXHHPAPADPAII@Z 54628443 f   LIBCMT:strftime.obj
 0001:000174be       ?_expandtime@@YAHPAUlocaleinfo_struct@@DPBUtm@@PAPADPAIPAU__lc_time_data@@I@Z 546284be f   LIBCMT:strftime.obj
 0001:000178a6       ?_store_winword@@YAHPAUlocaleinfo_struct@@HPBUtm@@PAPADPAIPAU__lc_time_data@@@Z 546288a6 f   LIBCMT:strftime.obj
 0001:00018138       _TranslateName             54629138 f   LIBCMT:getqloc.obj
 0001:0001819a       _GetLcidFromDefault        5462919a f   LIBCMT:getqloc.obj
 0001:000181ae       _ProcessCodePage           546291ae f   LIBCMT:getqloc.obj
 0001:00018252       _TestDefaultCountry        54629252 f   LIBCMT:getqloc.obj
 0001:00018276       _LcidFromHexString         54629276 f   LIBCMT:getqloc.obj
 0001:000182aa       _GetPrimaryLen             546292aa f   LIBCMT:getqloc.obj
 0001:000182c5       _CountryEnumProc@4         546292c5 f   LIBCMT:getqloc.obj
 0001:0001835d       _TestDefaultLanguage       5462935d f   LIBCMT:getqloc.obj
 0001:000183d1       _LangCountryEnumProc@4     546293d1 f   LIBCMT:getqloc.obj
 0001:000185a3       _LanguageEnumProc@4        546295a3 f   LIBCMT:getqloc.obj
 0001:00018664       _GetLcidFromCountry        54629664 f   LIBCMT:getqloc.obj
 0001:00018690       _GetLcidFromLangCountry    54629690 f   LIBCMT:getqloc.obj
 0001:000186f7       _GetLcidFromLanguage       546296f7 f   LIBCMT:getqloc.obj
 0001:00018924       _cmpResult                 54629924 f   LIBCMT:memcmp.obj
 0001:00018936       _cmpBYTE                   54629936 f   LIBCMT:memcmp.obj
 0001:0001894e       _cmpWORD                   5462994e f   LIBCMT:memcmp.obj
 0001:0001898e       _cmpDWORD                  5462998e f   LIBCMT:memcmp.obj
 0001:00018a06       _unaligned_memcmp          54629a06 f   LIBCMT:memcmp.obj
 0001:0001b51a       ?__crtGetStringTypeA_stat@@YAHPAUlocaleinfo_struct@@KPBDHPAGHHH@Z 5462c51a f   LIBCMT:a_str.obj
 0001:0001b820       ?strncnt@@YAHPBDH@Z        5462c820 f   LIBCMT:a_map.obj
 0001:0001b83e       ?__crtLCMapStringA_stat@@YAHPAUlocaleinfo_struct@@KKPBDHPADHHH@Z 5462c83e f   LIBCMT:a_map.obj
 0001:0001c577       ?__crtGetLocaleInfoW_stat@@YAHPAUlocaleinfo_struct@@KKPA_WHH@Z 5462d577 f   LIBCMT:w_loc.obj
 0001:0001c5c4       ?__crtGetLocaleInfoA_stat@@YAHPAUlocaleinfo_struct@@KKPADHH@Z 5462d5c4 f   LIBCMT:a_loc.obj
 0001:0001c868       __unwind_handler           5462d868 f   LIBCMT:exsup.obj
 0001:0001cb19       __tzset_nolock             5462db19 f   LIBCMT:tzset.obj
 0001:0001ce5f       _cvtdate                   5462de5f f   LIBCMT:tzset.obj
 0001:0001d056       __isindst_nolock           5462e056 f   LIBCMT:tzset.obj
 0001:0001d910       _xtoa_s@20                 5462e910 f   LIBCMT:xtoas.obj
 0001:0001da58       @x64toa_s@24               5462ea58 f   LIBCMT:xtoas.obj
 0001:0001df12       __getenv_s_helper          5462ef12 f   LIBCMT:getenv.obj
 0001:0001dfa7       __dupenv_s_helper          5462efa7 f   LIBCMT:getenv.obj
 0001:0001e4e5       ?strtoxl@@YAKPAUlocaleinfo_struct@@PBDPAPBDHH@Z 5462f4e5 f   LIBCMT:strtol.obj
 0001:0001e7a5       ?strtoxq@@YA_KPAUlocaleinfo_struct@@PBDPAPBDHH@Z 5462f7a5 f   LIBCMT:strtoq.obj
 0001:0001edd1       ?__crtGetStringTypeW_stat@@YAHPAUlocaleinfo_struct@@KPB_WHPAGHH@Z 5462fdd1 f   LIBCMT:w_str.obj
 0001:0001ee74       ?strncnt@@YAHPBDH@Z        5462fe74 f   LIBCMT:a_cmp.obj
 0001:0001ee92       ?__crtCompareStringA_stat@@YAHPAUlocaleinfo_struct@@KKPBDH1HH@Z 5462fe92 f   LIBCMT:a_cmp.obj
 0001:0001f367       _findenv                   54630367 f   LIBCMT:setenv.obj
 0001:0001f3b9       _copy_environ              546303b9 f   LIBCMT:setenv.obj
 0001:0001f8b8       ??__EghConOut@@YAXXZ       546308b8 f   ConsoleMain.obj
 0001:0001f8d3       ??__FghConOut@@YAXXZ       546308d3 f   ConsoleMain.obj
